
> orc-ds-workspace@0.0.0 build:docs
> ng build docs

❯ Building...
✔ Building...
Initial chunk files   | Names                        |  Raw size | Estimated transfer size
main-4IBOETD4.js      | main                         | 392.60 kB |               116.92 kB
polyfills-RV3JTMEC.js | polyfills                    |  35.78 kB |                11.63 kB
styles-45GNDGXW.css   | styles                       |  12.74 kB |                 1.80 kB

                      | Initial total                | 441.12 kB |               130.36 kB

Lazy chunk files      | Names                        |  Raw size | Estimated transfer size
chunk-DT90Q7fU.js     | component-doc-page-component |   2.14 MB |               376.07 kB
chunk-YkGb_kjq.js     | -                            | 368.92 kB |                40.33 kB
chunk-BWUkSq7j.js     | table-page-component         |  69.38 kB |                16.18 kB
chunk-D1obR9gE.js     | progress-page-component      |  62.35 kB |                12.06 kB
chunk-CUOqanEG.js     | docs-component               |  60.69 kB |                11.60 kB
chunk-rch4y6D2.js     | -                            |  53.31 kB |                13.84 kB
chunk-CoNQ071e.js     | slider-page-component        |  51.55 kB |                11.68 kB
chunk-67YKuGY72.js    | toast-page-component         |  51.31 kB |                10.96 kB
chunk-CDEeKd2a2.js    | select-page-component        |  49.42 kB |                11.38 kB
chunk-Dingxj-z.js     | -                            |  47.48 kB |                10.12 kB
chunk-DGkbCTG7.js     | -                            |  46.07 kB |                11.15 kB
chunk-CXD7Aoh_2.js    | tabs-page-component          |  44.42 kB |                 9.74 kB
chunk-GLaLZaLu2.js    | input-page-component         |  41.12 kB |                 9.15 kB
chunk-B87P6vBA.js     | switch-page-component        |  40.13 kB |                 8.60 kB
chunk-D8Uw2c4M.js     | home-component               |  37.20 kB |                 9.09 kB
...and 37 more lazy chunks files. Use "--verbose" to show all the files.

Application bundle generation complete. [6.029 seconds] - 2026-09-23T05:02:46.502Z

Output location: /Users/matheuscastro/Workspaces/orc_ds/dist/docs

