
> orc-ds-workspace@0.0.0 build:docs
> ng build docs

❯ Building...
✔ Building...
Initial chunk files   | Names                        |  Raw size | Estimated transfer size
main-LAZLYWJK.js      | main                         | 392.60 kB |               116.95 kB
polyfills-RV3JTMEC.js | polyfills                    |  35.78 kB |                11.63 kB
styles-45GNDGXW.css   | styles                       |  12.74 kB |                 1.80 kB

                      | Initial total                | 441.12 kB |               130.39 kB

Lazy chunk files      | Names                        |  Raw size | Estimated transfer size
chunk-u10pSnAe2.js    | component-doc-page-component |   2.14 MB |               376.04 kB
chunk-wg2QmWxt.js     | -                            | 369.09 kB |                40.36 kB
chunk-BCGs_qUt.js     | table-page-component         |  69.38 kB |                16.19 kB
chunk-BYNj1PQ2.js     | progress-page-component      |  62.35 kB |                12.04 kB
chunk-BfYznYcb.js     | docs-component               |  60.69 kB |                11.63 kB
chunk-BWJoI_TY.js     | -                            |  53.31 kB |                13.85 kB
chunk-DAPCYMCg.js     | slider-page-component        |  51.55 kB |                11.67 kB
chunk-BokyMgj42.js    | toast-page-component         |  51.31 kB |                10.99 kB
chunk-BZwnBSIu2.js    | select-page-component        |  49.42 kB |                11.40 kB
chunk-BKfTErAb.js     | -                            |  47.48 kB |                10.12 kB
chunk-6L5l37fT.js     | -                            |  46.07 kB |                11.15 kB
chunk-Cx6mAc_H2.js    | tabs-page-component          |  44.42 kB |                 9.75 kB
chunk-C5BDaxHp.js     | input-page-component         |  41.12 kB |                 9.14 kB
chunk-Cp1yX0Mu.js     | switch-page-component        |  40.13 kB |                 8.63 kB
chunk-sfxZv-kG2.js    | home-component               |  37.20 kB |                 9.10 kB
...and 37 more lazy chunks files. Use "--verbose" to show all the files.

Application bundle generation complete. [6.169 seconds] - 2026-09-23T05:16:11.271Z

Output location: /Users/matheuscastro/Workspaces/orc_ds/dist/docs

