
> orc-ds-workspace@0.0.0 build:docs
> ng build docs

❯ Building...
✔ Building...
Initial chunk files   | Names                          |  Raw size | Estimated transfer size
main-JIAEFKDS.js      | main                           | 403.10 kB |               119.36 kB
polyfills-RV3JTMEC.js | polyfills                      |  35.78 kB |                11.63 kB
styles-45GNDGXW.css   | styles                         |  12.74 kB |                 1.80 kB

                      | Initial total                  | 451.62 kB |               132.80 kB

Lazy chunk files      | Names                          |  Raw size | Estimated transfer size
chunk-B4bwPo4v2.js    | icon-catalog-preview-component |   1.84 MB |               314.98 kB
chunk-B_qGk6RN.js     | -                              | 464.39 kB |                53.32 kB
chunk-CmPOJgvq2.js    | component-doc-page-component   | 360.19 kB |                73.72 kB
chunk-C4DsFuJL.js     | table-page-component           |  69.60 kB |                16.27 kB
chunk-BdUOyOXF2.js    | progress-page-component        |  62.43 kB |                12.11 kB
chunk-B_JUY_0L.js     | menu-family-preview-component  |  60.97 kB |                 9.73 kB
chunk-CpyjaCuI.js     | docs-component                 |  60.72 kB |                11.63 kB
chunk-BaSvSGLc.js     | -                              |  53.34 kB |                13.88 kB
chunk-Bd5bG_l6.js     | slider-page-component          |  51.58 kB |                11.72 kB
chunk-BgMEgahl.js     | toast-page-component           |  51.31 kB |                10.98 kB
chunk-CENqM_xy.js     | select-page-component          |  51.25 kB |                11.84 kB
chunk-CHYybAmB.js     | -                              |  47.43 kB |                10.12 kB
chunk-D4IoExDI.js     | -                              |  46.07 kB |                11.15 kB
chunk-Cx33YAmm2.js    | tabs-page-component            |  44.43 kB |                 9.72 kB
chunk-xBktUCT82.js    | input-page-component           |  41.14 kB |                 9.15 kB
...and 39 more lazy chunks files. Use "--verbose" to show all the files.

Application bundle generation complete. [6.514 seconds] - 2026-09-23T16:50:20.475Z

Output location: /Users/matheuscastro/Workspaces/orc_ds/dist/docs

