
> orc-ds-workspace@0.0.0 build:template
> ng build template

❯ Building...
✔ Building...
Initial chunk files   | Names                    |  Raw size | Estimated transfer size
main-IRQSVPW3.js      | main                     | 341.22 kB |                90.33 kB
polyfills-RV3JTMEC.js | polyfills                |  35.78 kB |                11.63 kB
styles-LGULNILN.css   | styles                   |  13.67 kB |                 2.06 kB

                      | Initial total            | 390.67 kB |               104.02 kB

Lazy chunk files      | Names                    |  Raw size | Estimated transfer size
chunk-ZPDVPOQb.js     | crud-page-component      | 136.04 kB |                27.47 kB
chunk-BrdSLfvq.js     | -                        |  93.73 kB |                22.64 kB
chunk-CwMGN3iP.js     | settings-page-component  |  93.31 kB |                19.23 kB
chunk-BwhZfYSn.js     | -                        |  66.70 kB |                15.72 kB
chunk-8ByA-bmd.js     | dashboard-page-component |  47.65 kB |                11.02 kB
chunk-DL9fxzw4.js     | -                        |  32.09 kB |                 7.69 kB
chunk-CastNY2U.js     | -                        |  30.32 kB |                 5.51 kB
chunk-gyoD9Htq.js     | main-layout-component    |  29.01 kB |                 6.07 kB
chunk-Cu9TxWG1.js     | login-page-component     |  20.97 kB |                 5.06 kB
chunk-C6jmicRd.js     | -                        |  17.31 kB |                 3.87 kB
chunk-DdIV39Rp.js     | -                        |  12.80 kB |                 2.94 kB
chunk-BC4HG7n9.js     | -                        |  12.73 kB |                 2.94 kB
chunk-DIK2ScwS.js     | -                        |  12.00 kB |                 3.17 kB

Application bundle generation complete. [2.474 seconds] - 2026-09-23T16:50:28.001Z

Output location: /Users/matheuscastro/Workspaces/orc_ds/dist/template

