
> orc-ds-workspace@0.0.0 build:docs
> ng build docs

❯ Building...
✔ Building...
Initial chunk files   | Names                        |  Raw size | Estimated transfer size
main-GXA7R2KZ.js      | main                         | 392.64 kB |               116.97 kB
polyfills-RV3JTMEC.js | polyfills                    |  35.78 kB |                11.63 kB
styles-45GNDGXW.css   | styles                       |  12.74 kB |                 1.80 kB

                      | Initial total                | 441.16 kB |               130.41 kB

Lazy chunk files      | Names                        |  Raw size | Estimated transfer size
chunk-C1T8mLpY2.js    | component-doc-page-component |   2.14 MB |               377.35 kB
chunk-BBGb6Xb3.js     | -                            | 388.81 kB |                43.64 kB
chunk-MQUr7-dq.js     | table-page-component         |  69.38 kB |                16.16 kB
chunk-U3D4R1q8.js     | progress-page-component      |  62.37 kB |                12.05 kB
chunk-DwzEI-Sn.js     | docs-component               |  60.73 kB |                11.63 kB
chunk-By2ASzOX.js     | -                            |  53.31 kB |                13.82 kB
chunk-B01aaoRU.js     | slider-page-component        |  51.57 kB |                11.70 kB
chunk-LJSNHSeA2.js    | toast-page-component         |  51.31 kB |                11.00 kB
chunk-CSnfIN6B2.js    | select-page-component        |  49.42 kB |                11.41 kB
chunk-D5aToaW6.js     | -                            |  47.48 kB |                10.13 kB
chunk-BpmCkTwR2.js    | -                            |  46.07 kB |                11.17 kB
chunk-DTslYd5H2.js    | tabs-page-component          |  44.41 kB |                 9.75 kB
chunk-Di-n5iMd2.js    | input-page-component         |  41.14 kB |                 9.14 kB
chunk-DdVOkYR_2.js    | switch-page-component        |  40.11 kB |                 8.61 kB
chunk-das6txjj.js     | home-component               |  37.44 kB |                 9.13 kB
...and 37 more lazy chunks files. Use "--verbose" to show all the files.

Application bundle generation complete. [5.010 seconds] - 2026-09-23T07:49:19.861Z

Output location: /Users/matheuscastro/Workspaces/orc_ds/dist/docs

