
> orc-ds-workspace@0.0.0 build:docs
> ng build docs

❯ Building...
✔ Building...
Initial chunk files   | Names                        |  Raw size | Estimated transfer size
main-UYJ43BXV.js      | main                         | 392.64 kB |               117.27 kB
polyfills-RV3JTMEC.js | polyfills                    |  35.78 kB |                11.63 kB
styles-45GNDGXW.css   | styles                       |  12.74 kB |                 1.80 kB

                      | Initial total                | 441.16 kB |               130.71 kB

Lazy chunk files      | Names                        |  Raw size | Estimated transfer size
chunk-BmrIzZjg.js     | component-doc-page-component |   2.14 MB |               377.20 kB
chunk-DWwz7GP8.js     | -                            | 388.81 kB |                43.71 kB
chunk-B3cYnckM.js     | table-page-component         |  69.38 kB |                16.17 kB
chunk-DlJVQ-DU.js     | progress-page-component      |  62.37 kB |                12.07 kB
chunk-D602yWyk.js     | docs-component               |  60.73 kB |                11.64 kB
chunk-Dw9dXK-f.js     | -                            |  53.31 kB |                13.82 kB
chunk-dz5XE6aS.js     | slider-page-component        |  51.57 kB |                11.69 kB
chunk-CfpGrJ2x2.js    | toast-page-component         |  51.31 kB |                11.03 kB
chunk-BK0r9cjS2.js    | select-page-component        |  49.42 kB |                11.41 kB
chunk-BTUCz0zM.js     | -                            |  47.48 kB |                10.13 kB
chunk-CxEpzp5W.js     | -                            |  46.07 kB |                11.15 kB
chunk-BsmPsCX_2.js    | tabs-page-component          |  44.41 kB |                 9.74 kB
chunk-BalwuJi-2.js    | input-page-component         |  41.14 kB |                 9.15 kB
chunk-KyCchOYc2.js    | switch-page-component        |  40.11 kB |                 8.61 kB
chunk-5jBKlrV7.js     | home-component               |  37.44 kB |                 9.15 kB
...and 37 more lazy chunks files. Use "--verbose" to show all the files.

Application bundle generation complete. [5.680 seconds] - 2026-09-23T07:31:09.269Z

Output location: /Users/matheuscastro/Workspaces/orc_ds/dist/docs

