❯ Building...
✔ Building...
Initial chunk files   | Names                          |  Raw size | Estimated transfer size
main-NV4C5DII.js      | main                           | 403.10 kB |               119.40 kB
polyfills-RV3JTMEC.js | polyfills                      |  35.78 kB |                11.63 kB
styles-6ZWX5USP.css   | styles                         |  12.87 kB |                 1.83 kB

                      | Initial total                  | 451.75 kB |               132.86 kB

Lazy chunk files      | Names                          |  Raw size | Estimated transfer size
chunk-ClkOsW3C2.js    | icon-catalog-preview-component |   1.84 MB |               315.14 kB
chunk-7pk1Mcje.js     | -                              | 474.10 kB |                54.90 kB
chunk-CUNXzlzG2.js    | component-doc-page-component   | 362.57 kB |                73.97 kB
chunk-C-TPFUW_.js     | table-page-component           |  70.06 kB |                16.39 kB
chunk-D4oJxq-k2.js    | progress-page-component        |  62.43 kB |                12.12 kB
chunk-CN_DcDSQ.js     | menu-family-preview-component  |  60.97 kB |                 9.73 kB
chunk-DM7RGg7o.js     | docs-component                 |  60.72 kB |                11.67 kB
chunk-CXfedHzW.js     | select-page-component          |  54.37 kB |                12.39 kB
chunk-DOSaJo16.js     | -                              |  53.34 kB |                13.86 kB
chunk-B6jTWry1.js     | slider-page-component          |  51.58 kB |                11.73 kB
chunk-C8_d9LKS2.js    | toast-page-component           |  51.31 kB |                10.99 kB
chunk-Do8mGncd.js     | -                              |  47.43 kB |                10.13 kB
chunk-lxcxV-bU.js     | -                              |  46.07 kB |                11.16 kB
chunk-Dvosb-AO2.js    | tabs-page-component            |  44.43 kB |                 9.73 kB
chunk-iJgeaxZD2.js    | input-page-component           |  41.14 kB |                 9.13 kB
...and 39 more lazy chunks files. Use "--verbose" to show all the files.

Application bundle generation complete. [6.336 seconds] - 2026-09-23T23:26:53.609Z

Output location: /Users/matheuscastro/Workspaces/orc_ds/dist/docs

