
> orc-ds-workspace@0.0.0 build:template
> ng build template

❯ Building...
✔ Building...
Initial chunk files   | Names                    |  Raw size | Estimated transfer size
main-SGNJYFMS.js      | main                     | 341.22 kB |                90.35 kB
polyfills-RV3JTMEC.js | polyfills                |  35.78 kB |                11.63 kB
styles-LGULNILN.css   | styles                   |  13.67 kB |                 2.06 kB

                      | Initial total            | 390.67 kB |               104.04 kB

Lazy chunk files      | Names                    |  Raw size | Estimated transfer size
chunk--ieQjVIa.js     | crud-page-component      | 132.98 kB |                26.83 kB
chunk-5foGjRpJ.js     | -                        |  93.73 kB |                22.65 kB
chunk-BrSO6VD6.js     | settings-page-component  |  92.93 kB |                19.13 kB
chunk-DatUcE7r.js     | -                        |  66.70 kB |                15.73 kB
chunk-vHV0dHmH.js     | dashboard-page-component |  47.69 kB |                10.96 kB
chunk-bmL2DTkd.js     | -                        |  31.94 kB |                 7.66 kB
chunk-DxUs1o4-.js     | -                        |  30.32 kB |                 5.53 kB
chunk-B1J0Ymv7.js     | main-layout-component    |  29.01 kB |                 6.06 kB
chunk-mDAgm5Ir.js     | login-page-component     |  20.93 kB |                 5.05 kB
chunk-D1GIXlMP.js     | -                        |  17.31 kB |                 3.87 kB
chunk-BFQbZr_q.js     | -                        |  12.80 kB |                 2.93 kB
chunk-DqiIxtAl.js     | -                        |  12.73 kB |                 2.93 kB
chunk-BRff8JWM.js     | -                        |  11.47 kB |                 3.05 kB

Application bundle generation complete. [1.774 seconds] - 2026-09-23T06:44:16.439Z

Output location: /Users/matheuscastro/Workspaces/orc_ds/dist/template

