
> orc-ds-workspace@0.0.0 build:docs
> ng build docs

❯ Building...
✔ Building...
Initial chunk files   | Names                        |  Raw size | Estimated transfer size
main-MMARYZGP.js      | main                         | 392.61 kB |               116.93 kB
polyfills-RV3JTMEC.js | polyfills                    |  35.78 kB |                11.63 kB
styles-45GNDGXW.css   | styles                       |  12.74 kB |                 1.80 kB

                      | Initial total                | 441.13 kB |               130.37 kB

Lazy chunk files      | Names                        |  Raw size | Estimated transfer size
chunk-DDJoJwM3.js     | component-doc-page-component |   2.14 MB |               377.26 kB
chunk-C5TPzkb8.js     | -                            | 388.81 kB |                43.65 kB
chunk-JByJ9Dup2.js    | table-page-component         |  69.38 kB |                16.15 kB
chunk-D8PBd9cS.js     | progress-page-component      |  62.35 kB |                12.05 kB
chunk-BahVsQA7.js     | docs-component               |  60.69 kB |                11.62 kB
chunk-C_3Ylwc2.js     | -                            |  53.31 kB |                13.85 kB
chunk-Cd-Al6w-2.js    | slider-page-component        |  51.55 kB |                11.69 kB
chunk-Zrh7li0S2.js    | toast-page-component         |  51.31 kB |                10.97 kB
chunk-Dr1kix9E.js     | select-page-component        |  49.42 kB |                11.39 kB
chunk-DKSpt0Zh.js     | -                            |  47.48 kB |                10.13 kB
chunk-B-eeFU3H.js     | -                            |  46.07 kB |                11.15 kB
chunk-CdQoAXVm.js     | tabs-page-component          |  44.42 kB |                 9.75 kB
chunk-Bxyb9Coc.js     | input-page-component         |  41.12 kB |                 9.13 kB
chunk-Ci9BKBYf2.js    | switch-page-component        |  40.13 kB |                 8.60 kB
chunk-CZhyJ2QZ.js     | home-component               |  37.44 kB |                 9.13 kB
...and 37 more lazy chunks files. Use "--verbose" to show all the files.

Application bundle generation complete. [5.787 seconds] - 2026-09-23T06:44:07.897Z

Output location: /Users/matheuscastro/Workspaces/orc_ds/dist/docs

