
> orc-ds-workspace@0.0.0 build:docs
> ng build docs

❯ Building...
✔ Building...
Initial chunk files   | Names                          |  Raw size | Estimated transfer size
main-UEG5HKI2.js      | main                           | 403.10 kB |               119.56 kB
polyfills-RV3JTMEC.js | polyfills                      |  35.78 kB |                11.63 kB
styles-45GNDGXW.css   | styles                         |  12.74 kB |                 1.80 kB

                      | Initial total                  | 451.62 kB |               133.00 kB

Lazy chunk files      | Names                          |  Raw size | Estimated transfer size
chunk-BFk8dLl12.js    | icon-catalog-preview-component |   1.84 MB |               315.03 kB
chunk-fG4jUCdG.js     | -                              | 464.06 kB |                53.27 kB
chunk-dAbM18Y82.js    | component-doc-page-component   | 360.15 kB |                73.61 kB
chunk-Dca-2VD0.js     | table-page-component           |  69.60 kB |                16.28 kB
chunk-CKu8jLrE.js     | progress-page-component        |  62.43 kB |                12.11 kB
chunk-B1yHL2R6.js     | menu-family-preview-component  |  60.97 kB |                 9.73 kB
chunk-Chb_vOFz.js     | docs-component                 |  60.72 kB |                11.65 kB
chunk-C6kTGRSm.js     | -                              |  53.34 kB |                13.87 kB
chunk-JvGx1QJq.js     | slider-page-component          |  51.58 kB |                11.71 kB
chunk-C6WCRwwG.js     | toast-page-component           |  51.31 kB |                11.04 kB
chunk-BJwQZdhM.js     | select-page-component          |  51.25 kB |                11.81 kB
chunk-jhNdtqRw.js     | -                              |  47.43 kB |                10.13 kB
chunk-IO2Sd_ix.js     | -                              |  46.07 kB |                11.16 kB
chunk-BFCjcW0n2.js    | tabs-page-component            |  44.43 kB |                 9.74 kB
chunk-ClXfKySg2.js    | input-page-component           |  41.14 kB |                 9.14 kB
...and 39 more lazy chunks files. Use "--verbose" to show all the files.

Application bundle generation complete. [6.290 seconds] - 2026-09-23T16:10:33.601Z

Output location: /Users/matheuscastro/Workspaces/orc_ds/dist/docs

