
> orc-ds-workspace@0.0.0 build:docs
> ng build docs

❯ Building...
✔ Building...
Initial chunk files   | Names                        |  Raw size | Estimated transfer size
main-VLGAA6AN.js      | main                         | 392.64 kB |               117.05 kB
polyfills-RV3JTMEC.js | polyfills                    |  35.78 kB |                11.63 kB
styles-45GNDGXW.css   | styles                       |  12.74 kB |                 1.80 kB

                      | Initial total                | 441.16 kB |               130.49 kB

Lazy chunk files      | Names                        |  Raw size | Estimated transfer size
chunk-BnRwI5YR2.js    | component-doc-page-component |   2.14 MB |               377.44 kB
chunk-CI_UQG5j.js     | -                            | 388.81 kB |                43.70 kB
chunk-D3vWrPUF.js     | table-page-component         |  69.38 kB |                16.18 kB
chunk-IWJmY06n.js     | progress-page-component      |  62.37 kB |                12.07 kB
chunk-ByP5U-XB.js     | docs-component               |  60.73 kB |                11.63 kB
chunk-Bwa3XUlD.js     | -                            |  53.31 kB |                13.85 kB
chunk-CuqzKRh6.js     | slider-page-component        |  51.57 kB |                11.72 kB
chunk-CWSPdVP12.js    | toast-page-component         |  51.31 kB |                11.03 kB
chunk-DmefMssI2.js    | select-page-component        |  49.42 kB |                11.39 kB
chunk-C6YKVS2G.js     | -                            |  47.48 kB |                10.13 kB
chunk-CPmjW2EI2.js    | -                            |  46.07 kB |                11.16 kB
chunk-CcB8-ZuE2.js    | tabs-page-component          |  44.41 kB |                 9.77 kB
chunk-BwtZF_x42.js    | input-page-component         |  41.14 kB |                 9.16 kB
chunk-DfFrH9aI2.js    | switch-page-component        |  40.11 kB |                 8.62 kB
chunk-BS0l1fUX.js     | home-component               |  37.44 kB |                 9.13 kB
...and 37 more lazy chunks files. Use "--verbose" to show all the files.

Application bundle generation complete. [5.308 seconds] - 2026-09-23T07:40:17.159Z

Output location: /Users/matheuscastro/Workspaces/orc_ds/dist/docs

