
> orc-ds-workspace@0.0.0 build:template
> ng build template

❯ Building...
✔ Building...
Initial chunk files   | Names                    |  Raw size | Estimated transfer size
main-ZDHPHS43.js      | main                     | 341.22 kB |                90.34 kB
polyfills-RV3JTMEC.js | polyfills                |  35.78 kB |                11.63 kB
styles-LGULNILN.css   | styles                   |  13.67 kB |                 2.06 kB

                      | Initial total            | 390.67 kB |               104.03 kB

Lazy chunk files      | Names                    |  Raw size | Estimated transfer size
chunk-katZSrfc.js     | crud-page-component      | 133.82 kB |                27.01 kB
chunk-FwpIQshG.js     | -                        |  93.73 kB |                22.67 kB
chunk-CqX9KZmf.js     | settings-page-component  |  93.20 kB |                19.19 kB
chunk-DdwZPOof.js     | -                        |  66.70 kB |                15.72 kB
chunk-dM_opKEC.js     | dashboard-page-component |  47.65 kB |                10.98 kB
chunk-DBxsz6-8.js     | -                        |  32.09 kB |                 7.71 kB
chunk-CGh_YuHE.js     | -                        |  30.32 kB |                 5.50 kB
chunk-Bkb8F5B6.js     | main-layout-component    |  29.01 kB |                 6.07 kB
chunk-SuYQylDB.js     | login-page-component     |  20.97 kB |                 5.05 kB
chunk-CgV-DWaz.js     | -                        |  17.31 kB |                 3.87 kB
chunk-BBBKsBAH.js     | -                        |  12.80 kB |                 2.93 kB
chunk-Vw6jnhz_.js     | -                        |  12.73 kB |                 2.94 kB
chunk-C1fR9FXF.js     | -                        |  11.89 kB |                 3.14 kB

Application bundle generation complete. [1.647 seconds] - 2026-09-23T11:04:16.174Z

Output location: /Users/matheuscastro/Workspaces/orc_ds/dist/template

