npm warn Unknown user config "always-auth". This will stop working in the next major version of npm.

> orc-ds-workspace@0.0.0 test:lib:ci
> ng test orc-ds --watch=false --browsers=ChromeHeadlessCI

- Generating browser application bundles (phase: setup)...
✔ Browser application bundle generation complete.
[32m18 08 2026 20:06:59.759:INFO [karma-server]: [39mKarma v6.4.4 server started at http://localhost:9876/
[32m18 08 2026 20:06:59.760:INFO [launcher]: [39mLaunching browsers ChromeHeadlessCI with concurrency unlimited
[32m18 08 2026 20:06:59.764:INFO [launcher]: [39mStarting browser ChromeHeadless
[32m18 08 2026 20:07:09.020:INFO [Chrome Headless 151.0.0.0 (Linux 0.0.0)]: [39mConnected on socket 0_TxYfVf4fW-xHC4AAAB with id 21115274
Chrome Headless 151.0.0.0 (Linux 0.0.0): Executed 0 of 157 SUCCESS (0 secs / 0 secs)
[1A[2KChrome Headless 151.0.0.0 (Linux 0.0.0): Executed 1 of 157 SUCCESS (0 secs / 0.002 secs)
[1A[2KChrome Headless 151.0.0.0 (Linux 0.0.0): Executed 2 of 157 SUCCESS (0 secs / 0.098 secs)
[1A[2KChrome Headless 151.0.0.0 (Linux 0.0.0): Executed 3 of 157 SUCCESS (0 secs / 0.129 secs)
[1A[2KChrome Headless 151.0.0.0 (Linux 0.0.0): Executed 4 of 157 SUCCESS (0 secs / 0.142 secs)
[1A[2KChrome Headless 151.0.0.0 (Linux 0.0.0): Executed 5 of 157 SUCCESS (0 secs / 0.16 secs)
[1A[2KChrome Headless 151.0.0.0 (Linux 0.0.0): Executed 6 of 157 SUCCESS (0 secs / 0.172 secs)
[1A[2KChrome Headless 151.0.0.0 (Linux 0.0.0): Executed 7 of 157 SUCCESS (0 secs / 0.197 secs)
[1A[2KChrome Headless 151.0.0.0 (Linux 0.0.0): Executed 8 of 157 SUCCESS (0 secs / 0.212 secs)
[1A[2KChrome Headless 151.0.0.0 (Linux 0.0.0): Executed 9 of 157 SUCCESS (0 secs / 0.228 secs)
[1A[2KChrome Headless 151.0.0.0 (Linux 0.0.0): Executed 10 of 157 SUCCESS (0 secs / 0.256 secs)
[1A[2KChrome Headless 151.0.0.0 (Linux 0.0.0): Executed 11 of 157 SUCCESS (0 secs / 0.263 secs)
[1A[2KChrome Headless 151.0.0.0 (Linux 0.0.0): Executed 12 of 157 SUCCESS (0 secs / 0.3 secs)
[1A[2KChrome Headless 151.0.0.0 (Linux 0.0.0): Executed 13 of 157 SUCCESS (0 secs / 0.312 secs)
[1A[2KChrome Headless 151.0.0.0 (Linux 0.0.0): Executed 14 of 157 SUCCESS (0 secs / 0.326 secs)
[1A[2KChrome Headless 151.0.0.0 (Linux 0.0.0): Executed 15 of 157 SUCCESS (0 secs / 0.451 secs)
[1A[2KChrome Headless 151.0.0.0 (Linux 0.0.0): Executed 16 of 157 SUCCESS (0 secs / 0.453 secs)
[1A[2KChrome Headless 151.0.0.0 (Linux 0.0.0): Executed 17 of 157 SUCCESS (0 secs / 0.454 secs)
[1A[2KChrome Headless 151.0.0.0 (Linux 0.0.0): Executed 18 of 157 SUCCESS (0 secs / 0.462 secs)
[1A[2KChrome Headless 151.0.0.0 (Linux 0.0.0): Executed 19 of 157 SUCCESS (0 secs / 0.464 secs)
[1A[2KChrome Headless 151.0.0.0 (Linux 0.0.0): Executed 20 of 157 SUCCESS (0 secs / 0.477 secs)
[1A[2KChrome Headless 151.0.0.0 (Linux 0.0.0): Executed 21 of 157 SUCCESS (0 secs / 0.487 secs)
[1A[2KChrome Headless 151.0.0.0 (Linux 0.0.0): Executed 22 of 157 SUCCESS (0 secs / 0.497 secs)
[1A[2KChrome Headless 151.0.0.0 (Linux 0.0.0): Executed 23 of 157 SUCCESS (0 secs / 0.498 secs)
[1A[2KChrome Headless 151.0.0.0 (Linux 0.0.0): Executed 24 of 157 SUCCESS (0 secs / 0.5 secs)
[1A[2KChrome Headless 151.0.0.0 (Linux 0.0.0): Executed 25 of 157 SUCCESS (0 secs / 0.53 secs)
[1A[2KChrome Headless 151.0.0.0 (Linux 0.0.0): Executed 26 of 157 SUCCESS (0 secs / 0.539 secs)
[1A[2KChrome Headless 151.0.0.0 (Linux 0.0.0): Executed 27 of 157 SUCCESS (0 secs / 0.548 secs)
[1A[2KChrome Headless 151.0.0.0 (Linux 0.0.0): Executed 28 of 157 SUCCESS (0 secs / 0.549 secs)
[1A[2KChrome Headless 151.0.0.0 (Linux 0.0.0): Executed 29 of 157 SUCCESS (0 secs / 0.568 secs)
[1A[2KChrome Headless 151.0.0.0 (Linux 0.0.0): Executed 30 of 157 SUCCESS (0 secs / 0.581 secs)
[1A[2KChrome Headless 151.0.0.0 (Linux 0.0.0): Executed 31 of 157 SUCCESS (0 secs / 0.583 secs)
[1A[2KChrome Headless 151.0.0.0 (Linux 0.0.0): Executed 32 of 157 SUCCESS (0 secs / 0.587 secs)
[1A[2KChrome Headless 151.0.0.0 (Linux 0.0.0): Executed 33 of 157 SUCCESS (0 secs / 0.591 secs)
[1A[2KChrome Headless 151.0.0.0 (Linux 0.0.0): Executed 34 of 157 SUCCESS (0 secs / 0.595 secs)
[1A[2KChrome Headless 151.0.0.0 (Linux 0.0.0): Executed 35 of 157 SUCCESS (0 secs / 0.6 secs)
[1A[2KChrome Headless 151.0.0.0 (Linux 0.0.0): Executed 36 of 157 SUCCESS (0 secs / 0.613 secs)
[1A[2KChrome Headless 151.0.0.0 (Linux 0.0.0): Executed 37 of 157 SUCCESS (0 secs / 0.615 secs)
[1A[2KChrome Headless 151.0.0.0 (Linux 0.0.0): Executed 38 of 157 SUCCESS (0 secs / 0.621 secs)
[1A[2KChrome Headless 151.0.0.0 (Linux 0.0.0): Executed 39 of 157 SUCCESS (0 secs / 0.624 secs)
[1A[2KChrome Headless 151.0.0.0 (Linux 0.0.0): Executed 40 of 157 SUCCESS (0 secs / 0.625 secs)
[1A[2KChrome Headless 151.0.0.0 (Linux 0.0.0): Executed 41 of 157 SUCCESS (0 secs / 0.63 secs)
[1A[2KChrome Headless 151.0.0.0 (Linux 0.0.0): Executed 42 of 157 SUCCESS (0 secs / 0.654 secs)
[1A[2KChrome Headless 151.0.0.0 (Linux 0.0.0): Executed 43 of 157 SUCCESS (0 secs / 0.656 secs)
[1A[2KChrome Headless 151.0.0.0 (Linux 0.0.0): Executed 44 of 157 SUCCESS (0 secs / 0.656 secs)
[1A[2KChrome Headless 151.0.0.0 (Linux 0.0.0): Executed 45 of 157 SUCCESS (0 secs / 0.672 secs)
[1A[2KChrome Headless 151.0.0.0 (Linux 0.0.0): Executed 46 of 157 SUCCESS (0 secs / 0.677 secs)
[1A[2KChrome Headless 151.0.0.0 (Linux 0.0.0): Executed 47 of 157 SUCCESS (0 secs / 0.683 secs)
[1A[2KChrome Headless 151.0.0.0 (Linux 0.0.0): Executed 48 of 157 SUCCESS (0 secs / 0.694 secs)
[1A[2KChrome Headless 151.0.0.0 (Linux 0.0.0): Executed 49 of 157 SUCCESS (0 secs / 0.696 secs)
[1A[2KChrome Headless 151.0.0.0 (Linux 0.0.0): Executed 50 of 157 SUCCESS (0 secs / 0.7 secs)
[1A[2KChrome Headless 151.0.0.0 (Linux 0.0.0): Executed 51 of 157 SUCCESS (0 secs / 0.701 secs)
[1A[2KChrome Headless 151.0.0.0 (Linux 0.0.0): Executed 52 of 157 SUCCESS (0 secs / 0.707 secs)
[1A[2KChrome Headless 151.0.0.0 (Linux 0.0.0): Executed 53 of 157 SUCCESS (0 secs / 0.714 secs)
[1A[2KWARN: 'The 'allowSignalWrites' flag is deprecated and no longer impacts effect() (writes are always allowed)'
Chrome Headless 151.0.0.0 (Linux 0.0.0): Executed 53 of 157 SUCCESS (0 secs / 0.714 secs)
WARN: 'The 'allowSignalWrites' flag is deprecated and no longer impacts effect() (writes are always allowed)'
[1A[2KChrome Headless 151.0.0.0 (Linux 0.0.0): Executed 54 of 157 SUCCESS (0 secs / 0.725 secs)
[1A[2KChrome Headless 151.0.0.0 (Linux 0.0.0): Executed 55 of 157 SUCCESS (0 secs / 0.727 secs)
[1A[2KChrome Headless 151.0.0.0 (Linux 0.0.0): Executed 56 of 157 SUCCESS (0 secs / 0.734 secs)
[1A[2KChrome Headless 151.0.0.0 (Linux 0.0.0): Executed 57 of 157 SUCCESS (0 secs / 0.738 secs)
[1A[2KChrome Headless 151.0.0.0 (Linux 0.0.0): Executed 58 of 157 SUCCESS (0 secs / 0.747 secs)
[1A[2KWARN: 'The 'allowSignalWrites' flag is deprecated and no longer impacts effect() (writes are always allowed)'
Chrome Headless 151.0.0.0 (Linux 0.0.0): Executed 58 of 157 SUCCESS (0 secs / 0.747 secs)
WARN: 'The 'allowSignalWrites' flag is deprecated and no longer impacts effect() (writes are always allowed)'
[1A[2KChrome Headless 151.0.0.0 (Linux 0.0.0): Executed 59 of 157 SUCCESS (0 secs / 0.761 secs)
[1A[2KChrome Headless 151.0.0.0 (Linux 0.0.0): Executed 60 of 157 SUCCESS (0 secs / 0.781 secs)
[1A[2KChrome Headless 151.0.0.0 (Linux 0.0.0): Executed 61 of 157 SUCCESS (0 secs / 0.783 secs)
[1A[2KChrome Headless 151.0.0.0 (Linux 0.0.0): Executed 62 of 157 SUCCESS (0 secs / 0.787 secs)
[1A[2KChrome Headless 151.0.0.0 (Linux 0.0.0): Executed 63 of 157 SUCCESS (0 secs / 0.789 secs)
[1A[2KChrome Headless 151.0.0.0 (Linux 0.0.0): Executed 64 of 157 SUCCESS (0 secs / 0.79 secs)
[1A[2KChrome Headless 151.0.0.0 (Linux 0.0.0): Executed 65 of 157 SUCCESS (0 secs / 0.791 secs)
[1A[2KChrome Headless 151.0.0.0 (Linux 0.0.0): Executed 66 of 157 SUCCESS (0 secs / 0.793 secs)
[1A[2KChrome Headless 151.0.0.0 (Linux 0.0.0): Executed 67 of 157 SUCCESS (0 secs / 0.801 secs)
[1A[2KChrome Headless 151.0.0.0 (Linux 0.0.0): Executed 68 of 157 SUCCESS (0 secs / 0.808 secs)
[1A[2KChrome Headless 151.0.0.0 (Linux 0.0.0): Executed 69 of 157 SUCCESS (0 secs / 0.81 secs)
[1A[2KChrome Headless 151.0.0.0 (Linux 0.0.0): Executed 70 of 157 SUCCESS (0 secs / 0.812 secs)
[1A[2KChrome Headless 151.0.0.0 (Linux 0.0.0): Executed 71 of 157 SUCCESS (0 secs / 0.871 secs)
[1A[2KChrome Headless 151.0.0.0 (Linux 0.0.0): Executed 72 of 157 SUCCESS (0 secs / 0.873 secs)
[1A[2KChrome Headless 151.0.0.0 (Linux 0.0.0): Executed 73 of 157 SUCCESS (0 secs / 0.88 secs)
[1A[2KChrome Headless 151.0.0.0 (Linux 0.0.0): Executed 74 of 157 SUCCESS (0 secs / 0.885 secs)
[1A[2KChrome Headless 151.0.0.0 (Linux 0.0.0): Executed 75 of 157 SUCCESS (0 secs / 0.9 secs)
[1A[2KChrome Headless 151.0.0.0 (Linux 0.0.0): Executed 76 of 157 SUCCESS (0 secs / 0.902 secs)
[1A[2KChrome Headless 151.0.0.0 (Linux 0.0.0): Executed 77 of 157 SUCCESS (0 secs / 0.907 secs)
[1A[2KChrome Headless 151.0.0.0 (Linux 0.0.0): Executed 78 of 157 SUCCESS (0 secs / 0.913 secs)
[1A[2KChrome Headless 151.0.0.0 (Linux 0.0.0): Executed 79 of 157 SUCCESS (0 secs / 0.915 secs)
[1A[2KChrome Headless 151.0.0.0 (Linux 0.0.0): Executed 80 of 157 SUCCESS (0 secs / 0.923 secs)
[1A[2KChrome Headless 151.0.0.0 (Linux 0.0.0): Executed 81 of 157 SUCCESS (0 secs / 0.929 secs)
[1A[2KChrome Headless 151.0.0.0 (Linux 0.0.0): Executed 82 of 157 SUCCESS (0 secs / 0.935 secs)
[1A[2KWARN: 'NG0953: Unexpected emit for destroyed `OutputRef`. The owning directive/component is destroyed.'
Chrome Headless 151.0.0.0 (Linux 0.0.0): Executed 82 of 157 SUCCESS (0 secs / 0.935 secs)
WARN: 'NG0953: Unexpected emit for destroyed `OutputRef`. The owning directive/component is destroyed.'
[1A[2KChrome Headless 151.0.0.0 (Linux 0.0.0): Executed 83 of 157 SUCCESS (0 secs / 0.937 secs)
[1A[2KChrome Headless 151.0.0.0 (Linux 0.0.0): Executed 84 of 157 SUCCESS (0 secs / 0.939 secs)
[1A[2KChrome Headless 151.0.0.0 (Linux 0.0.0): Executed 85 of 157 SUCCESS (0 secs / 0.94 secs)
[1A[2KChrome Headless 151.0.0.0 (Linux 0.0.0): Executed 86 of 157 SUCCESS (0 secs / 0.941 secs)
[1A[2KChrome Headless 151.0.0.0 (Linux 0.0.0): Executed 87 of 157 SUCCESS (0 secs / 0.955 secs)
[1A[2KChrome Headless 151.0.0.0 (Linux 0.0.0): Executed 88 of 157 SUCCESS (0 secs / 0.964 secs)
[1A[2KChrome Headless 151.0.0.0 (Linux 0.0.0): Executed 89 of 157 SUCCESS (0 secs / 0.965 secs)
[1A[2KChrome Headless 151.0.0.0 (Linux 0.0.0): Executed 90 of 157 SUCCESS (0 secs / 0.971 secs)
[1A[2KChrome Headless 151.0.0.0 (Linux 0.0.0): Executed 91 of 157 SUCCESS (0 secs / 0.972 secs)
[1A[2KChrome Headless 151.0.0.0 (Linux 0.0.0): Executed 92 of 157 SUCCESS (0 secs / 0.973 secs)
[1A[2KChrome Headless 151.0.0.0 (Linux 0.0.0): Executed 93 of 157 SUCCESS (0 secs / 0.975 secs)
[1A[2KChrome Headless 151.0.0.0 (Linux 0.0.0): Executed 94 of 157 SUCCESS (0 secs / 0.992 secs)
[1A[2KWARN: 'The 'allowSignalWrites' flag is deprecated and no longer impacts effect() (writes are always allowed)'
Chrome Headless 151.0.0.0 (Linux 0.0.0): Executed 94 of 157 SUCCESS (0 secs / 0.992 secs)
WARN: 'The 'allowSignalWrites' flag is deprecated and no longer impacts effect() (writes are always allowed)'
[1A[2KChrome Headless 151.0.0.0 (Linux 0.0.0): Executed 95 of 157 SUCCESS (0 secs / 0.994 secs)
[1A[2KChrome Headless 151.0.0.0 (Linux 0.0.0): Executed 96 of 157 SUCCESS (0 secs / 0.996 secs)
[1A[2KChrome Headless 151.0.0.0 (Linux 0.0.0): Executed 97 of 157 SUCCESS (0 secs / 0.998 secs)
[1A[2KChrome Headless 151.0.0.0 (Linux 0.0.0): Executed 98 of 157 SUCCESS (0 secs / 0.999 secs)
[1A[2KChrome Headless 151.0.0.0 (Linux 0.0.0): Executed 99 of 157 SUCCESS (0 secs / 1.002 secs)
[1A[2KChrome Headless 151.0.0.0 (Linux 0.0.0): Executed 100 of 157 SUCCESS (0 secs / 1.004 secs)
[1A[2KChrome Headless 151.0.0.0 (Linux 0.0.0): Executed 101 of 157 SUCCESS (0 secs / 1.009 secs)
[1A[2KChrome Headless 151.0.0.0 (Linux 0.0.0): Executed 102 of 157 SUCCESS (0 secs / 1.01 secs)
[1A[2KWARN: 'The 'allowSignalWrites' flag is deprecated and no longer impacts effect() (writes are always allowed)'
Chrome Headless 151.0.0.0 (Linux 0.0.0): Executed 102 of 157 SUCCESS (0 secs / 1.01 secs)
WARN: 'The 'allowSignalWrites' flag is deprecated and no longer impacts effect() (writes are always allowed)'
[1A[2KChrome Headless 151.0.0.0 (Linux 0.0.0): Executed 103 of 157 SUCCESS (0 secs / 1.011 secs)
[1A[2KChrome Headless 151.0.0.0 (Linux 0.0.0): Executed 104 of 157 SUCCESS (0 secs / 1.016 secs)
[1A[2KChrome Headless 151.0.0.0 (Linux 0.0.0): Executed 105 of 157 SUCCESS (0 secs / 1.022 secs)
[1A[2KChrome Headless 151.0.0.0 (Linux 0.0.0): Executed 106 of 157 SUCCESS (0 secs / 1.027 secs)
[1A[2KChrome Headless 151.0.0.0 (Linux 0.0.0): Executed 107 of 157 SUCCESS (0 secs / 1.039 secs)
[1A[2KChrome Headless 151.0.0.0 (Linux 0.0.0): Executed 108 of 157 SUCCESS (0 secs / 1.04 secs)
[1A[2KChrome Headless 151.0.0.0 (Linux 0.0.0): Executed 109 of 157 SUCCESS (0 secs / 1.042 secs)
[1A[2KChrome Headless 151.0.0.0 (Linux 0.0.0): Executed 110 of 157 SUCCESS (0 secs / 1.043 secs)
[1A[2KChrome Headless 151.0.0.0 (Linux 0.0.0): Executed 111 of 157 SUCCESS (0 secs / 1.044 secs)
[1A[2KChrome Headless 151.0.0.0 (Linux 0.0.0): Executed 112 of 157 SUCCESS (0 secs / 1.052 secs)
[1A[2KChrome Headless 151.0.0.0 (Linux 0.0.0): Executed 113 of 157 SUCCESS (0 secs / 1.054 secs)
[1A[2KChrome Headless 151.0.0.0 (Linux 0.0.0): Executed 114 of 157 SUCCESS (0 secs / 1.057 secs)
[1A[2KChrome Headless 151.0.0.0 (Linux 0.0.0): Executed 115 of 157 SUCCESS (0 secs / 1.103 secs)
[1A[2KChrome Headless 151.0.0.0 (Linux 0.0.0): Executed 116 of 157 SUCCESS (0 secs / 1.105 secs)
[1A[2KChrome Headless 151.0.0.0 (Linux 0.0.0): Executed 117 of 157 SUCCESS (0 secs / 1.107 secs)
[1A[2KChrome Headless 151.0.0.0 (Linux 0.0.0): Executed 118 of 157 SUCCESS (0 secs / 1.109 secs)
[1A[2KChrome Headless 151.0.0.0 (Linux 0.0.0): Executed 119 of 157 SUCCESS (0 secs / 1.11 secs)
[1A[2KChrome Headless 151.0.0.0 (Linux 0.0.0): Executed 120 of 157 SUCCESS (0 secs / 1.113 secs)
[1A[2KChrome Headless 151.0.0.0 (Linux 0.0.0): Executed 121 of 157 SUCCESS (0 secs / 1.115 secs)
[1A[2KChrome Headless 151.0.0.0 (Linux 0.0.0): Executed 122 of 157 SUCCESS (0 secs / 1.123 secs)
[1A[2KChrome Headless 151.0.0.0 (Linux 0.0.0): Executed 123 of 157 SUCCESS (0 secs / 1.13 secs)
[1A[2KChrome Headless 151.0.0.0 (Linux 0.0.0): Executed 124 of 157 SUCCESS (0 secs / 1.133 secs)
[1A[2KChrome Headless 151.0.0.0 (Linux 0.0.0): Executed 125 of 157 SUCCESS (0 secs / 1.134 secs)
[1A[2KChrome Headless 151.0.0.0 (Linux 0.0.0): Executed 126 of 157 SUCCESS (0 secs / 1.135 secs)
[1A[2KChrome Headless 151.0.0.0 (Linux 0.0.0): Executed 127 of 157 SUCCESS (0 secs / 1.138 secs)
[1A[2KChrome Headless 151.0.0.0 (Linux 0.0.0): Executed 128 of 157 SUCCESS (0 secs / 1.139 secs)
[1A[2KChrome Headless 151.0.0.0 (Linux 0.0.0): Executed 129 of 157 SUCCESS (0 secs / 1.14 secs)
[1A[2KChrome Headless 151.0.0.0 (Linux 0.0.0): Executed 130 of 157 SUCCESS (0 secs / 1.154 secs)
[1A[2KChrome Headless 151.0.0.0 (Linux 0.0.0): Executed 131 of 157 SUCCESS (0 secs / 1.157 secs)
[1A[2KChrome Headless 151.0.0.0 (Linux 0.0.0): Executed 132 of 157 SUCCESS (0 secs / 1.162 secs)
[1A[2KChrome Headless 151.0.0.0 (Linux 0.0.0): Executed 133 of 157 SUCCESS (0 secs / 1.164 secs)
[1A[2KChrome Headless 151.0.0.0 (Linux 0.0.0): Executed 134 of 157 SUCCESS (0 secs / 1.166 secs)
[1A[2KChrome Headless 151.0.0.0 (Linux 0.0.0): Executed 135 of 157 SUCCESS (0 secs / 1.167 secs)
[1A[2KChrome Headless 151.0.0.0 (Linux 0.0.0): Executed 136 of 157 SUCCESS (0 secs / 1.218 secs)
[1A[2KChrome Headless 151.0.0.0 (Linux 0.0.0): Executed 137 of 157 SUCCESS (0 secs / 1.226 secs)
[1A[2KChrome Headless 151.0.0.0 (Linux 0.0.0): Executed 138 of 157 SUCCESS (0 secs / 1.228 secs)
[1A[2KChrome Headless 151.0.0.0 (Linux 0.0.0): Executed 139 of 157 SUCCESS (0 secs / 1.237 secs)
[1A[2KChrome Headless 151.0.0.0 (Linux 0.0.0): Executed 140 of 157 SUCCESS (0 secs / 1.24 secs)
[1A[2KChrome Headless 151.0.0.0 (Linux 0.0.0): Executed 141 of 157 SUCCESS (0 secs / 1.242 secs)
[1A[2KChrome Headless 151.0.0.0 (Linux 0.0.0): Executed 142 of 157 SUCCESS (0 secs / 1.248 secs)
[1A[2KChrome Headless 151.0.0.0 (Linux 0.0.0): Executed 143 of 157 SUCCESS (0 secs / 1.252 secs)
[1A[2KChrome Headless 151.0.0.0 (Linux 0.0.0): Executed 144 of 157 SUCCESS (0 secs / 1.254 secs)
[1A[2KChrome Headless 151.0.0.0 (Linux 0.0.0): Executed 145 of 157 SUCCESS (0 secs / 1.262 secs)
[1A[2KChrome Headless 151.0.0.0 (Linux 0.0.0): Executed 146 of 157 SUCCESS (0 secs / 1.27 secs)
[1A[2KChrome Headless 151.0.0.0 (Linux 0.0.0): Executed 147 of 157 SUCCESS (0 secs / 1.274 secs)
[1A[2KChrome Headless 151.0.0.0 (Linux 0.0.0): Executed 148 of 157 SUCCESS (0 secs / 1.276 secs)
[1A[2KChrome Headless 151.0.0.0 (Linux 0.0.0): Executed 149 of 157 SUCCESS (0 secs / 1.277 secs)
[1A[2KChrome Headless 151.0.0.0 (Linux 0.0.0): Executed 150 of 157 SUCCESS (0 secs / 1.281 secs)
[1A[2KChrome Headless 151.0.0.0 (Linux 0.0.0): Executed 151 of 157 SUCCESS (0 secs / 1.282 secs)
[1A[2KChrome Headless 151.0.0.0 (Linux 0.0.0): Executed 152 of 157 SUCCESS (0 secs / 1.283 secs)
[1A[2KChrome Headless 151.0.0.0 (Linux 0.0.0): Executed 153 of 157 SUCCESS (0 secs / 1.288 secs)
[1A[2KChrome Headless 151.0.0.0 (Linux 0.0.0): Executed 154 of 157 SUCCESS (0 secs / 1.294 secs)
[1A[2KChrome Headless 151.0.0.0 (Linux 0.0.0): Executed 155 of 157 SUCCESS (0 secs / 1.298 secs)
[1A[2KChrome Headless 151.0.0.0 (Linux 0.0.0): Executed 156 of 157 SUCCESS (0 secs / 1.302 secs)
[1A[2KChrome Headless 151.0.0.0 (Linux 0.0.0): Executed 157 of 157 SUCCESS (0 secs / 1.304 secs)
[1A[2KChrome Headless 151.0.0.0 (Linux 0.0.0): Executed 157 of 157 SUCCESS (1.412 secs / 1.304 secs)
TOTAL: 157 SUCCESS
✔ Browser application bundle generation complete.
✔ Browser application bundle generation complete.
