
> orc-ds-workspace@0.0.0 build:docs
> ng build docs

❯ Building...
✔ Building...
Initial chunk files   | Names                        |  Raw size | Estimated transfer size
main-IKI2VOSH.js      | main                         | 392.64 kB |               116.94 kB
polyfills-RV3JTMEC.js | polyfills                    |  35.78 kB |                11.63 kB
styles-45GNDGXW.css   | styles                       |  12.74 kB |                 1.80 kB

                      | Initial total                | 441.16 kB |               130.38 kB

Lazy chunk files      | Names                        |  Raw size | Estimated transfer size
chunk-DT_8efL0.js     | component-doc-page-component |   2.15 MB |               378.65 kB
chunk-CsjB5cBL.js     | -                            | 409.69 kB |                46.03 kB
chunk-BSswolEy.js     | table-page-component         |  69.55 kB |                16.25 kB
chunk-CKUwsg_C.js     | progress-page-component      |  62.37 kB |                12.05 kB
chunk-D-Bd_z6D.js     | docs-component               |  60.73 kB |                11.66 kB
chunk-DL8NXBlj.js     | -                            |  53.31 kB |                13.85 kB
chunk-ypzZsuuq.js     | slider-page-component        |  51.57 kB |                11.71 kB
chunk-CsotqhlG2.js    | toast-page-component         |  51.31 kB |                10.98 kB
chunk-DcfyN0lF2.js    | select-page-component        |  50.27 kB |                11.64 kB
chunk-BcBCUtKo.js     | -                            |  47.48 kB |                10.13 kB
chunk-D4exzjSx.js     | -                            |  46.07 kB |                11.15 kB
chunk-DNF2P0522.js    | tabs-page-component          |  44.43 kB |                 9.74 kB
chunk-CV2opY79.js     | input-page-component         |  41.14 kB |                 9.15 kB
chunk-CrdDbRRf2.js    | switch-page-component        |  40.11 kB |                 8.60 kB
chunk-BTx-L8y-2.js    | home-component               |  37.72 kB |                 9.17 kB
...and 37 more lazy chunks files. Use "--verbose" to show all the files.

Application bundle generation complete. [5.709 seconds] - 2026-09-23T11:28:08.044Z

Output location: /Users/matheuscastro/Workspaces/orc_ds/dist/docs

