
> orc-ds-workspace@0.0.0 build:docs
> ng build docs

❯ Building...
✔ Building...
Initial chunk files   | Names                        |  Raw size | Estimated transfer size
main-AE6ZGLW5.js      | main                         | 392.64 kB |               116.97 kB
polyfills-RV3JTMEC.js | polyfills                    |  35.78 kB |                11.63 kB
styles-45GNDGXW.css   | styles                       |  12.74 kB |                 1.80 kB

                      | Initial total                | 441.16 kB |               130.41 kB

Lazy chunk files      | Names                        |  Raw size | Estimated transfer size
chunk-DbW4x-qv.js     | component-doc-page-component |   2.17 MB |               381.93 kB
chunk-CASYQ1Bd.js     | -                            | 410.37 kB |                46.19 kB
chunk-BC1zO2N4.js     | table-page-component         |  69.55 kB |                16.25 kB
chunk-BjJgRMWG.js     | progress-page-component      |  62.49 kB |                12.11 kB
chunk-Bt6eQbqT.js     | docs-component               |  60.73 kB |                11.64 kB
chunk-BXJ_7O2-.js     | -                            |  53.31 kB |                13.82 kB
chunk-Swdx74kL.js     | slider-page-component        |  51.57 kB |                11.71 kB
chunk-q6mfofej2.js    | toast-page-component         |  51.31 kB |                10.99 kB
chunk-FfF7FEnt2.js    | select-page-component        |  50.27 kB |                11.60 kB
chunk-wxy4OZ42.js     | -                            |  47.48 kB |                10.13 kB
chunk-Cu3xDM8O.js     | -                            |  46.07 kB |                11.15 kB
chunk-CPyjuONe2.js    | tabs-page-component          |  44.43 kB |                 9.75 kB
chunk-BKpFjtCV.js     | input-page-component         |  41.14 kB |                 9.14 kB
chunk-CdkBnAwJ2.js    | switch-page-component        |  40.11 kB |                 8.61 kB
chunk-DzgfoFvW2.js    | home-component               |  38.50 kB |                 9.34 kB
...and 37 more lazy chunks files. Use "--verbose" to show all the files.

Application bundle generation complete. [5.778 seconds] - 2026-09-23T12:58:00.934Z

Output location: /Users/matheuscastro/Workspaces/orc_ds/dist/docs

