
> orc-ds-workspace@0.0.0 build:docs
> ng build docs

❯ Building...
✔ Building...
Initial chunk files   | Names                        |  Raw size | Estimated transfer size
main-LQPOZ7UV.js      | main                         | 392.64 kB |               116.96 kB
polyfills-RV3JTMEC.js | polyfills                    |  35.78 kB |                11.63 kB
styles-45GNDGXW.css   | styles                       |  12.74 kB |                 1.80 kB

                      | Initial total                | 441.16 kB |               130.40 kB

Lazy chunk files      | Names                        |  Raw size | Estimated transfer size
chunk-DXADwtok.js     | component-doc-page-component |   2.14 MB |               377.21 kB
chunk-iQaU8mgQ.js     | -                            | 388.81 kB |                43.68 kB
chunk-Chs464ZQ.js     | table-page-component         |  69.38 kB |                16.18 kB
chunk-V1oc-eNR.js     | progress-page-component      |  62.37 kB |                12.04 kB
chunk-DPV8hs0W.js     | docs-component               |  60.73 kB |                11.66 kB
chunk-CIRH3P66.js     | -                            |  53.31 kB |                13.84 kB
chunk-BzBiT8sJ.js     | slider-page-component        |  51.57 kB |                11.68 kB
chunk-D__Y8qqW2.js    | toast-page-component         |  51.31 kB |                10.99 kB
chunk-BlFs1mB32.js    | select-page-component        |  49.42 kB |                11.37 kB
chunk-C4JyZ3hv.js     | -                            |  47.48 kB |                10.13 kB
chunk-DQkFnT-i.js     | -                            |  46.07 kB |                11.15 kB
chunk-CLQn2R0x2.js    | tabs-page-component          |  44.41 kB |                 9.74 kB
chunk-BSBhK7c52.js    | input-page-component         |  41.14 kB |                 9.15 kB
chunk-BFeCev_x2.js    | switch-page-component        |  40.11 kB |                 8.59 kB
chunk-D8unBi1x.js     | home-component               |  37.44 kB |                 9.15 kB
...and 37 more lazy chunks files. Use "--verbose" to show all the files.

Application bundle generation complete. [5.026 seconds] - 2026-09-23T07:14:03.835Z

Output location: /Users/matheuscastro/Workspaces/orc_ds/dist/docs

