
> orc-ds-workspace@0.0.0 build:template
> ng build template

❯ Building...
✔ Building...
Initial chunk files   | Names                    |  Raw size | Estimated transfer size
main-Z72UAVRL.js      | main                     | 341.22 kB |                90.38 kB
polyfills-RV3JTMEC.js | polyfills                |  35.78 kB |                11.63 kB
styles-LGULNILN.css   | styles                   |  13.67 kB |                 2.06 kB

                      | Initial total            | 390.67 kB |               104.07 kB

Lazy chunk files      | Names                    |  Raw size | Estimated transfer size
chunk-LyFOyMND.js     | crud-page-component      | 132.98 kB |                26.81 kB
chunk-R6up4zto.js     | -                        |  93.73 kB |                22.63 kB
chunk-BHOXhDz3.js     | settings-page-component  |  93.14 kB |                19.17 kB
chunk-DfV6NRsN.js     | -                        |  66.70 kB |                15.72 kB
chunk-BG3rAA90.js     | dashboard-page-component |  47.69 kB |                10.96 kB
chunk-D3OKN36M.js     | -                        |  31.94 kB |                 7.66 kB
chunk-DBMtbC7P.js     | -                        |  30.32 kB |                 5.50 kB
chunk-DVyAxqvN.js     | main-layout-component    |  29.01 kB |                 6.07 kB
chunk-DieV2gSV.js     | login-page-component     |  20.97 kB |                 5.06 kB
chunk-BDLVcWPf.js     | -                        |  17.31 kB |                 3.87 kB
chunk-C9BBx0CM.js     | -                        |  12.80 kB |                 2.93 kB
chunk-BViAIkqC.js     | -                        |  12.73 kB |                 2.93 kB
chunk-VyuIndOK.js     | -                        |  11.47 kB |                 3.05 kB

Application bundle generation complete. [1.822 seconds] - 2026-09-23T07:14:11.009Z

Output location: /Users/matheuscastro/Workspaces/orc_ds/dist/template

