
> orc-ds-workspace@0.0.0 build:template
> ng build template

❯ Building...
✔ Building...
Initial chunk files   | Names                    |  Raw size | Estimated transfer size
main-PYRAQSZP.js      | main                     | 341.22 kB |                90.44 kB
polyfills-RV3JTMEC.js | polyfills                |  35.78 kB |                11.63 kB
styles-LGULNILN.css   | styles                   |  13.67 kB |                 2.06 kB

                      | Initial total            | 390.67 kB |               104.13 kB

Lazy chunk files      | Names                    |  Raw size | Estimated transfer size
chunk-CUbB7aJH.js     | crud-page-component      | 133.82 kB |                26.98 kB
chunk-DsXTOQqD.js     | -                        |  93.73 kB |                22.65 kB
chunk-BFA4MK71.js     | settings-page-component  |  93.20 kB |                19.22 kB
chunk-jWgizziO.js     | -                        |  66.70 kB |                15.73 kB
chunk-C_NPIiGA.js     | dashboard-page-component |  47.65 kB |                10.99 kB
chunk-Cdezlivg.js     | -                        |  32.09 kB |                 7.69 kB
chunk-NjjH-1FR.js     | -                        |  30.32 kB |                 5.50 kB
chunk-uJkRSjst.js     | main-layout-component    |  29.01 kB |                 6.08 kB
chunk-u_JjoWMF.js     | login-page-component     |  20.97 kB |                 5.07 kB
chunk-IYU3d0mZ.js     | -                        |  17.31 kB |                 3.87 kB
chunk-Cbst7ijN.js     | -                        |  12.80 kB |                 2.93 kB
chunk-CPAPVPBc.js     | -                        |  12.73 kB |                 2.93 kB
chunk-B0ID-fMB.js     | -                        |  12.00 kB |                 3.17 kB

Application bundle generation complete. [1.630 seconds] - 2026-09-23T12:38:20.783Z

Output location: /Users/matheuscastro/Workspaces/orc_ds/dist/template

