
> orc-ds-workspace@0.0.0 build:template
> ng build template

❯ Building...
✔ Building...
Initial chunk files   | Names                    |  Raw size | Estimated transfer size
main-V2SZXRBZ.js      | main                     | 341.22 kB |                90.40 kB
polyfills-RV3JTMEC.js | polyfills                |  35.78 kB |                11.63 kB
styles-LGULNILN.css   | styles                   |  13.67 kB |                 2.06 kB

                      | Initial total            | 390.67 kB |               104.09 kB

Lazy chunk files      | Names                    |  Raw size | Estimated transfer size
chunk-Dby6njZH.js     | crud-page-component      | 132.98 kB |                26.82 kB
chunk-BVuWcE_R.js     | -                        |  93.73 kB |                22.66 kB
chunk-B0kdMnBk.js     | settings-page-component  |  92.93 kB |                19.16 kB
chunk-v4jnZpw2.js     | -                        |  66.70 kB |                15.74 kB
chunk-DTpCI07r.js     | dashboard-page-component |  47.69 kB |                10.97 kB
chunk-Bq72gvg2.js     | -                        |  31.94 kB |                 7.64 kB
chunk-DOz2-Al0.js     | -                        |  30.32 kB |                 5.50 kB
chunk-55em9DwN.js     | main-layout-component    |  29.01 kB |                 6.07 kB
chunk-DxK8IqwP.js     | login-page-component     |  20.97 kB |                 5.06 kB
chunk-B3aRcNKr.js     | -                        |  17.31 kB |                 3.87 kB
chunk-B1q1yHmt.js     | -                        |  12.80 kB |                 2.93 kB
chunk-DodrF6VL.js     | -                        |  12.73 kB |                 2.94 kB
chunk-hYuO1b_j.js     | -                        |  11.47 kB |                 3.05 kB

Application bundle generation complete. [1.689 seconds] - 2026-09-23T07:05:43.052Z

Output location: /Users/matheuscastro/Workspaces/orc_ds/dist/template

