
> orc-ds-workspace@0.0.0 build:docs
> ng build docs

❯ Building...
✔ Building...
Initial chunk files   | Names                          |  Raw size | Estimated transfer size
main-7ZLTY5TH.js      | main                           | 403.10 kB |               119.32 kB
polyfills-RV3JTMEC.js | polyfills                      |  35.78 kB |                11.63 kB
styles-45GNDGXW.css   | styles                         |  12.74 kB |                 1.80 kB

                      | Initial total                  | 451.62 kB |               132.76 kB

Lazy chunk files      | Names                          |  Raw size | Estimated transfer size
chunk-B3R3lH8V2.js    | icon-catalog-preview-component |   1.84 MB |               315.01 kB
chunk-Dy-um5hL.js     | -                              | 464.45 kB |                53.31 kB
chunk-BB7HX2JP2.js    | component-doc-page-component   | 360.20 kB |                73.69 kB
chunk-D1rlPxXO.js     | table-page-component           |  69.60 kB |                16.25 kB
chunk-BfR5gyuY.js     | progress-page-component        |  62.43 kB |                12.13 kB
chunk-DcXKMWto.js     | menu-family-preview-component  |  60.97 kB |                 9.74 kB
chunk-C0yfMp6K.js     | docs-component                 |  60.72 kB |                11.66 kB
chunk-Dv4ZW3ie.js     | -                              |  53.34 kB |                13.87 kB
chunk-DXJmKMvU.js     | slider-page-component          |  51.58 kB |                11.69 kB
chunk-BV0yEfew.js     | toast-page-component           |  51.31 kB |                10.99 kB
chunk-BP7NOrPT2.js    | select-page-component          |  51.23 kB |                11.81 kB
chunk-ygCsdJWp.js     | -                              |  47.43 kB |                10.12 kB
chunk-boy2WqhX2.js    | -                              |  46.07 kB |                11.16 kB
chunk-C1DsRV7D2.js    | tabs-page-component            |  44.43 kB |                 9.73 kB
chunk-BQr6SKBw2.js    | input-page-component           |  41.14 kB |                 9.15 kB
...and 39 more lazy chunks files. Use "--verbose" to show all the files.

Application bundle generation complete. [6.043 seconds] - 2026-09-23T17:09:27.089Z

Output location: /Users/matheuscastro/Workspaces/orc_ds/dist/docs


GATE_EXIT_CODE=0
