
> orc-ds-workspace@0.0.0 build:docs
> ng build docs

❯ Building...
✔ Building...
Initial chunk files   | Names                          |  Raw size | Estimated transfer size
main-HRLMIRYZ.js      | main                           | 403.10 kB |               119.32 kB
polyfills-RV3JTMEC.js | polyfills                      |  35.78 kB |                11.63 kB
styles-6ZWX5USP.css   | styles                         |  12.87 kB |                 1.83 kB

                      | Initial total                  | 451.75 kB |               132.78 kB

Lazy chunk files      | Names                          |  Raw size | Estimated transfer size
chunk-E_6S0QLS2.js    | icon-catalog-preview-component |   1.84 MB |               314.98 kB
chunk-C-U5jMmg.js     | -                              | 474.10 kB |                54.93 kB
chunk-CpRanOR7.js     | component-doc-page-component   | 362.57 kB |                73.95 kB
chunk-B_egwv7a.js     | table-page-component           |  70.06 kB |                16.35 kB
chunk-CCGpT_lI2.js    | progress-page-component        |  62.43 kB |                12.11 kB
chunk-B1-jDeLX.js     | menu-family-preview-component  |  60.97 kB |                 9.72 kB
chunk-B_U54neH.js     | docs-component                 |  60.72 kB |                11.68 kB
chunk-DeJIVMpm.js     | select-page-component          |  54.37 kB |                12.42 kB
chunk-tMRHAwQj.js     | -                              |  53.34 kB |                13.86 kB
chunk-StjOV4HT.js     | slider-page-component          |  51.58 kB |                11.71 kB
chunk-DUE0csUo2.js    | toast-page-component           |  51.31 kB |                10.97 kB
chunk-Cu8K0nxI.js     | -                              |  47.43 kB |                10.12 kB
chunk-COTylT5W.js     | -                              |  46.07 kB |                11.16 kB
chunk-Brr37_6U2.js    | tabs-page-component            |  44.43 kB |                 9.73 kB
chunk-BDA-eZ_d2.js    | input-page-component           |  41.14 kB |                 9.13 kB
...and 39 more lazy chunks files. Use "--verbose" to show all the files.

Application bundle generation complete. [6.369 seconds] - 2026-09-23T23:13:51.215Z

Output location: /Users/matheuscastro/Workspaces/orc_ds/dist/docs

