
> orc-ds-workspace@0.0.0 build:docs
> ng build docs

❯ Building...
✔ Building...
Initial chunk files   | Names                        |  Raw size | Estimated transfer size
main-DDOJPI3X.js      | main                         | 392.64 kB |               117.07 kB
polyfills-RV3JTMEC.js | polyfills                    |  35.78 kB |                11.63 kB
styles-45GNDGXW.css   | styles                       |  12.74 kB |                 1.80 kB

                      | Initial total                | 441.16 kB |               130.51 kB

Lazy chunk files      | Names                        |  Raw size | Estimated transfer size
chunk-DKZMwOQD2.js    | component-doc-page-component |   2.15 MB |               378.60 kB
chunk-Cvi6q4kv.js     | -                            | 409.37 kB |                45.99 kB
chunk-gDNfVIzP2.js    | table-page-component         |  69.47 kB |                16.24 kB
chunk-Cumvkjih.js     | progress-page-component      |  62.37 kB |                12.03 kB
chunk-DUFKYTW5.js     | docs-component               |  60.73 kB |                11.68 kB
chunk-CzLvQwut.js     | -                            |  53.31 kB |                13.82 kB
chunk-mCkSqQj-.js     | slider-page-component        |  51.57 kB |                11.68 kB
chunk-DE5c9qf02.js    | toast-page-component         |  51.31 kB |                10.99 kB
chunk-D4s0FWO1.js     | select-page-component        |  50.27 kB |                11.60 kB
chunk-DzyFXgs5.js     | -                            |  47.48 kB |                10.13 kB
chunk-CVEqlXX2.js     | -                            |  46.07 kB |                11.15 kB
chunk-5boHCuM72.js    | tabs-page-component          |  44.43 kB |                 9.76 kB
chunk-ELIY91PE.js     | input-page-component         |  41.14 kB |                 9.12 kB
chunk-DAKhLDDi2.js    | switch-page-component        |  40.11 kB |                 8.60 kB
chunk-9r2wE63H.js     | home-component               |  37.72 kB |                 9.18 kB
...and 37 more lazy chunks files. Use "--verbose" to show all the files.

Application bundle generation complete. [4.683 seconds] - 2026-09-23T10:53:26.053Z

Output location: /Users/matheuscastro/Workspaces/orc_ds/dist/docs

