
> orc-ds-workspace@0.0.0 build:docs
> ng build docs

❯ Building...
✔ Building...
Initial chunk files   | Names                          |  Raw size | Estimated transfer size
main-PP77N43Y.js      | main                           | 403.10 kB |               119.69 kB
polyfills-RV3JTMEC.js | polyfills                      |  35.78 kB |                11.63 kB
styles-6ZWX5USP.css   | styles                         |  12.87 kB |                 1.83 kB

                      | Initial total                  | 451.75 kB |               133.15 kB

Lazy chunk files      | Names                          |  Raw size | Estimated transfer size
chunk-lbc2a5z92.js    | icon-catalog-preview-component |   1.84 MB |               315.13 kB
chunk-4R_pi0XN.js     | -                              | 478.96 kB |                55.96 kB
chunk-jCIKDv6N2.js    | component-doc-page-component   | 362.57 kB |                73.95 kB
chunk-CNRsEvKp.js     | table-page-component           |  70.06 kB |                16.40 kB
chunk-CTyW3VWe2.js    | progress-page-component        |  62.43 kB |                12.11 kB
chunk-CZQH0Pog.js     | menu-family-preview-component  |  60.97 kB |                 9.72 kB
chunk-DkhFygY2.js     | docs-component                 |  60.72 kB |                11.66 kB
chunk-CjT5bq_4.js     | select-page-component          |  54.37 kB |                12.42 kB
chunk-B9kakjN3.js     | -                              |  53.34 kB |                13.87 kB
chunk-BfsIESxk.js     | slider-page-component          |  51.58 kB |                11.69 kB
chunk-B7bFyXWg.js     | toast-page-component           |  51.31 kB |                10.97 kB
chunk-eoEqTHKr.js     | -                              |  47.43 kB |                10.13 kB
chunk-CZPQm4FV.js     | -                              |  46.07 kB |                11.16 kB
chunk-BiETcU3_2.js    | tabs-page-component            |  44.43 kB |                 9.73 kB
chunk-B-CShe002.js    | input-page-component           |  41.14 kB |                 9.15 kB
...and 39 more lazy chunks files. Use "--verbose" to show all the files.

Application bundle generation complete. [6.301 seconds] - 2026-09-24T01:06:02.356Z

Output location: /Users/matheuscastro/Workspaces/orc_ds/dist/docs

