
> orc-ds-workspace@0.0.0 test:lib
> ng test orc-ds --watch=false --browsers=ChromeHeadless --include projects/orc-ds/p2/pick-list-behavior.spec.ts

❯ Building...
✔ Building...
Initial chunk files                | Names                           |  Raw size
chunk-VP3EVOTQ.js                  | -                               |   2.25 MB | 
polyfills.js                       | polyfills                       |   1.06 MB | 
test_main.js                       | test_main                       | 230.78 kB | 
jasmine-cleanup-1.js               | jasmine-cleanup-1               |  71.38 kB | 
spec-p2-pick-list-behavior.spec.js | spec-p2-pick-list-behavior.spec |  33.76 kB | 
jasmine-cleanup-0.js               | jasmine-cleanup-0               | 446 bytes | 

                                   | Initial total                   |   3.64 MB

Application bundle generation complete. [3.391 seconds] - 2026-09-24T00:46:41.840Z

23 09 2026 21:46:42.010:INFO [karma-server]: Karma v6.4.4 server started at http://localhost:9876/
23 09 2026 21:46:42.010:INFO [launcher]: Launching browsers ChromeHeadless with concurrency unlimited
23 09 2026 21:46:42.013:INFO [launcher]: Starting browser ChromeHeadless
23 09 2026 21:46:42.638:INFO [Chrome Headless 153.0.0.0 (Mac OS 10.15.7)]: Connected on socket 9GetMDaoX3NnFnHCAAAB with id 2592123
Chrome Headless 153.0.0.0 (Mac OS 10.15.7): Executed 0 of 1[32m SUCCESS[39m (0 secs / 0 secs)
[1A[2KChrome Headless 153.0.0.0 (Mac OS 10.15.7): Executed 1 of 1[32m SUCCESS[39m (0 secs / 0.043 secs)
[1A[2KChrome Headless 153.0.0.0 (Mac OS 10.15.7): Executed 1 of 1[32m SUCCESS[39m (0.045 secs / 0.043 secs)
[32mTOTAL: 1 SUCCESS[39m
