
> orc-ds-workspace@0.0.0 test:browser:interactions
> playwright test --config=playwright.config.mjs

[WebServer] (node:76199) Warning: The 'NO_COLOR' env is ignored due to the 'FORCE_COLOR' env being set.
[WebServer] (Use `node --trace-warnings ...` to show where the warning was created)
[WebServer] (node:76199) Warning: The 'NO_COLOR' env is ignored due to the 'FORCE_COLOR' env being set.
[WebServer] (Use `node --trace-warnings ...` to show where the warning was created)

Running 21 tests using 5 workers

(node:76315) Warning: The 'NO_COLOR' env is ignored due to the 'FORCE_COLOR' env being set.
(Use `node --trace-warnings ...` to show where the warning was created)
(node:76312) Warning: The 'NO_COLOR' env is ignored due to the 'FORCE_COLOR' env being set.
(Use `node --trace-warnings ...` to show where the warning was created)
(node:76314) Warning: The 'NO_COLOR' env is ignored due to the 'FORCE_COLOR' env being set.
(Use `node --trace-warnings ...` to show where the warning was created)
(node:76311) Warning: The 'NO_COLOR' env is ignored due to the 'FORCE_COLOR' env being set.
(Use `node --trace-warnings ...` to show where the warning was created)
(node:76313) Warning: The 'NO_COLOR' env is ignored due to the 'FORCE_COLOR' env being set.
(Use `node --trace-warnings ...` to show where the warning was created)
  ✓   3 [chromium] › tests/browser/overlay-interactions.spec.mjs:24:1 › button icon and label keep the intended 8px rendered gap (1.3s)
  ✓   2 [chromium] › tests/browser/overlay-interactions.spec.mjs:88:1 › declarative modal enters, traps, and restores keyboard focus (1.4s)
  ✓   1 [chromium] › tests/browser/overlay-interactions.spec.mjs:67:1 › declarative modal applies default Escape and backdrop dismissal (1.4s)
  ✓   5 [chromium] › tests/browser/overlay-interactions.spec.mjs:10:1 › DateTime picker dismisses after clicking outside its popup (1.5s)
  ✓   4 [chromium] › tests/browser/overlay-interactions.spec.mjs:49:1 › tooltip documentation example appears on hover and cleans up on exit (1.6s)
(node:76352) Warning: The 'NO_COLOR' env is ignored due to the 'FORCE_COLOR' env being set.
(Use `node --trace-warnings ...` to show where the warning was created)
(node:76354) Warning: The 'NO_COLOR' env is ignored due to the 'FORCE_COLOR' env being set.
(Use `node --trace-warnings ...` to show where the warning was created)
(node:76353) Warning: The 'NO_COLOR' env is ignored due to the 'FORCE_COLOR' env being set.
(Use `node --trace-warnings ...` to show where the warning was created)
  ✓   6 [chromium] › tests/browser/overlay-interactions.spec.mjs:120:1 › required declarative modal ignores Escape and backdrop dismissal (591ms)
  ✓   7 [chromium] › tests/browser/tags-input-interactions.spec.mjs:3:1 › TagsInput addOnTab commits and moves focus to the next control (737ms)
(node:76358) Warning: The 'NO_COLOR' env is ignored due to the 'FORCE_COLOR' env being set.
(Use `node --trace-warnings ...` to show where the warning was created)
(node:76359) Warning: The 'NO_COLOR' env is ignored due to the 'FORCE_COLOR' env being set.
(Use `node --trace-warnings ...` to show where the warning was created)
  ✓   8 [firefox] › tests/browser/overlay-interactions.spec.mjs:10:1 › DateTime picker dismisses after clicking outside its popup (2.1s)
  ✓   9 [firefox] › tests/browser/overlay-interactions.spec.mjs:24:1 › button icon and label keep the intended 8px rendered gap (2.0s)
  ✓  10 [firefox] › tests/browser/overlay-interactions.spec.mjs:49:1 › tooltip documentation example appears on hover and cleans up on exit (2.2s)
  ✓  13 [firefox] › tests/browser/overlay-interactions.spec.mjs:120:1 › required declarative modal ignores Escape and backdrop dismissal (1.1s)
  ✓  14 [firefox] › tests/browser/tags-input-interactions.spec.mjs:3:1 › TagsInput addOnTab commits and moves focus to the next control (1.2s)
(node:76403) Warning: The 'NO_COLOR' env is ignored due to the 'FORCE_COLOR' env being set.
(Use `node --trace-warnings ...` to show where the warning was created)
  ✓  11 [firefox] › tests/browser/overlay-interactions.spec.mjs:67:1 › declarative modal applies default Escape and backdrop dismissal (2.5s)
(node:76408) Warning: The 'NO_COLOR' env is ignored due to the 'FORCE_COLOR' env being set.
(Use `node --trace-warnings ...` to show where the warning was created)
(node:76416) Warning: The 'NO_COLOR' env is ignored due to the 'FORCE_COLOR' env being set.
(Use `node --trace-warnings ...` to show where the warning was created)
  ✓  12 [firefox] › tests/browser/overlay-interactions.spec.mjs:88:1 › declarative modal enters, traps, and restores keyboard focus (2.5s)
(node:76429) Warning: The 'NO_COLOR' env is ignored due to the 'FORCE_COLOR' env being set.
(Use `node --trace-warnings ...` to show where the warning was created)
  ✓  16 [webkit] › tests/browser/overlay-interactions.spec.mjs:24:1 › button icon and label keep the intended 8px rendered gap (1.4s)
  ✓  17 [webkit] › tests/browser/overlay-interactions.spec.mjs:49:1 › tooltip documentation example appears on hover and cleans up on exit (1.3s)
  ✓  15 [webkit] › tests/browser/overlay-interactions.spec.mjs:10:1 › DateTime picker dismisses after clicking outside its popup (1.9s)
(node:76456) Warning: The 'NO_COLOR' env is ignored due to the 'FORCE_COLOR' env being set.
(Use `node --trace-warnings ...` to show where the warning was created)
  ✓  18 [webkit] › tests/browser/overlay-interactions.spec.mjs:67:1 › declarative modal applies default Escape and backdrop dismissal (1.2s)
  ✓  19 [webkit] › tests/browser/overlay-interactions.spec.mjs:120:1 › required declarative modal ignores Escape and backdrop dismissal (964ms)
  ✓  20 [webkit] › tests/browser/tags-input-interactions.spec.mjs:3:1 › TagsInput addOnTab commits and moves focus to the next control (868ms)
  ✓  21 [webkit] › tests/browser/overlay-interactions.spec.mjs:88:1 › declarative modal enters, traps, and restores keyboard focus (657ms)

  21 passed (16.7s)
