add lightningcss-win32-x64-msvc 1.33.0
add lightningcss-win32-arm64-msvc 1.33.0
add lightningcss-linux-x64-musl 1.33.0
add lightningcss-linux-x64-gnu 1.33.0
add lightningcss-linux-arm64-musl 1.33.0
add lightningcss-linux-arm64-gnu 1.33.0
add lightningcss-linux-arm-gnueabihf 1.33.0
add lightningcss-freebsd-x64 1.33.0
add lightningcss-darwin-x64 1.33.0
add lightningcss-android-arm64 1.33.0
add @rollup/rollup-win32-x64-msvc 4.62.4
add @rollup/rollup-win32-x64-gnu 4.62.4
add @rollup/rollup-win32-ia32-msvc 4.62.4
add @rollup/rollup-win32-arm64-msvc 4.62.4
add @rollup/rollup-openharmony-arm64 4.62.4
add @rollup/rollup-openbsd-x64 4.62.4
add @rollup/rollup-linux-x64-musl 4.62.4
add @rollup/rollup-linux-x64-gnu 4.62.4
add @rollup/rollup-linux-s390x-gnu 4.62.4
add @rollup/rollup-linux-riscv64-musl 4.62.4
add @rollup/rollup-linux-riscv64-gnu 4.62.4
add @rollup/rollup-linux-ppc64-musl 4.62.4
add @rollup/rollup-linux-ppc64-gnu 4.62.4
add @rollup/rollup-linux-loong64-musl 4.62.4
add @rollup/rollup-linux-loong64-gnu 4.62.4
add @rollup/rollup-linux-arm64-musl 4.62.4
add @rollup/rollup-linux-arm64-gnu 4.62.4
add @rollup/rollup-linux-arm-musleabihf 4.62.4
add @rollup/rollup-linux-arm-gnueabihf 4.62.4
add @rollup/rollup-freebsd-x64 4.62.4
add @rollup/rollup-freebsd-arm64 4.62.4
add @rollup/rollup-darwin-x64 4.62.4
add @rollup/rollup-android-arm64 4.62.4
add @rollup/rollup-android-arm-eabi 4.62.4
add @rolldown/binding-win32-x64-msvc 1.2.0
add @rolldown/binding-win32-arm64-msvc 1.2.0
add @rolldown/binding-wasm32-wasi 1.2.0
add @rolldown/binding-openharmony-arm64 1.2.0
add @rolldown/binding-linux-x64-musl 1.2.0
add @rolldown/binding-linux-x64-gnu 1.2.0
add @rolldown/binding-linux-s390x-gnu 1.2.0
add @rolldown/binding-linux-ppc64-gnu 1.2.0
add @rolldown/binding-linux-arm64-musl 1.2.0
add @rolldown/binding-linux-arm64-gnu 1.2.0
add @rolldown/binding-linux-arm-gnueabihf 1.2.0
add @rolldown/binding-freebsd-x64 1.2.0
add @rolldown/binding-darwin-x64 1.2.0
add @rolldown/binding-android-arm64 1.2.0
add @parcel/watcher-win32-x64 2.6.0
add @parcel/watcher-win32-arm64 2.6.0
add @parcel/watcher-linux-x64-musl 2.6.0
add @parcel/watcher-linux-x64-glibc 2.6.0
add @parcel/watcher-linux-arm64-musl 2.6.0
add @parcel/watcher-linux-arm64-glibc 2.6.0
add @parcel/watcher-linux-arm-musl 2.6.0
add @parcel/watcher-linux-arm-glibc 2.6.0
add @parcel/watcher-freebsd-x64 2.6.0
add @parcel/watcher-darwin-x64 2.6.0
add @parcel/watcher-android-arm64 2.6.0
add @oxc-parser/binding-win32-x64-msvc 0.142.0
add @oxc-parser/binding-win32-ia32-msvc 0.142.0
add @oxc-parser/binding-win32-arm64-msvc 0.142.0
add @oxc-parser/binding-wasm32-wasi 0.142.0
add @oxc-parser/binding-openharmony-arm64 0.142.0
add @oxc-parser/binding-linux-x64-musl 0.142.0
add @oxc-parser/binding-linux-x64-gnu 0.142.0
add @oxc-parser/binding-linux-s390x-gnu 0.142.0
add @oxc-parser/binding-linux-riscv64-musl 0.142.0
add @oxc-parser/binding-linux-riscv64-gnu 0.142.0
add @oxc-parser/binding-linux-ppc64-gnu 0.142.0
add @oxc-parser/binding-linux-arm64-musl 0.142.0
add @oxc-parser/binding-linux-arm64-gnu 0.142.0
add @oxc-parser/binding-linux-arm-musleabihf 0.142.0
add @oxc-parser/binding-linux-arm-gnueabihf 0.142.0
add @oxc-parser/binding-freebsd-x64 0.142.0
add @oxc-parser/binding-darwin-x64 0.142.0
add @oxc-parser/binding-android-arm64 0.142.0
add @oxc-parser/binding-android-arm-eabi 0.142.0
add @napi-rs/nice-win32-x64-msvc 1.1.1
add @napi-rs/nice-win32-ia32-msvc 1.1.1
add @napi-rs/nice-win32-arm64-msvc 1.1.1
add @napi-rs/nice-openharmony-arm64 1.1.1
add @napi-rs/nice-linux-x64-musl 1.1.1
add @napi-rs/nice-linux-x64-gnu 1.1.1
add @napi-rs/nice-linux-s390x-gnu 1.1.1
add @napi-rs/nice-linux-riscv64-gnu 1.1.1
add @napi-rs/nice-linux-ppc64-gnu 1.1.1
add @napi-rs/nice-linux-arm64-musl 1.1.1
add @napi-rs/nice-linux-arm64-gnu 1.1.1
add @napi-rs/nice-linux-arm-gnueabihf 1.1.1
add @napi-rs/nice-freebsd-x64 1.1.1
add @napi-rs/nice-darwin-x64 1.1.1
add @napi-rs/nice-android-arm64 1.1.1
add @napi-rs/nice-android-arm-eabi 1.1.1
add @napi-rs/lzma-linux-x64-gnu 1.5.1
add @msgpackr-extract/msgpackr-extract-win32-x64 3.0.4
add @msgpackr-extract/msgpackr-extract-linux-x64 3.0.4
add @msgpackr-extract/msgpackr-extract-linux-arm64 3.0.4
add @msgpackr-extract/msgpackr-extract-linux-arm 3.0.4
add @msgpackr-extract/msgpackr-extract-darwin-x64 3.0.4
add @lmdb/lmdb-win32-x64 3.5.6
add @lmdb/lmdb-win32-arm64 3.5.6
add @lmdb/lmdb-linux-x64 3.5.6
add @lmdb/lmdb-linux-arm64 3.5.6
add @lmdb/lmdb-linux-arm 3.5.6
add @lmdb/lmdb-darwin-x64 3.5.6
add @esbuild/win32-x64 0.28.2
add @esbuild/win32-ia32 0.28.2
add @esbuild/win32-arm64 0.28.2
add @esbuild/sunos-x64 0.28.2
add @esbuild/openharmony-arm64 0.28.2
add @esbuild/openbsd-x64 0.28.2
add @esbuild/openbsd-arm64 0.28.2
add @esbuild/netbsd-x64 0.28.2
add @esbuild/netbsd-arm64 0.28.2
add @esbuild/linux-x64 0.28.2
add @esbuild/linux-s390x 0.28.2
add @esbuild/linux-riscv64 0.28.2
add @esbuild/linux-ppc64 0.28.2
add @esbuild/linux-mips64el 0.28.2
add @esbuild/linux-loong64 0.28.2
add @esbuild/linux-ia32 0.28.2
add @esbuild/linux-arm64 0.28.2
add @esbuild/linux-arm 0.28.2
add @esbuild/freebsd-x64 0.28.2
add @esbuild/freebsd-arm64 0.28.2
add @esbuild/darwin-x64 0.28.2
add @esbuild/android-x64 0.28.2
add @esbuild/android-arm64 0.28.2
add @esbuild/android-arm 0.28.2
add @esbuild/aix-ppc64 0.28.2
add @rolldown/binding-win32-x64-msvc 1.1.5
add @rolldown/binding-win32-arm64-msvc 1.1.5
add @rolldown/binding-wasm32-wasi 1.1.5
add @rolldown/binding-openharmony-arm64 1.1.5
add @rolldown/binding-linux-x64-musl 1.1.5
add @rolldown/binding-linux-x64-gnu 1.1.5
add @rolldown/binding-linux-s390x-gnu 1.1.5
add @rolldown/binding-linux-ppc64-gnu 1.1.5
add @rolldown/binding-linux-arm64-musl 1.1.5
add @rolldown/binding-linux-arm64-gnu 1.1.5
add @rolldown/binding-linux-arm-gnueabihf 1.1.5
add @rolldown/binding-freebsd-x64 1.1.5
add @rolldown/binding-darwin-x64 1.1.5
add @rolldown/binding-android-arm64 1.1.5
add @emnapi/runtime 1.11.1
add @emnapi/core 1.11.1

added 147 packages in 294ms

147 packages are looking for funding
  run `npm fund` for details
