{
  "qualityMarkdown": 102,
  "localMarkdownLinks": 741,
  "publicLlmsLocalLinks": 1,
  "sourceAnchors": 407,
  "p2SourceAnchors": 171,
  "ledgerRows": 147,
  "inventoryComponents": 147,
  "ledgerMissing": [],
  "ledgerExtra": [],
  "bad": [
    {
      "name": "TreeComponent",
      "ledger": {
        "name": "TreeComponent",
        "line": 32,
        "href": "../../projects/orc-ds/p2/p2-tree-component.ts",
        "anchor": 32
      },
      "inventory": {
        "file": "projects/orc-ds/p2/p2-tree-component.ts",
        "line": 34
      }
    }
  ],
  "unresolved": []
}
