
> orc-ds-workspace@0.0.0 build:template
> ng build template

❯ Building...
✔ Building...
Initial chunk files   | Names                    |  Raw size | Estimated transfer size
main-AAUH734C.js      | main                     | 341.22 kB |                90.47 kB
polyfills-RV3JTMEC.js | polyfills                |  35.78 kB |                11.63 kB
styles-S7IDUJED.css   | styles                   |  13.80 kB |                 2.08 kB

                      | Initial total            | 390.81 kB |               104.19 kB

Lazy chunk files      | Names                    |  Raw size | Estimated transfer size
chunk-D70Gd4Tv.js     | crud-page-component      | 136.79 kB |                27.58 kB
chunk-BBB-eujj.js     | -                        |  93.73 kB |                22.71 kB
chunk-Cc9CLjCz.js     | settings-page-component  |  93.31 kB |                19.21 kB
chunk-0ONiNmc8.js     | -                        |  67.19 kB |                15.80 kB
chunk-B3UjGCaL.js     | dashboard-page-component |  47.65 kB |                10.97 kB
chunk-DrMcuiCX.js     | -                        |  32.09 kB |                 7.71 kB
chunk-DYXSSIwm.js     | -                        |  30.52 kB |                 5.55 kB
chunk-BWUZmaqh.js     | main-layout-component    |  29.01 kB |                 6.05 kB
chunk-fVAFadA2.js     | login-page-component     |  20.97 kB |                 5.04 kB
chunk-B-tPPMyr.js     | -                        |  17.31 kB |                 3.87 kB
chunk-BUM_xwxd.js     | -                        |  12.80 kB |                 2.93 kB
chunk-DYeVJqC0.js     | -                        |  12.73 kB |                 2.93 kB
chunk-DzBCXNA0.js     | -                        |  12.00 kB |                 3.17 kB

Application bundle generation complete. [1.974 seconds] - 2026-09-23T18:22:25.423Z

Output location: /Users/matheuscastro/Workspaces/orc_ds/dist/template

