
> orc-ds-workspace@0.0.0 build:docs
> ng build docs

❯ Building...
✔ Building...
Initial chunk files   | Names                        |  Raw size | Estimated transfer size
main-2FUHMFXJ.js      | main                         | 392.64 kB |               116.97 kB
polyfills-RV3JTMEC.js | polyfills                    |  35.78 kB |                11.63 kB
styles-45GNDGXW.css   | styles                       |  12.74 kB |                 1.80 kB

                      | Initial total                | 441.16 kB |               130.41 kB

Lazy chunk files      | Names                        |  Raw size | Estimated transfer size
chunk-BNkCRXBR.js     | component-doc-page-component |   2.14 MB |               377.06 kB
chunk-Dz_zwgOn.js     | -                            | 388.81 kB |                43.65 kB
chunk-DtWVrjlY.js     | table-page-component         |  69.38 kB |                16.18 kB
chunk-Ca0LYSj1.js     | progress-page-component      |  62.37 kB |                12.06 kB
chunk-D3p-7Bcc.js     | docs-component               |  60.73 kB |                11.62 kB
chunk-CTtfc-A-.js     | -                            |  53.31 kB |                13.85 kB
chunk-Bl7ApNuY.js     | slider-page-component        |  51.57 kB |                11.68 kB
chunk-Cdz_gh4v2.js    | toast-page-component         |  51.31 kB |                10.99 kB
chunk-DBmZOj9Y2.js    | select-page-component        |  49.42 kB |                11.39 kB
chunk-D6hsIeBC.js     | -                            |  47.48 kB |                10.13 kB
chunk-CF9vbZ2d.js     | -                            |  46.07 kB |                11.15 kB
chunk-CTL14GA-2.js    | tabs-page-component          |  44.41 kB |                 9.73 kB
chunk-Cwt6WafE2.js    | input-page-component         |  41.14 kB |                 9.14 kB
chunk-CaP3ns2G2.js    | switch-page-component        |  40.11 kB |                 8.61 kB
chunk-9K37D9_8.js     | home-component               |  37.44 kB |                 9.13 kB
...and 37 more lazy chunks files. Use "--verbose" to show all the files.

Application bundle generation complete. [4.937 seconds] - 2026-09-23T06:56:25.744Z

Output location: /Users/matheuscastro/Workspaces/orc_ds/dist/docs

