
> orc-ds-workspace@0.0.0 build:template
> ng build template

❯ Building...
✔ Building...
Initial chunk files   | Names                    |  Raw size | Estimated transfer size
main-ERD7JNYY.js      | main                     | 341.22 kB |                90.44 kB
polyfills-RV3JTMEC.js | polyfills                |  35.78 kB |                11.63 kB
styles-S7IDUJED.css   | styles                   |  13.80 kB |                 2.08 kB

                      | Initial total            | 390.81 kB |               104.15 kB

Lazy chunk files      | Names                    |  Raw size | Estimated transfer size
chunk-DIjU8Lq8.js     | crud-page-component      | 139.20 kB |                28.07 kB
chunk-BvEEDbKm.js     | -                        |  93.73 kB |                22.69 kB
chunk-BnapBfnp.js     | settings-page-component  |  93.31 kB |                19.22 kB
chunk-dWrsDfo-.js     | -                        |  67.19 kB |                15.81 kB
chunk-BWJu5uMe.js     | dashboard-page-component |  47.65 kB |                11.00 kB
chunk-DKrgD__J.js     | -                        |  32.09 kB |                 7.71 kB
chunk-CrLGDvDa.js     | -                        |  30.52 kB |                 5.56 kB
chunk-DeDtfoN2.js     | main-layout-component    |  29.01 kB |                 6.07 kB
chunk-DV6IA6RM.js     | login-page-component     |  20.97 kB |                 5.06 kB
chunk-jitiWBja.js     | -                        |  17.31 kB |                 3.87 kB
chunk-C-MhxwsR.js     | -                        |  12.80 kB |                 2.93 kB
chunk-BDw-Ofjk.js     | -                        |  12.73 kB |                 2.94 kB
chunk-BGxkTvys.js     | -                        |  12.02 kB |                 3.16 kB

Application bundle generation complete. [2.531 seconds] - 2026-09-23T22:57:36.979Z

Output location: /Users/matheuscastro/Workspaces/orc_ds/dist/template

