
> orc-ds-workspace@0.0.0 build:docs
> ng build docs

❯ Building...
✔ Building...
Initial chunk files   | Names                          |  Raw size | Estimated transfer size
main-VWPIZOBM.js      | main                           | 403.10 kB |               119.37 kB
polyfills-RV3JTMEC.js | polyfills                      |  35.78 kB |                11.63 kB
styles-6ZWX5USP.css   | styles                         |  12.87 kB |                 1.83 kB

                      | Initial total                  | 451.75 kB |               132.83 kB

Lazy chunk files      | Names                          |  Raw size | Estimated transfer size
chunk-BzllgMQ42.js    | icon-catalog-preview-component |   1.84 MB |               315.11 kB
chunk-BffZ2Fn_.js     | -                              | 474.10 kB |                54.97 kB
chunk-DTTro7bg2.js    | component-doc-page-component   | 362.57 kB |                73.85 kB
chunk-8Ez4z0eU.js     | table-page-component           |  70.06 kB |                16.36 kB
chunk-4kNN4L5h2.js    | progress-page-component        |  62.43 kB |                12.11 kB
chunk-GZbvIkJb.js     | menu-family-preview-component  |  60.97 kB |                 9.75 kB
chunk-Ddvj_IOx.js     | docs-component                 |  60.72 kB |                11.63 kB
chunk-in_o0vP4.js     | select-page-component          |  54.37 kB |                12.42 kB
chunk-D755uNFv.js     | -                              |  53.34 kB |                13.85 kB
chunk-oJaOLexv.js     | slider-page-component          |  51.58 kB |                11.70 kB
chunk-1-1jGxxd.js     | toast-page-component           |  51.31 kB |                11.00 kB
chunk-B-aAwuDG.js     | -                              |  47.43 kB |                10.11 kB
chunk-DlkIm4Ws.js     | -                              |  46.07 kB |                11.16 kB
chunk-CzJizh692.js    | tabs-page-component            |  44.43 kB |                 9.76 kB
chunk-C1_Kjc0C2.js    | input-page-component           |  41.14 kB |                 9.15 kB
...and 39 more lazy chunks files. Use "--verbose" to show all the files.

Application bundle generation complete. [6.383 seconds] - 2026-09-23T22:57:29.756Z

Output location: /Users/matheuscastro/Workspaces/orc_ds/dist/docs

