
> orc-ds-workspace@0.0.0 build:template
> ng build template

❯ Building...
✔ Building...
Initial chunk files   | Names                    |  Raw size | Estimated transfer size
main-LGJJ255A.js      | main                     | 341.22 kB |                90.45 kB
polyfills-RV3JTMEC.js | polyfills                |  35.78 kB |                11.63 kB
styles-LGULNILN.css   | styles                   |  13.67 kB |                 2.06 kB

                      | Initial total            | 390.67 kB |               104.14 kB

Lazy chunk files      | Names                    |  Raw size | Estimated transfer size
chunk-Cm-CUmZa.js     | crud-page-component      | 133.72 kB |                26.99 kB
chunk-CxyyNhlw.js     | -                        |  93.73 kB |                22.64 kB
chunk-Dcps-8tW.js     | settings-page-component  |  93.14 kB |                19.16 kB
chunk-GQbhIU-I.js     | -                        |  66.70 kB |                15.70 kB
chunk-D41e0QyT.js     | dashboard-page-component |  47.69 kB |                10.96 kB
chunk-maWQPIqE.js     | -                        |  31.94 kB |                 7.66 kB
chunk-BlkRZf7q.js     | -                        |  30.32 kB |                 5.50 kB
chunk-AvbXPHZM.js     | main-layout-component    |  29.01 kB |                 6.06 kB
chunk-DizJegrm.js     | login-page-component     |  20.97 kB |                 5.06 kB
chunk-DO9IBk9-.js     | -                        |  17.31 kB |                 3.87 kB
chunk-D-Z0Uo7q.js     | -                        |  12.80 kB |                 2.93 kB
chunk-DTE0OSlQ.js     | -                        |  12.73 kB |                 2.94 kB
chunk-BnqA36iv.js     | -                        |  11.89 kB |                 3.14 kB

Application bundle generation complete. [2.079 seconds] - 2026-09-23T08:48:21.475Z

Output location: /Users/matheuscastro/Workspaces/orc_ds/dist/template

