
> orc-ds-workspace@0.0.0 build:docs
> ng build docs

❯ Building...
✔ Building...
Initial chunk files   | Names                        |  Raw size | Estimated transfer size
main-QO5HSW5R.js      | main                         | 392.60 kB |               116.84 kB
polyfills-RV3JTMEC.js | polyfills                    |  35.78 kB |                11.63 kB
styles-45GNDGXW.css   | styles                       |  12.74 kB |                 1.80 kB

                      | Initial total                | 441.12 kB |               130.28 kB

Lazy chunk files      | Names                        |  Raw size | Estimated transfer size
chunk-oEGIVpEv2.js    | component-doc-page-component |   2.14 MB |               375.64 kB
chunk-4Ylvv3w9.js     | -                            | 368.78 kB |                40.30 kB
chunk-BqRSOX9h.js     | table-page-component         |  69.38 kB |                16.17 kB
chunk-BVQ2TLiP.js     | progress-page-component      |  62.35 kB |                12.07 kB
chunk-Byv83xEu.js     | docs-component               |  60.69 kB |                11.61 kB
chunk-DUyyaG4V.js     | -                            |  53.31 kB |                13.85 kB
chunk-DaSrs59Q.js     | slider-page-component        |  51.55 kB |                11.67 kB
chunk-DP5IJdNA2.js    | toast-page-component         |  51.31 kB |                10.99 kB
chunk-D4gyUees2.js    | select-page-component        |  49.42 kB |                11.38 kB
chunk-CBLRQAzp.js     | -                            |  47.48 kB |                10.12 kB
chunk-PpB4kjyw.js     | -                            |  46.07 kB |                11.15 kB
chunk-DDVkY_YY2.js    | tabs-page-component          |  44.42 kB |                 9.74 kB
chunk-DQ8J_uSI.js     | input-page-component         |  41.12 kB |                 9.14 kB
chunk-B6hBi417.js     | switch-page-component        |  40.13 kB |                 8.61 kB
chunk-BxQtcnL3.js     | home-component               |  37.20 kB |                 9.06 kB
...and 37 more lazy chunks files. Use "--verbose" to show all the files.

Application bundle generation complete. [6.033 seconds] - 2026-09-23T04:51:33.268Z

Output location: /Users/matheuscastro/Workspaces/orc_ds/dist/docs

