
> orc-ds-workspace@0.0.0 build:docs
> ng build docs

❯ Building...
✔ Building...
Initial chunk files   | Names                        |  Raw size | Estimated transfer size
main-FGNHEMCS.js      | main                         | 392.64 kB |               116.96 kB
polyfills-RV3JTMEC.js | polyfills                    |  35.78 kB |                11.63 kB
styles-45GNDGXW.css   | styles                       |  12.74 kB |                 1.80 kB

                      | Initial total                | 441.16 kB |               130.40 kB

Lazy chunk files      | Names                        |  Raw size | Estimated transfer size
chunk-B7ZJZvaQ2.js    | component-doc-page-component |   2.14 MB |               377.35 kB
chunk-CnySsSPs.js     | -                            | 388.81 kB |                43.64 kB
chunk-PloJGA9-.js     | table-page-component         |  69.38 kB |                16.14 kB
chunk-Cz0tephG.js     | progress-page-component      |  62.37 kB |                12.04 kB
chunk-BRlL3IUP.js     | docs-component               |  60.73 kB |                11.61 kB
chunk-CBkTHnfb.js     | -                            |  53.31 kB |                13.84 kB
chunk-BieIvCPQ.js     | slider-page-component        |  51.57 kB |                11.68 kB
chunk-8KqMSQDx2.js    | toast-page-component         |  51.31 kB |                10.97 kB
chunk-Druwgn9K2.js    | select-page-component        |  50.16 kB |                11.58 kB
chunk-8qJiaKRz.js     | -                            |  47.48 kB |                10.13 kB
chunk-9uTgFtwv2.js    | -                            |  46.07 kB |                11.15 kB
chunk-BRrc89cc2.js    | tabs-page-component          |  44.41 kB |                 9.74 kB
chunk-CANTtfxC2.js    | input-page-component         |  41.14 kB |                 9.14 kB
chunk-D2eY0zYT2.js    | switch-page-component        |  40.11 kB |                 8.60 kB
chunk-kpVpf583.js     | home-component               |  37.44 kB |                 9.15 kB
...and 37 more lazy chunks files. Use "--verbose" to show all the files.

Application bundle generation complete. [6.126 seconds] - 2026-09-23T08:32:45.512Z

Output location: /Users/matheuscastro/Workspaces/orc_ds/dist/docs

