
> orc-ds-workspace@0.0.0 test:browser:interactions
> playwright test --config=playwright.config.mjs


Running 36 tests using 5 workers

  ✓   4 [chromium] › tests/browser/overlay-interactions.spec.mjs:67:1 › declarative modal applies default Escape and backdrop dismissal (1.6s)
  ✓   5 [chromium] › tests/browser/overlay-interactions.spec.mjs:10:1 › DateTime picker dismisses after clicking outside its popup (1.7s)
  ✓   2 [chromium] › tests/browser/overlay-interactions.spec.mjs:24:1 › button icon and label keep the intended 8px rendered gap (2.0s)
  ✓   3 [chromium] › tests/browser/calendar-interactions.spec.mjs:3:1 › Calendar keeps one roving day and commits keyboard selection (2.1s)
  ✓   1 [chromium] › tests/browser/overlay-interactions.spec.mjs:49:1 › tooltip documentation example appears on hover and cleans up on exit (2.6s)
  ✓   6 [chromium] › tests/browser/overlay-interactions.spec.mjs:88:1 › declarative modal enters, traps, and restores keyboard focus (1.1s)
  ✓   8 [chromium] › tests/browser/overlay-interactions.spec.mjs:149:1 › Galleria fullscreen contains focus and restores it after Escape (861ms)
  ✓   9 [chromium] › tests/browser/overlay-interactions.spec.mjs:174:1 › required declarative modal ignores Escape and backdrop dismissal (1.4s)
  ✓  10 [chromium] › tests/browser/pick-list-drag-interactions.spec.mjs:3:1 › PickList transfers an item through a desktop drag gesture (1.0s)
  ✓  12 [chromium] › tests/browser/tags-input-interactions.spec.mjs:3:1 › TagsInput addOnTab commits and moves focus to the next control (1.4s)
  ✓   7 [chromium] › tests/browser/overlay-interactions.spec.mjs:120:1 › Image preview opens accessibly and returns focus after Escape (2.8s)
  ✓  11 [chromium] › tests/browser/pick-list-interactions.spec.mjs:3:1 › PickList stacks its panes and keeps transfer controls reachable on mobile (3.4s)
  ✓  13 [firefox] › tests/browser/calendar-interactions.spec.mjs:3:1 › Calendar keeps one roving day and commits keyboard selection (2.7s)
  ✓  16 [firefox] › tests/browser/overlay-interactions.spec.mjs:49:1 › tooltip documentation example appears on hover and cleans up on exit (3.4s)
  ✓  15 [firefox] › tests/browser/overlay-interactions.spec.mjs:24:1 › button icon and label keep the intended 8px rendered gap (3.5s)
  ✓  18 [firefox] › tests/browser/overlay-interactions.spec.mjs:88:1 › declarative modal enters, traps, and restores keyboard focus (1.6s)
  ✓  14 [firefox] › tests/browser/overlay-interactions.spec.mjs:10:1 › DateTime picker dismisses after clicking outside its popup (4.3s)
  ✓  20 [firefox] › tests/browser/overlay-interactions.spec.mjs:149:1 › Galleria fullscreen contains focus and restores it after Escape (2.0s)
  ✓  17 [firefox] › tests/browser/overlay-interactions.spec.mjs:67:1 › declarative modal applies default Escape and backdrop dismissal (3.6s)
  ✓  21 [firefox] › tests/browser/overlay-interactions.spec.mjs:174:1 › required declarative modal ignores Escape and backdrop dismissal (2.1s)
  ✓  19 [firefox] › tests/browser/overlay-interactions.spec.mjs:120:1 › Image preview opens accessibly and returns focus after Escape (3.5s)
  ✓  22 [firefox] › tests/browser/pick-list-drag-interactions.spec.mjs:3:1 › PickList transfers an item through a desktop drag gesture (1.3s)
  ✓  24 [firefox] › tests/browser/tags-input-interactions.spec.mjs:3:1 › TagsInput addOnTab commits and moves focus to the next control (1.1s)
  ✓  23 [firefox] › tests/browser/pick-list-interactions.spec.mjs:3:1 › PickList stacks its panes and keeps transfer controls reachable on mobile (1.2s)
  ✓  25 [webkit] › tests/browser/calendar-interactions.spec.mjs:3:1 › Calendar keeps one roving day and commits keyboard selection (2.9s)
  ✓  29 [webkit] › tests/browser/overlay-interactions.spec.mjs:24:1 › button icon and label keep the intended 8px rendered gap (2.3s)
  ✓  26 [webkit] › tests/browser/overlay-interactions.spec.mjs:10:1 › DateTime picker dismisses after clicking outside its popup (3.5s)
  ✓  28 [webkit] › tests/browser/overlay-interactions.spec.mjs:67:1 › declarative modal applies default Escape and backdrop dismissal (2.5s)
  ✓  27 [webkit] › tests/browser/overlay-interactions.spec.mjs:49:1 › tooltip documentation example appears on hover and cleans up on exit (3.8s)
  ✓  30 [webkit] › tests/browser/overlay-interactions.spec.mjs:88:1 › declarative modal enters, traps, and restores keyboard focus (1.6s)
  ✓  32 [webkit] › tests/browser/overlay-interactions.spec.mjs:149:1 › Galleria fullscreen contains focus and restores it after Escape (1.7s)
  ✓  33 [webkit] › tests/browser/overlay-interactions.spec.mjs:174:1 › required declarative modal ignores Escape and backdrop dismissal (1.7s)
  ✓  34 [webkit] › tests/browser/pick-list-drag-interactions.spec.mjs:3:1 › PickList transfers an item through a desktop drag gesture (1.7s)
  ✓  31 [webkit] › tests/browser/overlay-interactions.spec.mjs:120:1 › Image preview opens accessibly and returns focus after Escape (2.1s)
  ✓  35 [webkit] › tests/browser/pick-list-interactions.spec.mjs:3:1 › PickList stacks its panes and keeps transfer controls reachable on mobile (1.4s)
  ✓  36 [webkit] › tests/browser/tags-input-interactions.spec.mjs:3:1 › TagsInput addOnTab commits and moves focus to the next control (737ms)

  36 passed (26.6s)
