
> orc-ds-workspace@0.0.0 verify:docs
> npm run verify:inventory && npm run verify:docs-integrity


> orc-ds-workspace@0.0.0 verify:inventory
> node tools/quality/inventory.mjs --check

Verified 147 components, 19 directives, 4 services, and 223 entry points. Inventory: docs/quality/component-inventory.md

> orc-ds-workspace@0.0.0 verify:docs-integrity
> node tools/quality/verify-documentation-integrity.mjs

{
  "qualityMarkdown": 144,
  "localMarkdownLinks": 1080,
  "publicLlmsLocalLinks": 1,
  "sourceAnchors": 408,
  "p2SourceAnchors": 171,
  "ledgerRows": 147,
  "inventoryComponents": 147,
  "directiveServiceLedgerRows": 23,
  "inventoryDirectivesAndServices": 23,
  "sourceAnchorsOutOfDate": [],
  "ledgerMissing": [],
  "ledgerExtra": [],
  "coverageSpecMismatches": [],
  "directiveServiceLedgerMissing": [],
  "directiveServiceLedgerExtra": [],
  "directiveServiceAnchorsOutOfDate": [],
  "bad": [],
  "unresolved": []
}
