
> orc-ds-workspace@0.0.0 build:template
> ng build template

❯ Building...
✔ Building...
Initial chunk files   | Names                    |  Raw size | Estimated transfer size
main-S2UEGBME.js      | main                     | 339.92 kB |                90.04 kB
polyfills-RV3JTMEC.js | polyfills                |  35.78 kB |                11.63 kB
styles-LGULNILN.css   | styles                   |  13.67 kB |                 2.06 kB

                      | Initial total            | 389.37 kB |               103.73 kB

Lazy chunk files      | Names                    |  Raw size | Estimated transfer size
chunk-DSaDN8Kw.js     | crud-page-component      | 130.35 kB |                26.20 kB
chunk-brOaAUgl.js     | -                        |  93.79 kB |                22.61 kB
chunk-BI7Ebwh5.js     | settings-page-component  |  90.04 kB |                18.51 kB
chunk-S5pm8C3D.js     | -                        |  66.36 kB |                15.62 kB
chunk-CfzIXNYz.js     | dashboard-page-component |  47.59 kB |                10.92 kB
chunk-m26TrDeS.js     | -                        |  31.62 kB |                 7.54 kB
chunk-CYSq5z6k.js     | -                        |  30.28 kB |                 5.50 kB
chunk-CYmx3FJh.js     | main-layout-component    |  29.01 kB |                 6.08 kB
chunk-CvsM0ss9.js     | login-page-component     |  19.88 kB |                 4.89 kB
chunk-eWvRoaIR.js     | -                        |  16.57 kB |                 3.74 kB
chunk-B2UqAkMz.js     | -                        |  12.73 kB |                 2.94 kB
chunk-BgNz2Tv5.js     | -                        |  11.47 kB |                 3.05 kB
chunk-9sEktqtS.js     | -                        |  10.84 kB |                 2.61 kB

Application bundle generation complete. [2.257 seconds] - 2026-09-22T18:45:07.422Z

Output location: /Users/matheuscastro/Workspaces/orc_ds/dist/template

