
> orc-ds-workspace@0.0.0 build:docs
> ng build docs

❯ Building...
✔ Building...
Initial chunk files   | Names                        |  Raw size | Estimated transfer size
main-OZYXJWMW.js      | main                         | 390.89 kB |               117.05 kB
polyfills-RV3JTMEC.js | polyfills                    |  35.78 kB |                11.63 kB
styles-45GNDGXW.css   | styles                       |  12.74 kB |                 1.80 kB

                      | Initial total                | 439.41 kB |               130.49 kB

Lazy chunk files      | Names                        |  Raw size | Estimated transfer size
chunk-CbsQJRPY.js     | component-doc-page-component |   2.13 MB |               373.49 kB
chunk-CDXY1G7M.js     | -                            | 271.51 kB |                26.15 kB
chunk-MPOXa1Du.js     | table-page-component         |  69.21 kB |                16.13 kB
chunk-D7lbIy9F2.js    | progress-page-component      |  62.35 kB |                12.06 kB
chunk-DoRTdW1N2.js    | docs-component               |  60.69 kB |                11.59 kB
chunk-DlhjFdDm.js     | -                            |  53.32 kB |                13.84 kB
chunk-CPV6tTg3.js     | toast-page-component         |  51.30 kB |                11.01 kB
chunk-DMtiNpWe.js     | slider-page-component        |  50.94 kB |                11.52 kB
chunk-C1xswNMx.js     | select-page-component        |  49.17 kB |                11.35 kB
chunk-CTmYwKzK.js     | -                            |  47.46 kB |                10.12 kB
chunk-BKB7WrwF.js     | -                            |  46.08 kB |                11.16 kB
chunk-DFjVjKqs.js     | tabs-page-component          |  44.42 kB |                 9.76 kB
chunk-YLeQwTrj.js     | input-page-component         |  41.13 kB |                 9.13 kB
chunk-D97OuFvD2.js    | switch-page-component        |  40.12 kB |                 8.60 kB
chunk-5cFTzIN-.js     | home-component               |  36.34 kB |                 8.87 kB
...and 34 more lazy chunks files. Use "--verbose" to show all the files.

Application bundle generation complete. [6.732 seconds] - 2026-09-22T18:45:00.336Z

Output location: /Users/matheuscastro/Workspaces/orc_ds/dist/docs

