
> orc-ds-workspace@0.0.0 build:docs
> ng build docs

❯ Building...
✔ Building...
Initial chunk files   | Names                          |  Raw size | Estimated transfer size
main-QTO2CM4L.js      | main                           | 403.10 kB |               119.39 kB
polyfills-RV3JTMEC.js | polyfills                      |  35.78 kB |                11.63 kB
styles-45GNDGXW.css   | styles                         |  12.74 kB |                 1.80 kB

                      | Initial total                  | 451.62 kB |               132.83 kB

Lazy chunk files      | Names                          |  Raw size | Estimated transfer size
chunk-CpWMx75s2.js    | icon-catalog-preview-component |   1.84 MB |               315.09 kB
chunk-KAaqFGhK.js     | -                              | 464.06 kB |                53.24 kB
chunk-BI7g_xTJ2.js    | component-doc-page-component   | 360.15 kB |                73.63 kB
chunk-BVlecL9E.js     | table-page-component           |  69.60 kB |                16.27 kB
chunk-C9qrtRz4.js     | progress-page-component        |  62.43 kB |                12.11 kB
chunk-DjmFXoai.js     | menu-family-preview-component  |  60.97 kB |                 9.72 kB
chunk-r6exr9vj.js     | docs-component                 |  60.72 kB |                11.66 kB
chunk-DuWw2VvJ.js     | -                              |  53.34 kB |                13.87 kB
chunk-DRxrQUB0.js     | slider-page-component          |  51.58 kB |                11.72 kB
chunk-BQ31eeK6.js     | toast-page-component           |  51.31 kB |                10.97 kB
chunk-CjFOmIEl.js     | select-page-component          |  50.27 kB |                11.60 kB
chunk-DUhVy1AD.js     | -                              |  47.43 kB |                10.12 kB
chunk-B8QBS6vR.js     | -                              |  46.07 kB |                11.16 kB
chunk-BTNx1R5g2.js    | tabs-page-component            |  44.43 kB |                 9.73 kB
chunk-XYC2zORG2.js    | input-page-component           |  41.14 kB |                 9.14 kB
...and 39 more lazy chunks files. Use "--verbose" to show all the files.

Application bundle generation complete. [5.941 seconds] - 2026-09-23T15:22:46.051Z

Output location: /Users/matheuscastro/Workspaces/orc_ds/dist/docs

