
> orc-ds-workspace@0.0.0 build:template
> ng build template

❯ Building...
✔ Building...
Initial chunk files   | Names                    |  Raw size | Estimated transfer size
main-H5GE2VVT.js      | main                     | 341.22 kB |                90.46 kB
polyfills-RV3JTMEC.js | polyfills                |  35.78 kB |                11.63 kB
styles-LGULNILN.css   | styles                   |  13.67 kB |                 2.06 kB

                      | Initial total            | 390.67 kB |               104.15 kB

Lazy chunk files      | Names                    |  Raw size | Estimated transfer size
chunk-BhAz7l-5.js     | crud-page-component      | 133.72 kB |                26.99 kB
chunk-Cf_XTmdS.js     | -                        |  93.73 kB |                22.68 kB
chunk-QwjJZw3I.js     | settings-page-component  |  93.14 kB |                19.17 kB
chunk-Cy9VzkTg.js     | -                        |  66.70 kB |                15.71 kB
chunk-CZ7TMXF9.js     | dashboard-page-component |  47.69 kB |                10.97 kB
chunk-Bl8D_frY.js     | -                        |  31.94 kB |                 7.63 kB
chunk-DynSTVsB.js     | -                        |  30.32 kB |                 5.52 kB
chunk-DS82fSvM.js     | main-layout-component    |  29.01 kB |                 6.07 kB
chunk-BuL_sLIh.js     | login-page-component     |  20.97 kB |                 5.06 kB
chunk-Do2G5NKe.js     | -                        |  17.31 kB |                 3.87 kB
chunk-B9coPuAe.js     | -                        |  12.80 kB |                 2.93 kB
chunk-CctBdfJi.js     | -                        |  12.73 kB |                 2.94 kB
chunk-DQ_zGg-b.js     | -                        |  11.47 kB |                 3.05 kB

Application bundle generation complete. [1.995 seconds] - 2026-09-23T08:17:28.000Z

Output location: /Users/matheuscastro/Workspaces/orc_ds/dist/template

