
> orc-ds-workspace@0.0.0 build:docs
> ng build docs

❯ Building...
✔ Building...
Initial chunk files   | Names                        |  Raw size | Estimated transfer size
main-JNBY2LZG.js      | main                         | 392.64 kB |               116.94 kB
polyfills-RV3JTMEC.js | polyfills                    |  35.78 kB |                11.63 kB
styles-45GNDGXW.css   | styles                       |  12.74 kB |                 1.80 kB

                      | Initial total                | 441.16 kB |               130.38 kB

Lazy chunk files      | Names                        |  Raw size | Estimated transfer size
chunk-1ozsIOD22.js    | component-doc-page-component |   2.15 MB |               378.26 kB
chunk-Dh2RA0es.js     | -                            | 403.53 kB |                45.14 kB
chunk-o283WsMO.js     | table-page-component         |  69.38 kB |                16.14 kB
chunk-DX2Re5wZ.js     | progress-page-component      |  62.37 kB |                12.07 kB
chunk-CAifWBU8.js     | docs-component               |  60.73 kB |                11.65 kB
chunk-AsHh8XT-.js     | -                            |  53.31 kB |                13.85 kB
chunk-GVQf8xTC.js     | slider-page-component        |  51.57 kB |                11.68 kB
chunk-maWrHJ2D2.js    | toast-page-component         |  51.31 kB |                10.98 kB
chunk-5lQWrglU2.js    | select-page-component        |  50.16 kB |                11.58 kB
chunk-CN867UfG.js     | -                            |  47.48 kB |                10.13 kB
chunk-DFlDBT892.js    | -                            |  46.07 kB |                11.15 kB
chunk-C2CUEmjg2.js    | tabs-page-component          |  44.41 kB |                 9.73 kB
chunk-BxckHZOu.js     | input-page-component         |  41.14 kB |                 9.13 kB
chunk-BohI6Udl2.js    | switch-page-component        |  40.11 kB |                 8.61 kB
chunk-xHTh-3TH.js     | home-component               |  37.72 kB |                 9.18 kB
...and 37 more lazy chunks files. Use "--verbose" to show all the files.

Application bundle generation complete. [5.342 seconds] - 2026-09-23T09:06:35.573Z

Output location: /Users/matheuscastro/Workspaces/orc_ds/dist/docs

