
> orc-ds-workspace@0.0.0 build:template
> ng build template

❯ Building...
✔ Building...
Initial chunk files   | Names                    |  Raw size | Estimated transfer size
main-5YUPLDNZ.js      | main                     | 339.92 kB |                90.03 kB
polyfills-RV3JTMEC.js | polyfills                |  35.78 kB |                11.63 kB
styles-LGULNILN.css   | styles                   |  13.67 kB |                 2.06 kB

                      | Initial total            | 389.37 kB |               103.72 kB

Lazy chunk files      | Names                    |  Raw size | Estimated transfer size
chunk-CflzHw0T.js     | crud-page-component      | 130.32 kB |                26.15 kB
chunk-BdERSyjI.js     | -                        |  93.79 kB |                22.68 kB
chunk-DlfVrHqA.js     | settings-page-component  |  88.24 kB |                18.09 kB
chunk-CTnCtrdx.js     | -                        |  66.36 kB |                15.63 kB
chunk-Cffqtui0.js     | dashboard-page-component |  39.47 kB |                 9.08 kB
chunk-CtbE4Jm6.js     | -                        |  31.62 kB |                 7.53 kB
chunk-BqSUxiaY.js     | -                        |  30.28 kB |                 5.50 kB
chunk-DqUAxDF7.js     | main-layout-component    |  28.87 kB |                 6.02 kB
chunk-Bb9HVue4.js     | login-page-component     |  19.88 kB |                 4.90 kB
chunk-CRdr1ywp.js     | -                        |  16.57 kB |                 3.74 kB
chunk-Dh5EwJDG.js     | -                        |  12.73 kB |                 2.94 kB
chunk-hl2QbXnR.js     | -                        |  11.47 kB |                 3.05 kB
chunk-DcXQCL65.js     | -                        |  10.84 kB |                 2.61 kB

Application bundle generation complete. [2.013 seconds] - 2026-09-13T06:46:15.749Z

Output location: /Users/matheuscastro/Workspaces/orc_ds/dist/template

