
> orc-ds-workspace@0.0.0 build:docs
> ng build docs

❯ Building...
✔ Building...
Initial chunk files   | Names                        |  Raw size | Estimated transfer size
main-JOTKQ22Q.js      | main                         | 390.89 kB |               116.57 kB
polyfills-RV3JTMEC.js | polyfills                    |  35.78 kB |                11.63 kB
styles-45GNDGXW.css   | styles                       |  12.74 kB |                 1.80 kB

                      | Initial total                | 439.41 kB |               130.01 kB

Lazy chunk files      | Names                        |  Raw size | Estimated transfer size
chunk-s2wOK1Rc2.js    | component-doc-page-component |   2.12 MB |               372.65 kB
chunk-CT_1xHbd.js     | -                            | 271.44 kB |                26.16 kB
chunk-DXW4P1d1.js     | table-page-component         |  67.38 kB |                15.48 kB
chunk-C31B-kkb.js     | docs-component               |  60.69 kB |                11.61 kB
chunk-Br_ij6Eo2.js    | progress-page-component      |  60.54 kB |                11.54 kB
chunk-Bxq1rUBr.js     | -                            |  53.32 kB |                13.84 kB
chunk-BsYN0Sw1.js     | toast-page-component         |  51.30 kB |                10.96 kB
chunk-BTxiR588.js     | slider-page-component        |  50.89 kB |                11.43 kB
chunk-DlsW-QJg2.js    | select-page-component        |  49.18 kB |                11.33 kB
chunk-CvfOTdRB.js     | -                            |  47.46 kB |                10.11 kB
chunk-BvE3Da54.js     | -                            |  46.08 kB |                11.16 kB
chunk-rNLJUNVd.js     | input-page-component         |  41.13 kB |                 9.11 kB
chunk-DnKPGK4h2.js    | switch-page-component        |  40.12 kB |                 8.60 kB
chunk-HHQ9Nc0k2.js    | tabs-page-component          |  37.58 kB |                 8.21 kB
chunk-CVWh9GFU.js     | home-component               |  36.34 kB |                 8.90 kB
...and 34 more lazy chunks files. Use "--verbose" to show all the files.

Application bundle generation complete. [5.527 seconds] - 2026-09-13T06:46:09.911Z

Output location: /Users/matheuscastro/Workspaces/orc_ds/dist/docs

