
> orc-ds-workspace@0.0.0 build:template
> ng build template

❯ Building...
✔ Building...
Initial chunk files   | Names                    |  Raw size | Estimated transfer size
main-GVRZOREB.js      | main                     | 339.92 kB |                90.00 kB
polyfills-RV3JTMEC.js | polyfills                |  35.78 kB |                11.63 kB
styles-LGULNILN.css   | styles                   |  13.67 kB |                 2.06 kB

                      | Initial total            | 389.37 kB |               103.69 kB

Lazy chunk files      | Names                    |  Raw size | Estimated transfer size
chunk-xp1FKiOl.js     | crud-page-component      | 131.08 kB |                26.39 kB
chunk-Dzv72abz.js     | -                        |  93.79 kB |                22.62 kB
chunk-CtNhRsiN.js     | settings-page-component  |  91.30 kB |                18.82 kB
chunk-C1eSy9sH.js     | -                        |  66.36 kB |                15.62 kB
chunk-B4jQk2M7.js     | dashboard-page-component |  47.59 kB |                10.97 kB
chunk-rhbyMZEi.js     | -                        |  31.62 kB |                 7.53 kB
chunk-BcjXDche.js     | -                        |  30.28 kB |                 5.51 kB
chunk-C9l-mR8l.js     | main-layout-component    |  29.01 kB |                 6.07 kB
chunk-DCdZcq8F.js     | login-page-component     |  19.88 kB |                 4.90 kB
chunk-Cvhy1Yq0.js     | -                        |  16.57 kB |                 3.74 kB
chunk-CtNuPm5P.js     | -                        |  12.73 kB |                 2.93 kB
chunk-DpUeM4tq.js     | -                        |  11.47 kB |                 3.05 kB
chunk-Cy_Lv7Y3.js     | -                        |  10.84 kB |                 2.61 kB

Application bundle generation complete. [1.976 seconds] - 2026-09-22T21:50:05.616Z

Output location: /Users/matheuscastro/Workspaces/orc_ds/dist/template

