
> orc-ds-workspace@0.0.0 build:docs
> ng build docs

❯ Building...
✔ Building...
Initial chunk files   | Names                        |  Raw size | Estimated transfer size
main-6Z3H5GDG.js      | main                         | 391.32 kB |               116.66 kB
polyfills-RV3JTMEC.js | polyfills                    |  35.78 kB |                11.63 kB
styles-45GNDGXW.css   | styles                       |  12.74 kB |                 1.80 kB

                      | Initial total                | 439.84 kB |               130.10 kB

Lazy chunk files      | Names                        |  Raw size | Estimated transfer size
chunk-Wh0bgNOo2.js    | component-doc-page-component |   2.13 MB |               374.60 kB
chunk-DDl-1Mbk.js     | -                            | 334.32 kB |                34.82 kB
chunk-D15Xe5kl.js     | table-page-component         |  69.21 kB |                16.13 kB
chunk-DptDRLVu2.js    | progress-page-component      |  62.35 kB |                12.05 kB
chunk-CrvhcEs7.js     | docs-component               |  60.69 kB |                11.62 kB
chunk-CVwfGtRl.js     | -                            |  53.32 kB |                13.85 kB
chunk-B6k5bykh.js     | slider-page-component        |  51.54 kB |                11.70 kB
chunk-DFDO6Tog.js     | toast-page-component         |  51.30 kB |                10.98 kB
chunk-B0SCxSUr.js     | select-page-component        |  49.17 kB |                11.34 kB
chunk-DKpQxCNN.js     | -                            |  47.46 kB |                10.12 kB
chunk-DcYwMivr.js     | -                            |  46.08 kB |                11.15 kB
chunk-Bk7pWQcB.js     | tabs-page-component          |  44.42 kB |                 9.74 kB
chunk-tSUlMFtT.js     | input-page-component         |  41.13 kB |                 9.12 kB
chunk-jORJZasH2.js    | switch-page-component        |  40.12 kB |                 8.59 kB
chunk-2K54PPgy2.js    | home-component               |  37.13 kB |                 9.06 kB
...and 37 more lazy chunks files. Use "--verbose" to show all the files.

Application bundle generation complete. [5.692 seconds] - 2026-09-22T21:49:59.904Z

Output location: /Users/matheuscastro/Workspaces/orc_ds/dist/docs

