
> orc-ds-workspace@0.0.0 start
> ng serve docs --port 4307

❯ Building...
✔ Building...
Initial chunk files | Names                        |  Raw size
main.js             | main                         | 116.52 kB | 
styles.css          | styles                       |  14.93 kB | 
chunk-QTFWJEAM.js   | -                            |   2.79 kB | 
polyfills.js        | polyfills                    | 144 bytes | 

                    | Initial total                | 134.37 kB

Lazy chunk files    | Names                        |  Raw size
chunk-QSK4RRPU.js   | component-doc-page-component |   2.97 MB | 
chunk-NAATDG3T.js   | -                            |   1.59 MB | 
chunk-JFQETY2Z.js   | table-page-component         | 217.82 kB | 
chunk-75RMV4UA.js   | progress-page-component      | 189.90 kB | 
chunk-KIO7PVYR.js   | docs-component               | 151.50 kB | 
chunk-VJV2JO3M.js   | slider-page-component        | 149.28 kB | 
chunk-CILKI2Z2.js   | select-page-component        | 148.58 kB | 
chunk-PFJNM6DV.js   | toast-page-component         | 143.94 kB | 
chunk-7DTCTBRM.js   | input-page-component         | 128.37 kB | 
chunk-MKM227ZY.js   | switch-page-component        | 120.04 kB | 
chunk-JKDMYQDJ.js   | tabs-page-component          | 113.55 kB | 
chunk-TK6HJKLK.js   | breadcrumb-page-component    | 110.42 kB | 
chunk-NQMZMCF2.js   | accordion-page-component     |  98.68 kB | 
chunk-WBOGJV2G.js   | alert-page-component         |  96.38 kB | 
chunk-N4UIGX5F.js   | -                            |  92.67 kB | 
...and 32 more lazy chunks files. Use "--verbose" to show all the files.

Application bundle generation complete. [2.916 seconds] - 2026-09-13T06:49:24.857Z

Watch mode enabled. Watching for file changes...
NOTE: Raw file sizes do not reflect development server per-request transformations.
  ➜  Local:   http://localhost:4307/
  ➜  press h + enter to show help
