❯ Building...
✔ Building...
Initial chunk files   | Names                        |  Raw size | Estimated transfer size
main-ISC4EBMD.js      | main                         | 392.60 kB |               116.87 kB
polyfills-RV3JTMEC.js | polyfills                    |  35.78 kB |                11.63 kB
styles-45GNDGXW.css   | styles                       |  12.74 kB |                 1.80 kB

                      | Initial total                | 441.12 kB |               130.31 kB

Lazy chunk files      | Names                        |  Raw size | Estimated transfer size
chunk-BtIHAOYp.js     | component-doc-page-component |   2.13 MB |               375.30 kB
chunk-C6ZcVdHh.js     | -                            | 350.60 kB |                37.97 kB
chunk-B_0QEerj2.js    | table-page-component         |  69.38 kB |                16.18 kB
chunk-DkWkpRtz.js     | progress-page-component      |  62.35 kB |                12.07 kB
chunk-C9Kq-ATj.js     | docs-component               |  60.69 kB |                11.63 kB
chunk-BjrJrTZj.js     | -                            |  53.31 kB |                13.85 kB
chunk-z3TdboT7.js     | slider-page-component        |  51.55 kB |                11.69 kB
chunk-BbhfVwQU2.js    | toast-page-component         |  51.31 kB |                10.98 kB
chunk-BDsqEb2o2.js    | select-page-component        |  49.42 kB |                11.39 kB
chunk-DEDg6cPC.js     | -                            |  47.48 kB |                10.12 kB
chunk-DY3sF22l.js     | -                            |  46.07 kB |                11.15 kB
chunk-BXi0mDG42.js    | tabs-page-component          |  44.42 kB |                 9.74 kB
chunk-BBKnb5z5.js     | input-page-component         |  41.12 kB |                 9.15 kB
chunk-BFt9cTCM.js     | switch-page-component        |  40.13 kB |                 8.63 kB
chunk-lASxC2pj.js     | home-component               |  37.13 kB |                 9.07 kB
...and 37 more lazy chunks files. Use "--verbose" to show all the files.

Application bundle generation complete. [5.677 seconds] - 2026-09-23T01:27:22.811Z

Output location: /Users/matheuscastro/Workspaces/orc_ds/dist/docs

