❯ Building...
✔ Building...
Initial chunk files   | Names                        |  Raw size | Estimated transfer size
main-XKUGUVIZ.js      | main                         | 392.60 kB |               116.91 kB
polyfills-RV3JTMEC.js | polyfills                    |  35.78 kB |                11.63 kB
styles-45GNDGXW.css   | styles                       |  12.74 kB |                 1.80 kB

                      | Initial total                | 441.12 kB |               130.34 kB

Lazy chunk files      | Names                        |  Raw size | Estimated transfer size
chunk-A-lTZ6R2.js     | component-doc-page-component |   2.13 MB |               375.06 kB
chunk-CX4M4hGq.js     | -                            | 350.60 kB |                37.94 kB
chunk-CNXEcUkK.js     | table-page-component         |  69.38 kB |                16.16 kB
chunk-9_9xQXGV.js     | progress-page-component      |  62.35 kB |                12.05 kB
chunk-CYv-bCGT.js     | docs-component               |  60.69 kB |                11.63 kB
chunk-DzTWMzF_.js     | -                            |  53.31 kB |                13.85 kB
chunk-mQa61OE_.js     | slider-page-component        |  51.55 kB |                11.68 kB
chunk-B0xFapR12.js    | toast-page-component         |  51.31 kB |                10.98 kB
chunk-BNxW1iV12.js    | select-page-component        |  49.42 kB |                11.38 kB
chunk-DvksfYYU.js     | -                            |  47.48 kB |                10.13 kB
chunk-BAO777p0.js     | -                            |  46.07 kB |                11.15 kB
chunk-D0ZyQo5N2.js    | tabs-page-component          |  44.42 kB |                 9.76 kB
chunk-DVKXiV9G.js     | input-page-component         |  41.12 kB |                 9.16 kB
chunk-npUK5vV_.js     | switch-page-component        |  40.13 kB |                 8.59 kB
chunk-aS6hUaak2.js    | home-component               |  37.16 kB |                 9.07 kB
...and 37 more lazy chunks files. Use "--verbose" to show all the files.

Application bundle generation complete. [4.931 seconds] - 2026-09-23T02:05:21.207Z

Output location: /Users/matheuscastro/Workspaces/orc_ds/dist/docs

