❯ Building...
✔ Building...
Initial chunk files   | Names                        |  Raw size | Estimated transfer size
main-YMKTA4BN.js      | main                         | 392.60 kB |               117.04 kB
polyfills-RV3JTMEC.js | polyfills                    |  35.78 kB |                11.63 kB
styles-45GNDGXW.css   | styles                       |  12.74 kB |                 1.80 kB

                      | Initial total                | 441.12 kB |               130.48 kB

Lazy chunk files      | Names                        |  Raw size | Estimated transfer size
chunk-CLG-PHVE.js     | component-doc-page-component |   2.13 MB |               375.32 kB
chunk-DYoAjQ-J.js     | -                            | 350.60 kB |                37.96 kB
chunk-DTISGXxb.js     | table-page-component         |  69.38 kB |                16.16 kB
chunk-BeZN7Ynp.js     | progress-page-component      |  62.35 kB |                12.05 kB
chunk-DY-CSxVq.js     | docs-component               |  60.69 kB |                11.61 kB
chunk-YzF1LTwY.js     | -                            |  53.31 kB |                13.84 kB
chunk-DjgO2T0i.js     | slider-page-component        |  51.55 kB |                11.67 kB
chunk-CiaLMGYd2.js    | toast-page-component         |  51.31 kB |                10.98 kB
chunk-B_THsfFw2.js    | select-page-component        |  49.42 kB |                11.39 kB
chunk-JA4kGXSI.js     | -                            |  47.48 kB |                10.12 kB
chunk-DHEeYw6q.js     | -                            |  46.07 kB |                11.15 kB
chunk-CE7qxu542.js    | tabs-page-component          |  44.42 kB |                 9.74 kB
chunk-aIEKcHL9.js     | input-page-component         |  41.12 kB |                 9.15 kB
chunk-CFX2QR0I.js     | switch-page-component        |  40.13 kB |                 8.61 kB
chunk-BuSQiYu32.js    | home-component               |  37.16 kB |                 9.07 kB
...and 37 more lazy chunks files. Use "--verbose" to show all the files.

Application bundle generation complete. [5.589 seconds] - 2026-09-23T01:37:44.911Z

Output location: /Users/matheuscastro/Workspaces/orc_ds/dist/docs

