npm warn EBADENGINE Unsupported engine {
npm warn EBADENGINE   package: '@angular/core@22.0.0',
npm warn EBADENGINE   required: { node: '^22.22.3 || ^24.15.0 || >=26.0.0' },
npm warn EBADENGINE   current: { node: 'v24.2.0', npm: '11.3.0' }
npm warn EBADENGINE }
npm warn EBADENGINE Unsupported engine {
npm warn EBADENGINE   package: '@angular/common@22.0.0',
npm warn EBADENGINE   required: { node: '^22.22.3 || ^24.15.0 || >=26.0.0' },
npm warn EBADENGINE   current: { node: 'v24.2.0', npm: '11.3.0' }
npm warn EBADENGINE }
npm warn EBADENGINE Unsupported engine {
npm warn EBADENGINE   package: '@angular/platform-browser@22.0.0',
npm warn EBADENGINE   required: { node: '^22.22.3 || ^24.15.0 || >=26.0.0' },
npm warn EBADENGINE   current: { node: 'v24.2.0', npm: '11.3.0' }
npm warn EBADENGINE }
npm warn EBADENGINE Unsupported engine {
npm warn EBADENGINE   package: '@angular/compiler@22.0.0',
npm warn EBADENGINE   required: { node: '^22.22.3 || ^24.15.0 || >=26.0.0' },
npm warn EBADENGINE   current: { node: 'v24.2.0', npm: '11.3.0' }
npm warn EBADENGINE }
npm warn EBADENGINE Unsupported engine {
npm warn EBADENGINE   package: '@angular/forms@22.0.0',
npm warn EBADENGINE   required: { node: '^22.22.3 || ^24.15.0 || >=26.0.0' },
npm warn EBADENGINE   current: { node: 'v24.2.0', npm: '11.3.0' }
npm warn EBADENGINE }
npm warn EBADENGINE Unsupported engine {
npm warn EBADENGINE   package: '@angular/router@22.0.0',
npm warn EBADENGINE   required: { node: '^22.22.3 || ^24.15.0 || >=26.0.0' },
npm warn EBADENGINE   current: { node: 'v24.2.0', npm: '11.3.0' }
npm warn EBADENGINE }

added 16 packages in 817ms
Validated 224 JavaScript entry points and consolidated aliases in an isolated npm consumer.
Validated public type declarations without skipLibCheck.
Validated 5 packed Sass entry points.
