npm warn EBADENGINE Unsupported engine {
npm warn EBADENGINE   package: '@angular/common@22.1.2',
npm warn EBADENGINE   required: { node: '^22.22.3 || ^24.15.0 || >=26.0.0' },
npm warn EBADENGINE   current: { node: 'v24.2.0', npm: '11.3.0' }
npm warn EBADENGINE }
npm warn EBADENGINE Unsupported engine {
npm warn EBADENGINE   package: '@angular/core@22.1.2',
npm warn EBADENGINE   required: { node: '^22.22.3 || ^24.15.0 || >=26.0.0' },
npm warn EBADENGINE   current: { node: 'v24.2.0', npm: '11.3.0' }
npm warn EBADENGINE }
npm warn EBADENGINE Unsupported engine {
npm warn EBADENGINE   package: '@angular/compiler@22.1.2',
npm warn EBADENGINE   required: { node: '^22.22.3 || ^24.15.0 || >=26.0.0' },
npm warn EBADENGINE   current: { node: 'v24.2.0', npm: '11.3.0' }
npm warn EBADENGINE }
npm warn EBADENGINE Unsupported engine {
npm warn EBADENGINE   package: '@angular/forms@22.1.2',
npm warn EBADENGINE   required: { node: '^22.22.3 || ^24.15.0 || >=26.0.0' },
npm warn EBADENGINE   current: { node: 'v24.2.0', npm: '11.3.0' }
npm warn EBADENGINE }
npm warn EBADENGINE Unsupported engine {
npm warn EBADENGINE   package: '@angular/platform-browser@22.1.2',
npm warn EBADENGINE   required: { node: '^22.22.3 || ^24.15.0 || >=26.0.0' },
npm warn EBADENGINE   current: { node: 'v24.2.0', npm: '11.3.0' }
npm warn EBADENGINE }
npm warn EBADENGINE Unsupported engine {
npm warn EBADENGINE   package: '@angular/platform-server@22.1.2',
npm warn EBADENGINE   required: { node: '^22.22.3 || ^24.15.0 || >=26.0.0' },
npm warn EBADENGINE   current: { node: 'v24.2.0', npm: '11.3.0' }
npm warn EBADENGINE }
npm warn EBADENGINE Unsupported engine {
npm warn EBADENGINE   package: '@angular/router@22.1.2',
npm warn EBADENGINE   required: { node: '^22.22.3 || ^24.15.0 || >=26.0.0' },
npm warn EBADENGINE   current: { node: 'v24.2.0', npm: '11.3.0' }
npm warn EBADENGINE }

added 18 packages in 2s
SSR verification fixture retained at /var/folders/qm/kzy8my_n3q70rt4bnf_8d1dw0000gn/T/orchestra-ssr-iycJsZ
file:///Users/matheuscastro/Workspaces/orc_ds/tools/quality/verify-ssr.mjs:392
    throw new Error(
          ^

Error: SSR verification found 1 failures and 0 diagnostics. See docs/quality/verification/verify-ssr-result.json.
    at file:///Users/matheuscastro/Workspaces/orc_ds/tools/quality/verify-ssr.mjs:392:11
    at ModuleJob.run (node:internal/modules/esm/module_job:439:25)
    at async node:internal/modules/esm/loader:643:26
    at async asyncRunEntryPointWithESMLoader (node:internal/modules/run_main:101:5)

Node.js v24.19.0
