
> orc-ds-workspace@0.0.0 build:docs
> ng build docs

❯ Building...
✔ Building...
Application bundle generation failed. [2.058 seconds] - 2026-09-23T00:35:13.327Z

✘ [ERROR] Could not resolve "@ciag/orchestra/autocomplete"

    projects/docs/src/app/pages/components/component-doc/component-doc-page.component.ts:5:58:
      5 │ ...omponent, AutocompleteOption } from '@ciag/orchestra/autocomplete';
        ╵                                        ~~~~~~~~~~~~~~~~~~~~~~~~~~~~~~

  You can mark the path "@ciag/orchestra/autocomplete" as external to exclude it from the bundle, which will remove this error and leave the unresolved path in the bundle.


✘ [ERROR] TS2307: Cannot find module '@ciag/orchestra/autocomplete' or its corresponding type declarations. [plugin angular-compiler]

    projects/docs/src/app/pages/components/component-doc/component-doc-page.component.ts:5:58:
      5 │ ...omponent, AutocompleteOption } from '@ciag/orchestra/autocomplete';
        ╵                                        ~~~~~~~~~~~~~~~~~~~~~~~~~~~~~~


✘ [ERROR] Could not resolve "@ciag/orchestra/carousel"

    projects/docs/src/app/pages/components/component-doc/component-doc-page.component.ts:6:48:
      6 │ ... CarouselComponent, CarouselItem } from '@ciag/orchestra/carousel';
        ╵                                            ~~~~~~~~~~~~~~~~~~~~~~~~~~

  You can mark the path "@ciag/orchestra/carousel" as external to exclude it from the bundle, which will remove this error and leave the unresolved path in the bundle.


✘ [ERROR] TS2307: Cannot find module '@ciag/orchestra/carousel' or its corresponding type declarations. [plugin angular-compiler]

    projects/docs/src/app/pages/components/component-doc/component-doc-page.component.ts:6:48:
      6 │ ... CarouselComponent, CarouselItem } from '@ciag/orchestra/carousel';
        ╵                                            ~~~~~~~~~~~~~~~~~~~~~~~~~~


✘ [ERROR] Could not resolve "@ciag/orchestra/chip"

    projects/docs/src/app/pages/components/component-doc/component-doc-page.component.ts:7:30:
      7 │ import { ChipComponent } from '@ciag/orchestra/chip';
        ╵                               ~~~~~~~~~~~~~~~~~~~~~~

  You can mark the path "@ciag/orchestra/chip" as external to exclude it from the bundle, which will remove this error and leave the unresolved path in the bundle.


✘ [ERROR] TS2307: Cannot find module '@ciag/orchestra/chip' or its corresponding type declarations. [plugin angular-compiler]

    projects/docs/src/app/pages/components/component-doc/component-doc-page.component.ts:7:30:
      7 │ import { ChipComponent } from '@ciag/orchestra/chip';
        ╵                               ~~~~~~~~~~~~~~~~~~~~~~


✘ [ERROR] Could not resolve "@ciag/orchestra/collapsible"

    projects/docs/src/app/pages/components/component-doc/component-doc-page.component.ts:8:37:
      8 │ import { CollapsibleComponent } from '@ciag/orchestra/collapsible';
        ╵                                      ~~~~~~~~~~~~~~~~~~~~~~~~~~~~~

  You can mark the path "@ciag/orchestra/collapsible" as external to exclude it from the bundle, which will remove this error and leave the unresolved path in the bundle.


✘ [ERROR] TS2307: Cannot find module '@ciag/orchestra/collapsible' or its corresponding type declarations. [plugin angular-compiler]

    projects/docs/src/app/pages/components/component-doc/component-doc-page.component.ts:8:37:
      8 │ import { CollapsibleComponent } from '@ciag/orchestra/collapsible';
        ╵                                      ~~~~~~~~~~~~~~~~~~~~~~~~~~~~~


✘ [ERROR] Could not resolve "@ciag/orchestra/color-picker"

    projects/docs/src/app/pages/components/component-doc/component-doc-page.component.ts:9:37:
      9 │ import { ColorPickerComponent } from '@ciag/orchestra/color-picker';
        ╵                                      ~~~~~~~~~~~~~~~~~~~~~~~~~~~~~~

  You can mark the path "@ciag/orchestra/color-picker" as external to exclude it from the bundle, which will remove this error and leave the unresolved path in the bundle.


✘ [ERROR] TS2307: Cannot find module '@ciag/orchestra/color-picker' or its corresponding type declarations. [plugin angular-compiler]

    projects/docs/src/app/pages/components/component-doc/component-doc-page.component.ts:9:37:
      9 │ import { ColorPickerComponent } from '@ciag/orchestra/color-picker';
        ╵                                      ~~~~~~~~~~~~~~~~~~~~~~~~~~~~~~


✘ [ERROR] Could not resolve "@ciag/orchestra/date-picker"

    projects/docs/src/app/pages/components/component-doc/component-doc-page.component.ts:10:36:
      10 │ import { DatePickerComponent } from '@ciag/orchestra/date-picker';
         ╵                                     ~~~~~~~~~~~~~~~~~~~~~~~~~~~~~

  You can mark the path "@ciag/orchestra/date-picker" as external to exclude it from the bundle, which will remove this error and leave the unresolved path in the bundle.


✘ [ERROR] TS2307: Cannot find module '@ciag/orchestra/date-picker' or its corresponding type declarations. [plugin angular-compiler]

    projects/docs/src/app/pages/components/component-doc/component-doc-page.component.ts:10:36:
      10 │ import { DatePickerComponent } from '@ciag/orchestra/date-picker';
         ╵                                     ~~~~~~~~~~~~~~~~~~~~~~~~~~~~~


✘ [ERROR] Could not resolve "@ciag/orchestra/divider"

    projects/docs/src/app/pages/components/component-doc/component-doc-page.component.ts:11:33:
      11 │ import { DividerComponent } from '@ciag/orchestra/divider';
         ╵                                  ~~~~~~~~~~~~~~~~~~~~~~~~~

  You can mark the path "@ciag/orchestra/divider" as external to exclude it from the bundle, which will remove this error and leave the unresolved path in the bundle.


✘ [ERROR] TS2307: Cannot find module '@ciag/orchestra/divider' or its corresponding type declarations. [plugin angular-compiler]

    projects/docs/src/app/pages/components/component-doc/component-doc-page.component.ts:11:33:
      11 │ import { DividerComponent } from '@ciag/orchestra/divider';
         ╵                                  ~~~~~~~~~~~~~~~~~~~~~~~~~


✘ [ERROR] Could not resolve "@ciag/orchestra/drawer"

    projects/docs/src/app/pages/components/component-doc/component-doc-page.component.ts:12:32:
      12 │ import { DrawerComponent } from '@ciag/orchestra/drawer';
         ╵                                 ~~~~~~~~~~~~~~~~~~~~~~~~

  You can mark the path "@ciag/orchestra/drawer" as external to exclude it from the bundle, which will remove this error and leave the unresolved path in the bundle.


✘ [ERROR] TS2307: Cannot find module '@ciag/orchestra/drawer' or its corresponding type declarations. [plugin angular-compiler]

    projects/docs/src/app/pages/components/component-doc/component-doc-page.component.ts:12:32:
      12 │ import { DrawerComponent } from '@ciag/orchestra/drawer';
         ╵                                 ~~~~~~~~~~~~~~~~~~~~~~~~


✘ [ERROR] Could not resolve "@ciag/orchestra/form"

    projects/docs/src/app/pages/components/component-doc/component-doc-page.component.ts:15:47:
      15 │ ...rt { FormComponent, FormSubmitEvent } from '@ciag/orchestra/form';
         ╵                                               ~~~~~~~~~~~~~~~~~~~~~~

  You can mark the path "@ciag/orchestra/form" as external to exclude it from the bundle, which will remove this error and leave the unresolved path in the bundle.


✘ [ERROR] TS2307: Cannot find module '@ciag/orchestra/form' or its corresponding type declarations. [plugin angular-compiler]

    projects/docs/src/app/pages/components/component-doc/component-doc-page.component.ts:15:47:
      15 │ ...rt { FormComponent, FormSubmitEvent } from '@ciag/orchestra/form';
         ╵                                               ~~~~~~~~~~~~~~~~~~~~~~


✘ [ERROR] Could not resolve "@ciag/orchestra/form-field"

    projects/docs/src/app/pages/components/component-doc/component-doc-page.component.ts:16:35:
      16 │ import { FormFieldComponent } from '@ciag/orchestra/form-field';
         ╵                                    ~~~~~~~~~~~~~~~~~~~~~~~~~~~~

  You can mark the path "@ciag/orchestra/form-field" as external to exclude it from the bundle, which will remove this error and leave the unresolved path in the bundle.


✘ [ERROR] TS2307: Cannot find module '@ciag/orchestra/form-field' or its corresponding type declarations. [plugin angular-compiler]

    projects/docs/src/app/pages/components/component-doc/component-doc-page.component.ts:16:35:
      16 │ import { FormFieldComponent } from '@ciag/orchestra/form-field';
         ╵                                    ~~~~~~~~~~~~~~~~~~~~~~~~~~~~


✘ [ERROR] Could not resolve "@ciag/orchestra/icon"

    projects/docs/src/app/pages/components/component-doc/component-doc-page.component.ts:17:30:
      17 │ import { IconComponent } from '@ciag/orchestra/icon';
         ╵                               ~~~~~~~~~~~~~~~~~~~~~~

  You can mark the path "@ciag/orchestra/icon" as external to exclude it from the bundle, which will remove this error and leave the unresolved path in the bundle.


✘ [ERROR] TS2307: Cannot find module '@ciag/orchestra/icon' or its corresponding type declarations. [plugin angular-compiler]

    projects/docs/src/app/pages/components/component-doc/component-doc-page.component.ts:17:30:
      17 │ import { IconComponent } from '@ciag/orchestra/icon';
         ╵                               ~~~~~~~~~~~~~~~~~~~~~~


✘ [ERROR] TS2307: Cannot find module '@ciag/orchestra/icon' or its corresponding type declarations. [plugin angular-compiler]

    projects/docs/src/app/pages/components/component-doc/component-doc-page.component.ts:18:32:
      18 │ import type { IconFamily } from '@ciag/orchestra/icon';
         ╵                                 ~~~~~~~~~~~~~~~~~~~~~~


✘ [ERROR] Could not resolve "@ciag/orchestra/icons"

    projects/docs/src/app/pages/components/component-doc/component-doc-page.component.ts:19:37:
      19 │ import { ORC_MATERIAL_SYMBOLS } from '@ciag/orchestra/icons';
         ╵                                      ~~~~~~~~~~~~~~~~~~~~~~~

  You can mark the path "@ciag/orchestra/icons" as external to exclude it from the bundle, which will remove this error and leave the unresolved path in the bundle.


✘ [ERROR] TS2307: Cannot find module '@ciag/orchestra/icons' or its corresponding type declarations. [plugin angular-compiler]

    projects/docs/src/app/pages/components/component-doc/component-doc-page.component.ts:19:37:
      19 │ import { ORC_MATERIAL_SYMBOLS } from '@ciag/orchestra/icons';
         ╵                                      ~~~~~~~~~~~~~~~~~~~~~~~


✘ [ERROR] Could not resolve "@ciag/orchestra/image"

    projects/docs/src/app/pages/components/component-doc/component-doc-page.component.ts:20:31:
      20 │ import { ImageComponent } from '@ciag/orchestra/image';
         ╵                                ~~~~~~~~~~~~~~~~~~~~~~~

  You can mark the path "@ciag/orchestra/image" as external to exclude it from the bundle, which will remove this error and leave the unresolved path in the bundle.


✘ [ERROR] TS2307: Cannot find module '@ciag/orchestra/image' or its corresponding type declarations. [plugin angular-compiler]

    projects/docs/src/app/pages/components/component-doc/component-doc-page.component.ts:20:31:
      20 │ import { ImageComponent } from '@ciag/orchestra/image';
         ╵                                ~~~~~~~~~~~~~~~~~~~~~~~


✘ [ERROR] Could not resolve "@ciag/orchestra/list"

    projects/docs/src/app/pages/components/component-doc/component-doc-page.component.ts:21:40:
      21 │ import { ListComponent, ListItem } from '@ciag/orchestra/list';
         ╵                                         ~~~~~~~~~~~~~~~~~~~~~~

  You can mark the path "@ciag/orchestra/list" as external to exclude it from the bundle, which will remove this error and leave the unresolved path in the bundle.


✘ [ERROR] TS2307: Cannot find module '@ciag/orchestra/list' or its corresponding type declarations. [plugin angular-compiler]

    projects/docs/src/app/pages/components/component-doc/component-doc-page.component.ts:21:40:
      21 │ import { ListComponent, ListItem } from '@ciag/orchestra/list';
         ╵                                         ~~~~~~~~~~~~~~~~~~~~~~


✘ [ERROR] Could not resolve "@ciag/orchestra/number-input"

    projects/docs/src/app/pages/components/component-doc/component-doc-page.component.ts:22:37:
      22 │ import { NumberInputComponent } from '@ciag/orchestra/number-input';
         ╵                                      ~~~~~~~~~~~~~~~~~~~~~~~~~~~~~~

  You can mark the path "@ciag/orchestra/number-input" as external to exclude it from the bundle, which will remove this error and leave the unresolved path in the bundle.


✘ [ERROR] TS2307: Cannot find module '@ciag/orchestra/number-input' or its corresponding type declarations. [plugin angular-compiler]

    projects/docs/src/app/pages/components/component-doc/component-doc-page.component.ts:22:37:
      22 │ import { NumberInputComponent } from '@ciag/orchestra/number-input';
         ╵                                      ~~~~~~~~~~~~~~~~~~~~~~~~~~~~~~


✘ [ERROR] Could not resolve "@ciag/orchestra/scroll-area"

    projects/docs/src/app/pages/components/component-doc/component-doc-page.component.ts:27:36:
      27 │ import { ScrollAreaComponent } from '@ciag/orchestra/scroll-area';
         ╵                                     ~~~~~~~~~~~~~~~~~~~~~~~~~~~~~

  You can mark the path "@ciag/orchestra/scroll-area" as external to exclude it from the bundle, which will remove this error and leave the unresolved path in the bundle.


✘ [ERROR] TS2307: Cannot find module '@ciag/orchestra/scroll-area' or its corresponding type declarations. [plugin angular-compiler]

    projects/docs/src/app/pages/components/component-doc/component-doc-page.component.ts:27:36:
      27 │ import { ScrollAreaComponent } from '@ciag/orchestra/scroll-area';
         ╵                                     ~~~~~~~~~~~~~~~~~~~~~~~~~~~~~


✘ [ERROR] Could not resolve "@ciag/orchestra/timeline"

    projects/docs/src/app/pages/components/component-doc/component-doc-page.component.ts:28:48:
      28 │ ...TimelineComponent, TimelineItem } from '@ciag/orchestra/timeline';
         ╵                                           ~~~~~~~~~~~~~~~~~~~~~~~~~~

  You can mark the path "@ciag/orchestra/timeline" as external to exclude it from the bundle, which will remove this error and leave the unresolved path in the bundle.


✘ [ERROR] TS2307: Cannot find module '@ciag/orchestra/timeline' or its corresponding type declarations. [plugin angular-compiler]

    projects/docs/src/app/pages/components/component-doc/component-doc-page.component.ts:28:48:
      28 │ ...TimelineComponent, TimelineItem } from '@ciag/orchestra/timeline';
         ╵                                           ~~~~~~~~~~~~~~~~~~~~~~~~~~


✘ [ERROR] Could not resolve "@ciag/orchestra/toolbar"

    projects/docs/src/app/pages/components/component-doc/component-doc-page.component.ts:29:55:
      29 │ ...rComponent, ToolbarItemDirective } from '@ciag/orchestra/toolbar';
         ╵                                            ~~~~~~~~~~~~~~~~~~~~~~~~~

  You can mark the path "@ciag/orchestra/toolbar" as external to exclude it from the bundle, which will remove this error and leave the unresolved path in the bundle.


✘ [ERROR] TS2307: Cannot find module '@ciag/orchestra/toolbar' or its corresponding type declarations. [plugin angular-compiler]

    projects/docs/src/app/pages/components/component-doc/component-doc-page.component.ts:29:55:
      29 │ ...rComponent, ToolbarItemDirective } from '@ciag/orchestra/toolbar';
         ╵                                            ~~~~~~~~~~~~~~~~~~~~~~~~~


✘ [ERROR] Could not resolve "@ciag/orchestra/tree-view"

    projects/docs/src/app/pages/components/component-doc/component-doc-page.component.ts:30:44:
      30 │ ... { TreeNode, TreeViewComponent } from '@ciag/orchestra/tree-view';
         ╵                                          ~~~~~~~~~~~~~~~~~~~~~~~~~~~

  You can mark the path "@ciag/orchestra/tree-view" as external to exclude it from the bundle, which will remove this error and leave the unresolved path in the bundle.


✘ [ERROR] TS2307: Cannot find module '@ciag/orchestra/tree-view' or its corresponding type declarations. [plugin angular-compiler]

    projects/docs/src/app/pages/components/component-doc/component-doc-page.component.ts:30:44:
      30 │ ... { TreeNode, TreeViewComponent } from '@ciag/orchestra/tree-view';
         ╵                                          ~~~~~~~~~~~~~~~~~~~~~~~~~~~


✘ [ERROR] Could not resolve "@ciag/orchestra/p2"

    projects/docs/src/app/pages/components/component-doc/component-doc-page.component.ts:31:718:
      31 │ ...erComponent, VisuallyHiddenComponent, } from '@ciag/orchestra/p2';
         ╵                                                 ~~~~~~~~~~~~~~~~~~~~

  You can mark the path "@ciag/orchestra/p2" as external to exclude it from the bundle, which will remove this error and leave the unresolved path in the bundle.


✘ [ERROR] TS2307: Cannot find module '@ciag/orchestra/p2' or its corresponding type declarations. [plugin angular-compiler]

    projects/docs/src/app/pages/components/component-doc/component-doc-page.component.ts:68:7:
      68 │ } from '@ciag/orchestra/p2';
         ╵        ~~~~~~~~~~~~~~~~~~~~


✘ [ERROR] TS2307: Cannot find module '@ciag/orchestra/p2' or its corresponding type declarations. [plugin angular-compiler]

    projects/docs/src/app/pages/components/component-doc/component-doc-page.component.ts:77:7:
      77 │ } from '@ciag/orchestra/p2';
         ╵        ~~~~~~~~~~~~~~~~~~~~


✘ [ERROR] NG1010: 'imports' must be an array of components, directives, pipes, or NgModules.
  Value could not be determined statically. [plugin angular-compiler]

    projects/docs/src/app/pages/components/component-doc/component-doc-page.component.ts:662:4:
      662 │     AutocompleteComponent,
          ╵     ~~~~~~~~~~~~~~~~~~~~~

  Unknown reference.

    projects/docs/src/app/pages/components/component-doc/component-doc-page.component.ts:662:4:
      662 │     AutocompleteComponent,
          ╵     ~~~~~~~~~~~~~~~~~~~~~


✘ [ERROR] NG1010: 'imports' must be an array of components, directives, pipes, or NgModules.
  Value could not be determined statically. [plugin angular-compiler]

    projects/docs/src/app/pages/components/component-doc/component-doc-page.component.ts:663:4:
      663 │     CarouselComponent,
          ╵     ~~~~~~~~~~~~~~~~~

  Unknown reference.

    projects/docs/src/app/pages/components/component-doc/component-doc-page.component.ts:663:4:
      663 │     CarouselComponent,
          ╵     ~~~~~~~~~~~~~~~~~


✘ [ERROR] NG1010: 'imports' must be an array of components, directives, pipes, or NgModules.
  Value could not be determined statically. [plugin angular-compiler]

    projects/docs/src/app/pages/components/component-doc/component-doc-page.component.ts:664:4:
      664 │     ChipComponent,
          ╵     ~~~~~~~~~~~~~

  Unknown reference.

    projects/docs/src/app/pages/components/component-doc/component-doc-page.component.ts:664:4:
      664 │     ChipComponent,
          ╵     ~~~~~~~~~~~~~


✘ [ERROR] NG1010: 'imports' must be an array of components, directives, pipes, or NgModules.
  Value could not be determined statically. [plugin angular-compiler]

    projects/docs/src/app/pages/components/component-doc/component-doc-page.component.ts:665:4:
      665 │     CollapsibleComponent,
          ╵     ~~~~~~~~~~~~~~~~~~~~

  Unknown reference.

    projects/docs/src/app/pages/components/component-doc/component-doc-page.component.ts:665:4:
      665 │     CollapsibleComponent,
          ╵     ~~~~~~~~~~~~~~~~~~~~


✘ [ERROR] NG1010: 'imports' must be an array of components, directives, pipes, or NgModules.
  Value could not be determined statically. [plugin angular-compiler]

    projects/docs/src/app/pages/components/component-doc/component-doc-page.component.ts:666:4:
      666 │     ColorPickerComponent,
          ╵     ~~~~~~~~~~~~~~~~~~~~

  Unknown reference.

    projects/docs/src/app/pages/components/component-doc/component-doc-page.component.ts:666:4:
      666 │     ColorPickerComponent,
          ╵     ~~~~~~~~~~~~~~~~~~~~


✘ [ERROR] NG1010: 'imports' must be an array of components, directives, pipes, or NgModules.
  Value could not be determined statically. [plugin angular-compiler]

    projects/docs/src/app/pages/components/component-doc/component-doc-page.component.ts:667:4:
      667 │     DatePickerComponent,
          ╵     ~~~~~~~~~~~~~~~~~~~

  Unknown reference.

    projects/docs/src/app/pages/components/component-doc/component-doc-page.component.ts:667:4:
      667 │     DatePickerComponent,
          ╵     ~~~~~~~~~~~~~~~~~~~


✘ [ERROR] NG1010: 'imports' must be an array of components, directives, pipes, or NgModules.
  Value could not be determined statically. [plugin angular-compiler]

    projects/docs/src/app/pages/components/component-doc/component-doc-page.component.ts:668:4:
      668 │     DividerComponent,
          ╵     ~~~~~~~~~~~~~~~~

  Unknown reference.

    projects/docs/src/app/pages/components/component-doc/component-doc-page.component.ts:668:4:
      668 │     DividerComponent,
          ╵     ~~~~~~~~~~~~~~~~


✘ [ERROR] NG1010: 'imports' must be an array of components, directives, pipes, or NgModules.
  Value could not be determined statically. [plugin angular-compiler]

    projects/docs/src/app/pages/components/component-doc/component-doc-page.component.ts:669:4:
      669 │     DrawerComponent,
          ╵     ~~~~~~~~~~~~~~~

  Unknown reference.

    projects/docs/src/app/pages/components/component-doc/component-doc-page.component.ts:669:4:
      669 │     DrawerComponent,
          ╵     ~~~~~~~~~~~~~~~


✘ [ERROR] NG1010: 'imports' must be an array of components, directives, pipes, or NgModules.
  Value could not be determined statically. [plugin angular-compiler]

    projects/docs/src/app/pages/components/component-doc/component-doc-page.component.ts:672:4:
      672 │     FormComponent,
          ╵     ~~~~~~~~~~~~~

  Unknown reference.

    projects/docs/src/app/pages/components/component-doc/component-doc-page.component.ts:672:4:
      672 │     FormComponent,
          ╵     ~~~~~~~~~~~~~


✘ [ERROR] NG1010: 'imports' must be an array of components, directives, pipes, or NgModules.
  Value could not be determined statically. [plugin angular-compiler]

    projects/docs/src/app/pages/components/component-doc/component-doc-page.component.ts:673:4:
      673 │     FormFieldComponent,
          ╵     ~~~~~~~~~~~~~~~~~~

  Unknown reference.

    projects/docs/src/app/pages/components/component-doc/component-doc-page.component.ts:673:4:
      673 │     FormFieldComponent,
          ╵     ~~~~~~~~~~~~~~~~~~


✘ [ERROR] NG1010: 'imports' must be an array of components, directives, pipes, or NgModules.
  Value could not be determined statically. [plugin angular-compiler]

    projects/docs/src/app/pages/components/component-doc/component-doc-page.component.ts:674:4:
      674 │     IconComponent,
          ╵     ~~~~~~~~~~~~~

  Unknown reference.

    projects/docs/src/app/pages/components/component-doc/component-doc-page.component.ts:674:4:
      674 │     IconComponent,
          ╵     ~~~~~~~~~~~~~


✘ [ERROR] NG1010: 'imports' must be an array of components, directives, pipes, or NgModules.
  Value could not be determined statically. [plugin angular-compiler]

    projects/docs/src/app/pages/components/component-doc/component-doc-page.component.ts:675:4:
      675 │     ImageComponent,
          ╵     ~~~~~~~~~~~~~~

  Unknown reference.

    projects/docs/src/app/pages/components/component-doc/component-doc-page.component.ts:675:4:
      675 │     ImageComponent,
          ╵     ~~~~~~~~~~~~~~


✘ [ERROR] NG1010: 'imports' must be an array of components, directives, pipes, or NgModules.
  Value could not be determined statically. [plugin angular-compiler]

    projects/docs/src/app/pages/components/component-doc/component-doc-page.component.ts:676:4:
      676 │     ListComponent,
          ╵     ~~~~~~~~~~~~~

  Unknown reference.

    projects/docs/src/app/pages/components/component-doc/component-doc-page.component.ts:676:4:
      676 │     ListComponent,
          ╵     ~~~~~~~~~~~~~


✘ [ERROR] NG1010: 'imports' must be an array of components, directives, pipes, or NgModules.
  Value could not be determined statically. [plugin angular-compiler]

    projects/docs/src/app/pages/components/component-doc/component-doc-page.component.ts:677:4:
      677 │     NumberInputComponent,
          ╵     ~~~~~~~~~~~~~~~~~~~~

  Unknown reference.

    projects/docs/src/app/pages/components/component-doc/component-doc-page.component.ts:677:4:
      677 │     NumberInputComponent,
          ╵     ~~~~~~~~~~~~~~~~~~~~


✘ [ERROR] NG1010: 'imports' must be an array of components, directives, pipes, or NgModules.
  Value could not be determined statically. [plugin angular-compiler]

    projects/docs/src/app/pages/components/component-doc/component-doc-page.component.ts:684:4:
      684 │     ScrollAreaComponent,
          ╵     ~~~~~~~~~~~~~~~~~~~

  Unknown reference.

    projects/docs/src/app/pages/components/component-doc/component-doc-page.component.ts:684:4:
      684 │     ScrollAreaComponent,
          ╵     ~~~~~~~~~~~~~~~~~~~


✘ [ERROR] NG1010: 'imports' must be an array of components, directives, pipes, or NgModules.
  Value could not be determined statically. [plugin angular-compiler]

    projects/docs/src/app/pages/components/component-doc/component-doc-page.component.ts:685:4:
      685 │     TimelineComponent,
          ╵     ~~~~~~~~~~~~~~~~~

  Unknown reference.

    projects/docs/src/app/pages/components/component-doc/component-doc-page.component.ts:685:4:
      685 │     TimelineComponent,
          ╵     ~~~~~~~~~~~~~~~~~


✘ [ERROR] NG1010: 'imports' must be an array of components, directives, pipes, or NgModules.
  Value could not be determined statically. [plugin angular-compiler]

    projects/docs/src/app/pages/components/component-doc/component-doc-page.component.ts:686:4:
      686 │     ToolbarComponent,
          ╵     ~~~~~~~~~~~~~~~~

  Unknown reference.

    projects/docs/src/app/pages/components/component-doc/component-doc-page.component.ts:686:4:
      686 │     ToolbarComponent,
          ╵     ~~~~~~~~~~~~~~~~


✘ [ERROR] NG1010: 'imports' must be an array of components, directives, pipes, or NgModules.
  Value could not be determined statically. [plugin angular-compiler]

    projects/docs/src/app/pages/components/component-doc/component-doc-page.component.ts:687:4:
      687 │     ToolbarItemDirective,
          ╵     ~~~~~~~~~~~~~~~~~~~~

  Unknown reference.

    projects/docs/src/app/pages/components/component-doc/component-doc-page.component.ts:687:4:
      687 │     ToolbarItemDirective,
          ╵     ~~~~~~~~~~~~~~~~~~~~


✘ [ERROR] NG1010: 'imports' must be an array of components, directives, pipes, or NgModules.
  Value could not be determined statically. [plugin angular-compiler]

    projects/docs/src/app/pages/components/component-doc/component-doc-page.component.ts:688:4:
      688 │     TreeViewComponent,
          ╵     ~~~~~~~~~~~~~~~~~

  Unknown reference.

    projects/docs/src/app/pages/components/component-doc/component-doc-page.component.ts:688:4:
      688 │     TreeViewComponent,
          ╵     ~~~~~~~~~~~~~~~~~


✘ [ERROR] NG1010: 'imports' must be an array of components, directives, pipes, or NgModules.
  Value could not be determined statically. [plugin angular-compiler]

    projects/docs/src/app/pages/components/component-doc/component-doc-page.component.ts:689:4:
      689 │     AspectRatioComponent,
          ╵     ~~~~~~~~~~~~~~~~~~~~

  Unknown reference.

    projects/docs/src/app/pages/components/component-doc/component-doc-page.component.ts:689:4:
      689 │     AspectRatioComponent,
          ╵     ~~~~~~~~~~~~~~~~~~~~


✘ [ERROR] NG1010: 'imports' must be an array of components, directives, pipes, or NgModules.
  Value could not be determined statically. [plugin angular-compiler]

    projects/docs/src/app/pages/components/component-doc/component-doc-page.component.ts:690:4:
      690 │     BoxComponent,
          ╵     ~~~~~~~~~~~~

  Unknown reference.

    projects/docs/src/app/pages/components/component-doc/component-doc-page.component.ts:690:4:
      690 │     BoxComponent,
          ╵     ~~~~~~~~~~~~


✘ [ERROR] NG1010: 'imports' must be an array of components, directives, pipes, or NgModules.
  Value could not be determined statically. [plugin angular-compiler]

    projects/docs/src/app/pages/components/component-doc/component-doc-page.component.ts:691:4:
      691 │     ButtonGroupComponent,
          ╵     ~~~~~~~~~~~~~~~~~~~~

  Unknown reference.

    projects/docs/src/app/pages/components/component-doc/component-doc-page.component.ts:691:4:
      691 │     ButtonGroupComponent,
          ╵     ~~~~~~~~~~~~~~~~~~~~


✘ [ERROR] NG1010: 'imports' must be an array of components, directives, pipes, or NgModules.
  Value could not be determined statically. [plugin angular-compiler]

    projects/docs/src/app/pages/components/component-doc/component-doc-page.component.ts:692:4:
      692 │     CalendarComponent,
          ╵     ~~~~~~~~~~~~~~~~~

  Unknown reference.

    projects/docs/src/app/pages/components/component-doc/component-doc-page.component.ts:692:4:
      692 │     CalendarComponent,
          ╵     ~~~~~~~~~~~~~~~~~


✘ [ERROR] NG1010: 'imports' must be an array of components, directives, pipes, or NgModules.
  Value could not be determined statically. [plugin angular-compiler]

    projects/docs/src/app/pages/components/component-doc/component-doc-page.component.ts:693:4:
      693 │     CloseButtonComponent,
          ╵     ~~~~~~~~~~~~~~~~~~~~

  Unknown reference.

    projects/docs/src/app/pages/components/component-doc/component-doc-page.component.ts:693:4:
      693 │     CloseButtonComponent,
          ╵     ~~~~~~~~~~~~~~~~~~~~


✘ [ERROR] NG1010: 'imports' must be an array of components, directives, pipes, or NgModules.
  Value could not be determined statically. [plugin angular-compiler]

    projects/docs/src/app/pages/components/component-doc/component-doc-page.component.ts:694:4:
      694 │     CodeComponent,
          ╵     ~~~~~~~~~~~~~

  Unknown reference.

    projects/docs/src/app/pages/components/component-doc/component-doc-page.component.ts:694:4:
      694 │     CodeComponent,
          ╵     ~~~~~~~~~~~~~


✘ [ERROR] NG1010: 'imports' must be an array of components, directives, pipes, or NgModules.
  Value could not be determined statically. [plugin angular-compiler]

    projects/docs/src/app/pages/components/component-doc/component-doc-page.component.ts:695:4:
      695 │     ComboboxComponent,
          ╵     ~~~~~~~~~~~~~~~~~

  Unknown reference.

    projects/docs/src/app/pages/components/component-doc/component-doc-page.component.ts:695:4:
      695 │     ComboboxComponent,
          ╵     ~~~~~~~~~~~~~~~~~


✘ [ERROR] NG1010: 'imports' must be an array of components, directives, pipes, or NgModules.
  Value could not be determined statically. [plugin angular-compiler]

    projects/docs/src/app/pages/components/component-doc/component-doc-page.component.ts:696:4:
      696 │     ContainerComponent,
          ╵     ~~~~~~~~~~~~~~~~~~

  Unknown reference.

    projects/docs/src/app/pages/components/component-doc/component-doc-page.component.ts:696:4:
      696 │     ContainerComponent,
          ╵     ~~~~~~~~~~~~~~~~~~


✘ [ERROR] NG1010: 'imports' must be an array of components, directives, pipes, or NgModules.
  Value could not be determined statically. [plugin angular-compiler]

    projects/docs/src/app/pages/components/component-doc/component-doc-page.component.ts:697:4:
      697 │     ContextMenuComponent,
          ╵     ~~~~~~~~~~~~~~~~~~~~

  Unknown reference.

    projects/docs/src/app/pages/components/component-doc/component-doc-page.component.ts:697:4:
      697 │     ContextMenuComponent,
          ╵     ~~~~~~~~~~~~~~~~~~~~


✘ [ERROR] NG1010: 'imports' must be an array of components, directives, pipes, or NgModules.
  Value could not be determined statically. [plugin angular-compiler]

    projects/docs/src/app/pages/components/component-doc/component-doc-page.component.ts:698:4:
      698 │     DataTableComponent,
          ╵     ~~~~~~~~~~~~~~~~~~

  Unknown reference.

    projects/docs/src/app/pages/components/component-doc/component-doc-page.component.ts:698:4:
      698 │     DataTableComponent,
          ╵     ~~~~~~~~~~~~~~~~~~


✘ [ERROR] NG1010: 'imports' must be an array of components, directives, pipes, or NgModules.
  Value could not be determined statically. [plugin angular-compiler]

    projects/docs/src/app/pages/components/component-doc/component-doc-page.component.ts:699:4:
      699 │     DateInputComponent,
          ╵     ~~~~~~~~~~~~~~~~~~

  Unknown reference.

    projects/docs/src/app/pages/components/component-doc/component-doc-page.component.ts:699:4:
      699 │     DateInputComponent,
          ╵     ~~~~~~~~~~~~~~~~~~


✘ [ERROR] NG1010: 'imports' must be an array of components, directives, pipes, or NgModules.
  Value could not be determined statically. [plugin angular-compiler]

    projects/docs/src/app/pages/components/component-doc/component-doc-page.component.ts:700:4:
      700 │     EmptyStateComponent,
          ╵     ~~~~~~~~~~~~~~~~~~~

  Unknown reference.

    projects/docs/src/app/pages/components/component-doc/component-doc-page.component.ts:700:4:
      700 │     EmptyStateComponent,
          ╵     ~~~~~~~~~~~~~~~~~~~


✘ [ERROR] NG1010: 'imports' must be an array of components, directives, pipes, or NgModules.
  Value could not be determined statically. [plugin angular-compiler]

    projects/docs/src/app/pages/components/component-doc/component-doc-page.component.ts:701:4:
      701 │     FlexComponent,
          ╵     ~~~~~~~~~~~~~

  Unknown reference.

    projects/docs/src/app/pages/components/component-doc/component-doc-page.component.ts:701:4:
      701 │     FlexComponent,
          ╵     ~~~~~~~~~~~~~


✘ [ERROR] NG1010: 'imports' must be an array of components, directives, pipes, or NgModules.
  Value could not be determined statically. [plugin angular-compiler]

    projects/docs/src/app/pages/components/component-doc/component-doc-page.component.ts:702:4:
      702 │     FloatingActionButtonComponent,
          ╵     ~~~~~~~~~~~~~~~~~~~~~~~~~~~~~

  Unknown reference.

    projects/docs/src/app/pages/components/component-doc/component-doc-page.component.ts:702:4:
      702 │     FloatingActionButtonComponent,
          ╵     ~~~~~~~~~~~~~~~~~~~~~~~~~~~~~


✘ [ERROR] NG1010: 'imports' must be an array of components, directives, pipes, or NgModules.
  Value could not be determined statically. [plugin angular-compiler]

    projects/docs/src/app/pages/components/component-doc/component-doc-page.component.ts:703:4:
      703 │     GridComponent,
          ╵     ~~~~~~~~~~~~~

  Unknown reference.

    projects/docs/src/app/pages/components/component-doc/component-doc-page.component.ts:703:4:
      703 │     GridComponent,
          ╵     ~~~~~~~~~~~~~


✘ [ERROR] NG1010: 'imports' must be an array of components, directives, pipes, or NgModules.
  Value could not be determined statically. [plugin angular-compiler]

    projects/docs/src/app/pages/components/component-doc/component-doc-page.component.ts:704:4:
      704 │     HoverCardComponent,
          ╵     ~~~~~~~~~~~~~~~~~~

  Unknown reference.

    projects/docs/src/app/pages/components/component-doc/component-doc-page.component.ts:704:4:
      704 │     HoverCardComponent,
          ╵     ~~~~~~~~~~~~~~~~~~


✘ [ERROR] NG1010: 'imports' must be an array of components, directives, pipes, or NgModules.
  Value could not be determined statically. [plugin angular-compiler]

    projects/docs/src/app/pages/components/component-doc/component-doc-page.component.ts:705:4:
      705 │     InputGroupComponent,
          ╵     ~~~~~~~~~~~~~~~~~~~

  Unknown reference.

    projects/docs/src/app/pages/components/component-doc/component-doc-page.component.ts:705:4:
      705 │     InputGroupComponent,
          ╵     ~~~~~~~~~~~~~~~~~~~


✘ [ERROR] NG1010: 'imports' must be an array of components, directives, pipes, or NgModules.
  Value could not be determined statically. [plugin angular-compiler]

    projects/docs/src/app/pages/components/component-doc/component-doc-page.component.ts:706:4:
      706 │     KbdComponent,
          ╵     ~~~~~~~~~~~~

  Unknown reference.

    projects/docs/src/app/pages/components/component-doc/component-doc-page.component.ts:706:4:
      706 │     KbdComponent,
          ╵     ~~~~~~~~~~~~


✘ [ERROR] NG1010: 'imports' must be an array of components, directives, pipes, or NgModules.
  Value could not be determined statically. [plugin angular-compiler]

    projects/docs/src/app/pages/components/component-doc/component-doc-page.component.ts:707:4:
      707 │     LinkComponent,
          ╵     ~~~~~~~~~~~~~

  Unknown reference.

    projects/docs/src/app/pages/components/component-doc/component-doc-page.component.ts:707:4:
      707 │     LinkComponent,
          ╵     ~~~~~~~~~~~~~


✘ [ERROR] NG1010: 'imports' must be an array of components, directives, pipes, or NgModules.
  Value could not be determined statically. [plugin angular-compiler]

    projects/docs/src/app/pages/components/component-doc/component-doc-page.component.ts:708:4:
      708 │     ListboxComponent,
          ╵     ~~~~~~~~~~~~~~~~

  Unknown reference.

    projects/docs/src/app/pages/components/component-doc/component-doc-page.component.ts:708:4:
      708 │     ListboxComponent,
          ╵     ~~~~~~~~~~~~~~~~


✘ [ERROR] NG1010: 'imports' must be an array of components, directives, pipes, or NgModules.
  Value could not be determined statically. [plugin angular-compiler]

    projects/docs/src/app/pages/components/component-doc/component-doc-page.component.ts:709:4:
      709 │     MenubarComponent,
          ╵     ~~~~~~~~~~~~~~~~

  Unknown reference.

    projects/docs/src/app/pages/components/component-doc/component-doc-page.component.ts:709:4:
      709 │     MenubarComponent,
          ╵     ~~~~~~~~~~~~~~~~


✘ [ERROR] NG1010: 'imports' must be an array of components, directives, pipes, or NgModules.
  Value could not be determined statically. [plugin angular-compiler]

    projects/docs/src/app/pages/components/component-doc/component-doc-page.component.ts:710:4:
      710 │     MultiSelectComponent,
          ╵     ~~~~~~~~~~~~~~~~~~~~

  Unknown reference.

    projects/docs/src/app/pages/components/component-doc/component-doc-page.component.ts:710:4:
      710 │     MultiSelectComponent,
          ╵     ~~~~~~~~~~~~~~~~~~~~


✘ [ERROR] NG1010: 'imports' must be an array of components, directives, pipes, or NgModules.
  Value could not be determined statically. [plugin angular-compiler]

    projects/docs/src/app/pages/components/component-doc/component-doc-page.component.ts:711:4:
      711 │     PortalComponent,
          ╵     ~~~~~~~~~~~~~~~

  Unknown reference.

    projects/docs/src/app/pages/components/component-doc/component-doc-page.component.ts:711:4:
      711 │     PortalComponent,
          ╵     ~~~~~~~~~~~~~~~


✘ [ERROR] NG1010: 'imports' must be an array of components, directives, pipes, or NgModules.
  Value could not be determined statically. [plugin angular-compiler]

    projects/docs/src/app/pages/components/component-doc/component-doc-page.component.ts:712:4:
      712 │     SegmentedControlComponent,
          ╵     ~~~~~~~~~~~~~~~~~~~~~~~~~

  Unknown reference.

    projects/docs/src/app/pages/components/component-doc/component-doc-page.component.ts:712:4:
      712 │     SegmentedControlComponent,
          ╵     ~~~~~~~~~~~~~~~~~~~~~~~~~


✘ [ERROR] NG1010: 'imports' must be an array of components, directives, pipes, or NgModules.
  Value could not be determined statically. [plugin angular-compiler]

    projects/docs/src/app/pages/components/component-doc/component-doc-page.component.ts:713:4:
      713 │     SeparatorComponent,
          ╵     ~~~~~~~~~~~~~~~~~~

  Unknown reference.

    projects/docs/src/app/pages/components/component-doc/component-doc-page.component.ts:713:4:
      713 │     SeparatorComponent,
          ╵     ~~~~~~~~~~~~~~~~~~


✘ [ERROR] NG1010: 'imports' must be an array of components, directives, pipes, or NgModules.
  Value could not be determined statically. [plugin angular-compiler]

    projects/docs/src/app/pages/components/component-doc/component-doc-page.component.ts:714:4:
      714 │     SpaceComponent,
          ╵     ~~~~~~~~~~~~~~

  Unknown reference.

    projects/docs/src/app/pages/components/component-doc/component-doc-page.component.ts:714:4:
      714 │     SpaceComponent,
          ╵     ~~~~~~~~~~~~~~


✘ [ERROR] NG1010: 'imports' must be an array of components, directives, pipes, or NgModules.
  Value could not be determined statically. [plugin angular-compiler]

    projects/docs/src/app/pages/components/component-doc/component-doc-page.component.ts:715:4:
      715 │     SpeedDialComponent,
          ╵     ~~~~~~~~~~~~~~~~~~

  Unknown reference.

    projects/docs/src/app/pages/components/component-doc/component-doc-page.component.ts:715:4:
      715 │     SpeedDialComponent,
          ╵     ~~~~~~~~~~~~~~~~~~


✘ [ERROR] NG1010: 'imports' must be an array of components, directives, pipes, or NgModules.
  Value could not be determined statically. [plugin angular-compiler]

    projects/docs/src/app/pages/components/component-doc/component-doc-page.component.ts:716:4:
      716 │     SplitterComponent,
          ╵     ~~~~~~~~~~~~~~~~~

  Unknown reference.

    projects/docs/src/app/pages/components/component-doc/component-doc-page.component.ts:716:4:
      716 │     SplitterComponent,
          ╵     ~~~~~~~~~~~~~~~~~


✘ [ERROR] NG1010: 'imports' must be an array of components, directives, pipes, or NgModules.
  Value could not be determined statically. [plugin angular-compiler]

    projects/docs/src/app/pages/components/component-doc/component-doc-page.component.ts:717:4:
      717 │     StackComponent,
          ╵     ~~~~~~~~~~~~~~

  Unknown reference.

    projects/docs/src/app/pages/components/component-doc/component-doc-page.component.ts:717:4:
      717 │     StackComponent,
          ╵     ~~~~~~~~~~~~~~


✘ [ERROR] NG1010: 'imports' must be an array of components, directives, pipes, or NgModules.
  Value could not be determined statically. [plugin angular-compiler]

    projects/docs/src/app/pages/components/component-doc/component-doc-page.component.ts:718:4:
      718 │     TagComponent,
          ╵     ~~~~~~~~~~~~

  Unknown reference.

    projects/docs/src/app/pages/components/component-doc/component-doc-page.component.ts:718:4:
      718 │     TagComponent,
          ╵     ~~~~~~~~~~~~


✘ [ERROR] NG1010: 'imports' must be an array of components, directives, pipes, or NgModules.
  Value could not be determined statically. [plugin angular-compiler]

    projects/docs/src/app/pages/components/component-doc/component-doc-page.component.ts:719:4:
      719 │     TagsInputComponent,
          ╵     ~~~~~~~~~~~~~~~~~~

  Unknown reference.

    projects/docs/src/app/pages/components/component-doc/component-doc-page.component.ts:719:4:
      719 │     TagsInputComponent,
          ╵     ~~~~~~~~~~~~~~~~~~


✘ [ERROR] NG1010: 'imports' must be an array of components, directives, pipes, or NgModules.
  Value could not be determined statically. [plugin angular-compiler]

    projects/docs/src/app/pages/components/component-doc/component-doc-page.component.ts:720:4:
      720 │     TextComponent,
          ╵     ~~~~~~~~~~~~~

  Unknown reference.

    projects/docs/src/app/pages/components/component-doc/component-doc-page.component.ts:720:4:
      720 │     TextComponent,
          ╵     ~~~~~~~~~~~~~


✘ [ERROR] NG1010: 'imports' must be an array of components, directives, pipes, or NgModules.
  Value could not be determined statically. [plugin angular-compiler]

    projects/docs/src/app/pages/components/component-doc/component-doc-page.component.ts:721:4:
      721 │     TreeSelectComponent,
          ╵     ~~~~~~~~~~~~~~~~~~~

  Unknown reference.

    projects/docs/src/app/pages/components/component-doc/component-doc-page.component.ts:721:4:
      721 │     TreeSelectComponent,
          ╵     ~~~~~~~~~~~~~~~~~~~


✘ [ERROR] NG1010: 'imports' must be an array of components, directives, pipes, or NgModules.
  Value could not be determined statically. [plugin angular-compiler]

    projects/docs/src/app/pages/components/component-doc/component-doc-page.component.ts:722:4:
      722 │     TypographyComponent,
          ╵     ~~~~~~~~~~~~~~~~~~~

  Unknown reference.

    projects/docs/src/app/pages/components/component-doc/component-doc-page.component.ts:722:4:
      722 │     TypographyComponent,
          ╵     ~~~~~~~~~~~~~~~~~~~


✘ [ERROR] NG1010: 'imports' must be an array of components, directives, pipes, or NgModules.
  Value could not be determined statically. [plugin angular-compiler]

    projects/docs/src/app/pages/components/component-doc/component-doc-page.component.ts:723:4:
      723 │     VirtualScrollerComponent,
          ╵     ~~~~~~~~~~~~~~~~~~~~~~~~

  Unknown reference.

    projects/docs/src/app/pages/components/component-doc/component-doc-page.component.ts:723:4:
      723 │     VirtualScrollerComponent,
          ╵     ~~~~~~~~~~~~~~~~~~~~~~~~


✘ [ERROR] NG1010: 'imports' must be an array of components, directives, pipes, or NgModules.
  Value could not be determined statically. [plugin angular-compiler]

    projects/docs/src/app/pages/components/component-doc/component-doc-page.component.ts:724:4:
      724 │     VisuallyHiddenComponent,
          ╵     ~~~~~~~~~~~~~~~~~~~~~~~

  Unknown reference.

    projects/docs/src/app/pages/components/component-doc/component-doc-page.component.ts:724:4:
      724 │     VisuallyHiddenComponent,
          ╵     ~~~~~~~~~~~~~~~~~~~~~~~


✘ [ERROR] TS7006: Parameter 'entry' implicitly has an 'any' type. [plugin angular-compiler]

    projects/docs/src/app/pages/components/component-doc/component-doc-page.component.ts:761:15:
      761 │       .filter((entry) => !query || entry.name.includes(query) || ...
          ╵                ~~~~~


✘ [ERROR] TS7006: Parameter 'tag' implicitly has an 'any' type. [plugin angular-compiler]

    projects/docs/src/app/pages/components/component-doc/component-doc-page.component.ts:761:90:
      761 │ ...) || (entry.tags ?? []).some((tag) => tag.toLowerCase().includ...
          ╵                                  ~~~


✘ [ERROR] Could not resolve "@ciag/orchestra/p2"

    projects/docs/src/app/pages/components/galleria/galleria-page.component.ts:3:34:
      3 │ import { GalleriaComponent } from '@ciag/orchestra/p2';
        ╵                                   ~~~~~~~~~~~~~~~~~~~~

  You can mark the path "@ciag/orchestra/p2" as external to exclude it from the bundle, which will remove this error and leave the unresolved path in the bundle.


✘ [ERROR] TS2307: Cannot find module '@ciag/orchestra/p2' or its corresponding type declarations. [plugin angular-compiler]

    projects/docs/src/app/pages/components/galleria/galleria-page.component.ts:3:34:
      3 │ import { GalleriaComponent } from '@ciag/orchestra/p2';
        ╵                                   ~~~~~~~~~~~~~~~~~~~~


✘ [ERROR] TS2307: Cannot find module '@ciag/orchestra/p2' or its corresponding type declarations. [plugin angular-compiler]

    projects/docs/src/app/pages/components/galleria/galleria-page.component.ts:4:34:
      4 │ import type { GalleryImage } from '@ciag/orchestra/p2';
        ╵                                   ~~~~~~~~~~~~~~~~~~~~


✘ [ERROR] NG1010: 'imports' must be an array of components, directives, pipes, or NgModules.
  Value could not be determined statically. [plugin angular-compiler]

    projects/docs/src/app/pages/components/galleria/galleria-page.component.ts:13:26:
      13 │   imports: [RouterModule, GalleriaComponent, FooterComponent],
         ╵                           ~~~~~~~~~~~~~~~~~

  Unknown reference.

    projects/docs/src/app/pages/components/galleria/galleria-page.component.ts:13:26:
      13 │   imports: [RouterModule, GalleriaComponent, FooterComponent],
         ╵                           ~~~~~~~~~~~~~~~~~


✘ [ERROR] Could not resolve "@ciag/orchestra/p2"

    projects/docs/src/app/pages/components/order-list/order-list-page.component.ts:3:35:
      3 │ import { OrderListComponent } from '@ciag/orchestra/p2';
        ╵                                    ~~~~~~~~~~~~~~~~~~~~

  You can mark the path "@ciag/orchestra/p2" as external to exclude it from the bundle, which will remove this error and leave the unresolved path in the bundle.


✘ [ERROR] TS2307: Cannot find module '@ciag/orchestra/p2' or its corresponding type declarations. [plugin angular-compiler]

    projects/docs/src/app/pages/components/order-list/order-list-page.component.ts:3:35:
      3 │ import { OrderListComponent } from '@ciag/orchestra/p2';
        ╵                                    ~~~~~~~~~~~~~~~~~~~~


✘ [ERROR] TS2307: Cannot find module '@ciag/orchestra/p2' or its corresponding type declarations. [plugin angular-compiler]

    projects/docs/src/app/pages/components/order-list/order-list-page.component.ts:4:30:
      4 │ import type { P2Option } from '@ciag/orchestra/p2';
        ╵                               ~~~~~~~~~~~~~~~~~~~~


✘ [ERROR] NG1010: 'imports' must be an array of components, directives, pipes, or NgModules.
  Value could not be determined statically. [plugin angular-compiler]

    projects/docs/src/app/pages/components/order-list/order-list-page.component.ts:12:26:
      12 │   imports: [RouterModule, OrderListComponent, FooterComponent],
         ╵                           ~~~~~~~~~~~~~~~~~~

  Unknown reference.

    projects/docs/src/app/pages/components/order-list/order-list-page.component.ts:12:26:
      12 │   imports: [RouterModule, OrderListComponent, FooterComponent],
         ╵                           ~~~~~~~~~~~~~~~~~~


✘ [ERROR] Could not resolve "@ciag/orchestra/p2"

    projects/docs/src/app/pages/components/pick-list/pick-list-page.component.ts:3:34:
      3 │ import { PickListComponent } from '@ciag/orchestra/p2';
        ╵                                   ~~~~~~~~~~~~~~~~~~~~

  You can mark the path "@ciag/orchestra/p2" as external to exclude it from the bundle, which will remove this error and leave the unresolved path in the bundle.


✘ [ERROR] TS2307: Cannot find module '@ciag/orchestra/p2' or its corresponding type declarations. [plugin angular-compiler]

    projects/docs/src/app/pages/components/pick-list/pick-list-page.component.ts:3:34:
      3 │ import { PickListComponent } from '@ciag/orchestra/p2';
        ╵                                   ~~~~~~~~~~~~~~~~~~~~


✘ [ERROR] TS2307: Cannot find module '@ciag/orchestra/p2' or its corresponding type declarations. [plugin angular-compiler]

    projects/docs/src/app/pages/components/pick-list/pick-list-page.component.ts:4:30:
      4 │ import type { P2Option } from '@ciag/orchestra/p2';
        ╵                               ~~~~~~~~~~~~~~~~~~~~


✘ [ERROR] NG1010: 'imports' must be an array of components, directives, pipes, or NgModules.
  Value could not be determined statically. [plugin angular-compiler]

    projects/docs/src/app/pages/components/pick-list/pick-list-page.component.ts:17:26:
      17 │   imports: [RouterModule, PickListComponent, FooterComponent],
         ╵                           ~~~~~~~~~~~~~~~~~

  Unknown reference.

    projects/docs/src/app/pages/components/pick-list/pick-list-page.component.ts:17:26:
      17 │   imports: [RouterModule, PickListComponent, FooterComponent],
         ╵                           ~~~~~~~~~~~~~~~~~


✘ [ERROR] Could not resolve "@ciag/orchestra/chip"

    projects/docs/src/app/pages/docs/docs.component.ts:8:30:
      8 │ import { ChipComponent } from '@ciag/orchestra/chip';
        ╵                               ~~~~~~~~~~~~~~~~~~~~~~

  You can mark the path "@ciag/orchestra/chip" as external to exclude it from the bundle, which will remove this error and leave the unresolved path in the bundle.


✘ [ERROR] Could not resolve "@ciag/orchestra/divider"

    projects/docs/src/app/pages/docs/docs.component.ts:9:33:
      9 │ import { DividerComponent } from '@ciag/orchestra/divider';
        ╵                                  ~~~~~~~~~~~~~~~~~~~~~~~~~

  You can mark the path "@ciag/orchestra/divider" as external to exclude it from the bundle, which will remove this error and leave the unresolved path in the bundle.


✘ [ERROR] TS2307: Cannot find module '@ciag/orchestra/chip' or its corresponding type declarations. [plugin angular-compiler]

    projects/docs/src/app/pages/docs/docs.component.ts:16:30:
      16 │ import { ChipComponent } from '@ciag/orchestra/chip';
         ╵                               ~~~~~~~~~~~~~~~~~~~~~~


✘ [ERROR] TS2307: Cannot find module '@ciag/orchestra/divider' or its corresponding type declarations. [plugin angular-compiler]

    projects/docs/src/app/pages/docs/docs.component.ts:17:33:
      17 │ import { DividerComponent } from '@ciag/orchestra/divider';
         ╵                                  ~~~~~~~~~~~~~~~~~~~~~~~~~


✘ [ERROR] NG1010: 'imports' must be an array of components, directives, pipes, or NgModules.
  Value could not be determined statically. [plugin angular-compiler]

    projects/docs/src/app/pages/docs/docs.component.ts:72:4:
      72 │     ChipComponent,
         ╵     ~~~~~~~~~~~~~

  Unknown reference.

    projects/docs/src/app/pages/docs/docs.component.ts:72:4:
      72 │     ChipComponent,
         ╵     ~~~~~~~~~~~~~


✘ [ERROR] NG1010: 'imports' must be an array of components, directives, pipes, or NgModules.
  Value could not be determined statically. [plugin angular-compiler]

    projects/docs/src/app/pages/docs/docs.component.ts:73:4:
      73 │     DividerComponent,
         ╵     ~~~~~~~~~~~~~~~~

  Unknown reference.

    projects/docs/src/app/pages/docs/docs.component.ts:73:4:
      73 │     DividerComponent,
         ╵     ~~~~~~~~~~~~~~~~


✘ [ERROR] Could not resolve "@ciag/orchestra/kbd"

    projects/docs/src/app/pages/home/home.component.ts:5:29:
      5 │ import { KbdComponent } from '@ciag/orchestra/kbd';
        ╵                              ~~~~~~~~~~~~~~~~~~~~~

  You can mark the path "@ciag/orchestra/kbd" as external to exclude it from the bundle, which will remove this error and leave the unresolved path in the bundle.


✘ [ERROR] TS2307: Cannot find module '@ciag/orchestra/kbd' or its corresponding type declarations. [plugin angular-compiler]

    projects/docs/src/app/pages/home/home.component.ts:14:29:
      14 │ import { KbdComponent } from '@ciag/orchestra/kbd';
         ╵                              ~~~~~~~~~~~~~~~~~~~~~


✘ [ERROR] NG1010: 'imports' must be an array of components, directives, pipes, or NgModules.
  Value could not be determined statically. [plugin angular-compiler]

    projects/docs/src/app/pages/home/home.component.ts:22:76:
      22 │ ..., FooterComponent, BadgeComponent, ButtonComponent, KbdComponent],
         ╵                                                        ~~~~~~~~~~~~

  Unknown reference.

    projects/docs/src/app/pages/home/home.component.ts:22:76:
      22 │ ..., FooterComponent, BadgeComponent, ButtonComponent, KbdComponent],
         ╵                                                        ~~~~~~~~~~~~


✘ [ERROR] Can't find stylesheet to import.
  ╷
1 │ @use '@ciag/orchestra/styles/index';
  │ ^^^^^^^^^^^^^^^^^^^^^^^^^^^^^^^^^^^
  ╵
  projects/docs/src/styles.scss 1:1  root stylesheet [plugin angular-sass]

    angular:styles/global:styles:1:8:
      1 │ @import 'projects/docs/src/styles.scss';
        ╵         ~~~~~~~~~~~~~~~~~~~~~~~~~~~~~~~


