❯ Building...
✔ Building...
Initial chunk files   | Names                    |  Raw size | Estimated transfer size
main-GJS5FP47.js      | main                     | 341.22 kB |                90.43 kB
polyfills-RV3JTMEC.js | polyfills                |  35.78 kB |                11.63 kB
styles-LGULNILN.css   | styles                   |  13.67 kB |                 2.06 kB

                      | Initial total            | 390.67 kB |               104.12 kB

Lazy chunk files      | Names                    |  Raw size | Estimated transfer size
chunk-BzS4UM27.js     | crud-page-component      | 131.77 kB |                26.52 kB
chunk-B7lvll4R.js     | -                        |  93.73 kB |                22.64 kB
chunk-BW0jkzyX.js     | settings-page-component  |  92.92 kB |                19.14 kB
chunk-DAMeSkYc.js     | -                        |  66.70 kB |                15.71 kB
chunk-D6vzUMuk.js     | dashboard-page-component |  47.69 kB |                10.95 kB
chunk-B-E5orc9.js     | -                        |  31.94 kB |                 7.65 kB
chunk-Axs3Jsqk.js     | -                        |  30.32 kB |                 5.51 kB
chunk-DldxgkTN.js     | main-layout-component    |  29.01 kB |                 6.05 kB
chunk-YJhu0NSy.js     | login-page-component     |  19.88 kB |                 4.91 kB
chunk-BFEUMIsw.js     | -                        |  17.23 kB |                 3.86 kB
chunk-DFTn-BsB.js     | -                        |  12.80 kB |                 2.93 kB
chunk-D_PmX6ni.js     | -                        |  12.73 kB |                 2.93 kB
chunk-DTknaW6r.js     | -                        |  11.47 kB |                 3.05 kB

Application bundle generation complete. [1.805 seconds] - 2026-09-23T01:37:52.475Z

Output location: /Users/matheuscastro/Workspaces/orc_ds/dist/template

