❯ Building...
✔ Building...
Initial chunk files   | Names                        |  Raw size | Estimated transfer size
main-55FLNOEG.js      | main                         | 392.60 kB |               116.92 kB
polyfills-RV3JTMEC.js | polyfills                    |  35.78 kB |                11.63 kB
styles-45GNDGXW.css   | styles                       |  12.74 kB |                 1.80 kB

                      | Initial total                | 441.12 kB |               130.36 kB

Lazy chunk files      | Names                        |  Raw size | Estimated transfer size
chunk-6BNHB7yt.js     | component-doc-page-component |   2.13 MB |               375.27 kB
chunk-wHT08rq5.js     | -                            | 350.60 kB |                37.93 kB
chunk-16gt7IKH.js     | table-page-component         |  69.38 kB |                16.15 kB
chunk-CpEAE4cC.js     | progress-page-component      |  62.35 kB |                12.08 kB
chunk-CrxgkNqP.js     | docs-component               |  60.69 kB |                11.60 kB
chunk-CiVf7LVk.js     | -                            |  53.31 kB |                13.85 kB
chunk-DMxMiGGK.js     | slider-page-component        |  51.55 kB |                11.67 kB
chunk-BNnZnFPH2.js    | toast-page-component         |  51.31 kB |                11.01 kB
chunk-BVcvMkK72.js    | select-page-component        |  49.42 kB |                11.38 kB
chunk-LP9L2vSv.js     | -                            |  47.48 kB |                10.13 kB
chunk-DMxRxPGZ.js     | -                            |  46.07 kB |                11.15 kB
chunk-DVRU3e7t2.js    | tabs-page-component          |  44.42 kB |                 9.72 kB
chunk-B3ZoYS1w.js     | input-page-component         |  41.12 kB |                 9.15 kB
chunk-BMJ54L7B.js     | switch-page-component        |  40.13 kB |                 8.60 kB
chunk-CE90ZWW92.js    | home-component               |  37.16 kB |                 9.05 kB
...and 37 more lazy chunks files. Use "--verbose" to show all the files.

Application bundle generation complete. [4.762 seconds] - 2026-09-23T01:47:34.220Z

Output location: /Users/matheuscastro/Workspaces/orc_ds/dist/docs

