
added 18 packages in 1s
file:///private/var/folders/qm/kzy8my_n3q70rt4bnf_8d1dw0000gn/T/orchestra-ssr-66dCc1/consumer/node_modules/@ciag/orchestra/fesm2022/ciag-orchestra-slider.mjs:442
        window.removeEventListener('pointermove', this.onGlobalPointerMove);
        ^

ReferenceError: window is not defined
    at SliderComponent.ngOnDestroy (file:///private/var/folders/qm/kzy8my_n3q70rt4bnf_8d1dw0000gn/T/orchestra-ssr-66dCc1/consumer/node_modules/@ciag/orchestra/fesm2022/ciag-orchestra-slider.mjs:442:9)
    at executeOnDestroys (file:///private/var/folders/qm/kzy8my_n3q70rt4bnf_8d1dw0000gn/T/orchestra-ssr-66dCc1/consumer/node_modules/@angular/core/fesm2022/_debug_node-chunk.mjs:4875:20)
    at cleanUpView (file:///private/var/folders/qm/kzy8my_n3q70rt4bnf_8d1dw0000gn/T/orchestra-ssr-66dCc1/consumer/node_modules/@angular/core/fesm2022/_debug_node-chunk.mjs:4792:5)
    at destroyViewTree (file:///private/var/folders/qm/kzy8my_n3q70rt4bnf_8d1dw0000gn/T/orchestra-ssr-66dCc1/consumer/node_modules/@angular/core/fesm2022/_debug_node-chunk.mjs:4753:11)
    at destroyLView (file:///private/var/folders/qm/kzy8my_n3q70rt4bnf_8d1dw0000gn/T/orchestra-ssr-66dCc1/consumer/node_modules/@angular/core/fesm2022/_debug_node-chunk.mjs:4781:3)
    at ViewRef.destroy (file:///private/var/folders/qm/kzy8my_n3q70rt4bnf_8d1dw0000gn/T/orchestra-ssr-66dCc1/consumer/node_modules/@angular/core/fesm2022/_debug_node-chunk.mjs:6396:5)
    at file:///private/var/folders/qm/kzy8my_n3q70rt4bnf_8d1dw0000gn/T/orchestra-ssr-66dCc1/consumer/node_modules/@angular/core/fesm2022/_debug_node-chunk.mjs:12988:48
    at Array.forEach (<anonymous>)
    at ApplicationRef.ngOnDestroy (file:///private/var/folders/qm/kzy8my_n3q70rt4bnf_8d1dw0000gn/T/orchestra-ssr-66dCc1/consumer/node_modules/@angular/core/fesm2022/_debug_node-chunk.mjs:12988:27)
    at R3Injector.destroy (file:///private/var/folders/qm/kzy8my_n3q70rt4bnf_8d1dw0000gn/T/orchestra-ssr-66dCc1/consumer/node_modules/@angular/core/fesm2022/_pending_tasks-chunk.mjs:1132:17)

Node.js v24.16.0
SSR verification fixture retained at /var/folders/qm/kzy8my_n3q70rt4bnf_8d1dw0000gn/T/orchestra-ssr-66dCc1
file:///Users/matheuscastro/Workspaces/orc_ds/tools/quality/verify-ssr.mjs:296
    throw new Error(
          ^

Error: SSR verification found 1 failures and 0 diagnostics. See docs/quality/verification/verify-ssr-result.json.
    at file:///Users/matheuscastro/Workspaces/orc_ds/tools/quality/verify-ssr.mjs:296:11
    at ModuleJob.run (node:internal/modules/esm/module_job:439:25)
    at async node:internal/modules/esm/loader:633:26
    at async asyncRunEntryPointWithESMLoader (node:internal/modules/run_main:101:5)

Node.js v24.16.0
