
> orc-ds-workspace@0.0.0 build:docs
> ng build docs

❯ Building...
✔ Building...
Initial chunk files   | Names                          |  Raw size | Estimated transfer size
main-F36CKQXG.js      | main                           | 403.10 kB |               119.76 kB
polyfills-RV3JTMEC.js | polyfills                      |  35.78 kB |                11.63 kB
styles-45GNDGXW.css   | styles                         |  12.74 kB |                 1.80 kB

                      | Initial total                  | 451.62 kB |               133.20 kB

Lazy chunk files      | Names                          |  Raw size | Estimated transfer size
chunk-pha3zXs42.js    | icon-catalog-preview-component |   1.84 MB |               315.01 kB
chunk-CU5jdl6o.js     | -                              | 466.05 kB |                53.55 kB
chunk-DjPVc0Y22.js    | component-doc-page-component   | 360.20 kB |                73.66 kB
chunk-CIu7u65y.js     | table-page-component           |  69.60 kB |                16.30 kB
chunk-CFULVsH3.js     | progress-page-component        |  62.43 kB |                12.11 kB
chunk-BUyf_ype.js     | menu-family-preview-component  |  60.97 kB |                 9.76 kB
chunk-CaT0NMBn.js     | docs-component                 |  60.72 kB |                11.67 kB
chunk-DbjEo-wj.js     | -                              |  53.34 kB |                13.87 kB
chunk-BohVAGMe.js     | slider-page-component          |  51.58 kB |                11.71 kB
chunk-DcM5KwWa.js     | toast-page-component           |  51.31 kB |                10.98 kB
chunk-B-y-5vBq2.js    | select-page-component          |  51.23 kB |                11.82 kB
chunk-DxrpN48j.js     | -                              |  47.43 kB |                10.12 kB
chunk-Cbe6g9wb2.js    | -                              |  46.07 kB |                11.16 kB
chunk-ChGhjwd12.js    | tabs-page-component            |  44.43 kB |                 9.77 kB
chunk-cvvOgepz2.js    | input-page-component           |  41.14 kB |                 9.13 kB
...and 39 more lazy chunks files. Use "--verbose" to show all the files.

Application bundle generation complete. [5.782 seconds] - 2026-09-23T17:36:41.297Z

Output location: /Users/matheuscastro/Workspaces/orc_ds/dist/docs


GATE_EXIT_CODE=0
