{
  "qualityMarkdown": 99,
  "localMarkdownLinks": 735,
  "publicLlmsLocalLinks": 1,
  "sourceAnchors": 407,
  "p2SourceAnchors": 171,
  "ledgerRows": 147,
  "inventoryComponents": 147,
  "ledgerMissing": [],
  "ledgerExtra": [],
  "bad": [
    {
      "name": "ConfirmDialogComponent",
      "ledger": {
        "name": "ConfirmDialogComponent",
        "line": 495,
        "href": "../../projects/orc-ds/p2/p2-advanced-components.ts",
        "anchor": 495
      },
      "inventory": {
        "file": "projects/orc-ds/p2/p2-advanced-components.ts",
        "line": 504
      }
    },
    {
      "name": "ConfirmPopupComponent",
      "ledger": {
        "name": "ConfirmPopupComponent",
        "line": 44,
        "href": "../../projects/orc-ds/p2/p2-confirm-popup.ts",
        "anchor": 44
      },
      "inventory": {
        "file": "projects/orc-ds/p2/p2-confirm-popup.ts",
        "line": 51
      }
    }
  ],
  "unresolved": []
}

GATE_EXIT_CODE=1
